0001   0000             .include "lib/kernel.exp"
0001+  0000             TEXT_ORG         .EQU  $0400
0002+  0000             sys_bkpt         .EQU  $0000
0003+  0000             sys_rtc          .EQU  $0001
0004+  0000             sys_ide          .EQU  $0002
0005+  0000             sys_io           .EQU  $0003
0006+  0000             sys_filesystem   .EQU  $0004
0007+  0000             sys_spawn_proc   .EQU  $0005
0008+  0000             sys_list         .EQU  $0006
0009+  0000             sys_datetime     .EQU  $0007
0010+  0000             sys_reboot       .EQU  $0008
0011+  0000             sys_pause_proc   .EQU  $0009
0012+  0000             sys_resume_proc  .EQU  $000a
0013+  0000             sys_terminate_proc .EQU  $000b
0014+  0000             sys_system       .EQU  $000c
0002   0000             
0003   0400             .org TEXT_ORG			; origin at 1024
0004   0400             
0005   0400             cowsay:
0006   0400 07 B9 09    	call printnl
0007   0403 10 00 00    	mov a, 0
0008   0406 42 AB 06    	mov [prog], a			; move tokennizer pointer to the beginning of the arguments area (address 0)
0009   0409 07 81 04    	call get_arg			; read argument line
0010   040C 3B AF 06    	mov d, tokstr
0011   040F 07 0C 0A    	call _puts
0012   0412 07 B9 09    	call printnl
0013   0415 3B 1D 04    	mov d, cow
0014   0418 07 0C 0A    	call _puts
0015   041B 05 0B       	syscall sys_terminate_proc
0016   041D             
0017   041D 20 20 20 20 cow: .db "    \\  ^__^\n"
0017   0421 5C 20 20 5E 
0017   0425 5F 5F 5E 0A 
0018   0429 20 20 20 20      .db "     \\ (oo)\\_______\n"
0018   042D 20 5C 20 28 
0018   0431 6F 6F 29 5C 
0018   0435 5F 5F 5F 5F 
0018   0439 5F 5F 5F 0A 
0019   043D 20 20 20 20      .db "       (__)\\       )\\/\\\n"
0019   0441 20 20 20 28 
0019   0445 5F 5F 29 5C 
0019   0449 20 20 20 20 
0019   044D 20 20 20 29 
0019   0451 5C 2F 5C 0A 
0020   0455 20 20 20 20      .db "           ||----w |\n"
0020   0459 20 20 20 20 
0020   045D 20 20 20 7C 
0020   0461 7C 2D 2D 2D 
0020   0465 2D 77 20 7C 
0020   0469 0A 
0021   046A 20 20 20 20      .db "           ||     ||\n\n", 0
0021   046E 20 20 20 20 
0021   0472 20 20 20 7C 
0021   0476 7C 20 20 20 
0021   047A 20 20 7C 7C 
0021   047E 0A 0A 00 
0022   0481             
0023   0481             .include "lib/token.asm"
0001+  0481             TOKTYP_IDENTIFIER  .equ 0
0002+  0481             TOKTYP_KEYWORD     .equ 1
0003+  0481             TOKTYP_DELIMITER   .equ 2
0004+  0481             TOKTYP_STRING      .equ 3
0005+  0481             TOKTYP_CHAR        .equ 4
0006+  0481             TOKTYP_NUMERIC     .equ 5
0007+  0481             TOKTYP_END         .equ 6
0008+  0481             
0009+  0481             TOK_NULL           .equ 0
0010+  0481             TOK_FSLASH         .equ 1
0011+  0481             TOK_TIMES          .equ 2
0012+  0481             TOK_PLUS           .equ 3
0013+  0481             TOK_MINUS          .equ 4
0014+  0481             TOK_DOT            .equ 5
0015+  0481             TOK_SEMI           .equ 6
0016+  0481             TOK_ANGLE          .equ 7
0017+  0481             TOK_TILDE          .equ 8
0018+  0481             TOK_EQUAL          .equ 9
0019+  0481             TOK_COLON          .equ 10
0020+  0481             TOK_COMMA          .equ 11
0021+  0481             
0022+  0481             TOK_END            .equ 20
0023+  0481             
0024+  0481             
0025+  0481             ;;;;;;;;;;;;;;;;;;;;;;;;;;;;;;;;;;;;;;;;;;;;;;;;;;;;;;;;;;;;;;;;;;;;;;;;;;;;;;;;;;
0026+  0481             ;; read a full command argment from shell input buffer
0027+  0481             ;; argument is written into tokstr
0028+  0481             ;;;;;;;;;;;;;;;;;;;;;;;;;;;;;;;;;;;;;;;;;;;;;;;;;;;;;;;;;;;;;;;;;;;;;;;;;;;;;;;;;;
0029+  0481             get_arg:
0030+  0481 D7            push a
0031+  0482 E2            push si
0032+  0483 E3            push di
0033+  0484 19 00         mov al, 0
0034+  0486 3D AF 06      mov [tokstr], al      ; nullify tokstr string
0035+  0489 14 AB 06      mov a, [prog]
0036+  048C 4D            mov si, a
0037+  048D FD 4F AF 06   mov di, tokstr
0038+  0491             get_arg_skip_spaces:
0039+  0491 F6            lodsb
0040+  0492 07 D8 0B      call _isspace
0041+  0495 C6 91 04      je get_arg_skip_spaces
0042+  0498             get_arg_L0:
0043+  0498 B9 3B         cmp al, $3B        ; check if is ';'
0044+  049A C6 A7 04      je get_arg_end
0045+  049D B9 00         cmp al, 0
0046+  049F C6 A7 04      je get_arg_end      ; check if end of input
0047+  04A2 F7            stosb
0048+  04A3 F6            lodsb
0049+  04A4 0A 98 04      jmp get_arg_L0
0050+  04A7             get_arg_end:
0051+  04A7 19 00         mov al, 0
0052+  04A9 F7            stosb
0053+  04AA D5 01 00      sub si, 1
0054+  04AD 4E            mov a, si
0055+  04AE 42 AB 06      mov [prog], a    ; update pointer
0056+  04B1 F0            pop di
0057+  04B2 EF            pop si
0058+  04B3 E4            pop a
0059+  04B4 09            ret
0060+  04B5             
0061+  04B5             ;;;;;;;;;;;;;;;;;;;;;;;;;;;;;;;;;;;;;;;;;;;;;;;;;;;;;;;;;;;;;;;;;;;;;;;;;;;;;;;;;;
0062+  04B5             ;; read a path formation from shell input buffer
0063+  04B5             ;; path is written into tokstr
0064+  04B5             ;; /usr/bin
0065+  04B5             ;;;;;;;;;;;;;;;;;;;;;;;;;;;;;;;;;;;;;;;;;;;;;;;;;;;;;;;;;;;;;;;;;;;;;;;;;;;;;;;;;;
0066+  04B5             get_path:
0067+  04B5 D7            push a
0068+  04B6 E2            push si
0069+  04B7 E3            push di
0070+  04B8 19 00         mov al, 0
0071+  04BA 3D AF 06      mov [tokstr], al      ; nullify tokstr string
0072+  04BD 14 AB 06      mov a, [prog]
0073+  04C0 4D            mov si, a
0074+  04C1 FD 4F AF 06   mov di, tokstr
0075+  04C5             get_path_skip_spaces:
0076+  04C5 F6            lodsb
0077+  04C6 07 D8 0B      call _isspace
0078+  04C9 C6 C5 04      je get_path_skip_spaces
0079+  04CC             get_path_is_pathchar:
0080+  04CC F7            stosb
0081+  04CD F6            lodsb
0082+  04CE 07 62 0B      call _isalnum      ;check if is alphanumeric
0083+  04D1 C6 CC 04      je get_path_is_pathchar
0084+  04D4 B9 2F         cmp al, '/'        ; check if is '/'
0085+  04D6 C6 CC 04      je get_path_is_pathchar
0086+  04D9 19 00         mov al, 0
0087+  04DB F7            stosb
0088+  04DC D5 01 00      sub si, 1
0089+  04DF 4E            mov a, si
0090+  04E0 42 AB 06      mov [prog], a    ; update pointer
0091+  04E3             get_path_end:
0092+  04E3 F0            pop di
0093+  04E4 EF            pop si
0094+  04E5 E4            pop a
0095+  04E6 09            ret
0096+  04E7             
0097+  04E7             ;;;;;;;;;;;;;;;;;;;;;;;;;;;;;;;;;;;;;;;;;;;;;;;;;;;;;;;;;;;;;;;;;;;;;;;;;;;;;;;;;;
0098+  04E7             ;; read a line
0099+  04E7             ;; line is written into tokstr
0100+  04E7             ;;;;;;;;;;;;;;;;;;;;;;;;;;;;;;;;;;;;;;;;;;;;;;;;;;;;;;;;;;;;;;;;;;;;;;;;;;;;;;;;;;
0101+  04E7             get_line:
0102+  04E7 D7            push a
0103+  04E8 E2            push si
0104+  04E9 E3            push di
0105+  04EA 19 00         mov al, 0
0106+  04EC 3D AF 06      mov [tokstr], al      ; nullify tokstr string
0107+  04EF 14 AB 06      mov a, [prog]
0108+  04F2 4D            mov si, a
0109+  04F3 FD 4F AF 06   mov di, tokstr
0110+  04F7             get_line_L0:
0111+  04F7 F6            lodsb
0112+  04F8 B9 0A         cmp al, $0A    ; check for new line
0113+  04FA C6 01 05      je get_line_exit
0114+  04FD F7            stosb
0115+  04FE 0A F7 04      jmp get_line_L0
0116+  0501             get_line_exit:
0117+  0501 19 00         mov al, 0
0118+  0503 F7            stosb
0119+  0504 4E            mov a, si
0120+  0505 42 AB 06      mov [prog], a    ; update pointer
0121+  0508 F0            pop di
0122+  0509 EF            pop si
0123+  050A E4            pop a
0124+  050B 09            ret
0125+  050C             
0126+  050C             ;;;;;;;;;;;;;;;;;;;;;;;;;;;;;;;;;;;;;;;;;;;;;;;;;;;;;;;;;;;;;;;;;;;;;;;;;;;;;;;;;;
0127+  050C             ;; token parser
0128+  050C             ;;;;;;;;;;;;;;;;;;;;;;;;;;;;;;;;;;;;;;;;;;;;;;;;;;;;;;;;;;;;;;;;;;;;;;;;;;;;;;;;;;
0129+  050C             get_token:
0130+  050C D7            push a
0131+  050D DA            push d
0132+  050E E2            push si
0133+  050F E3            push di
0134+  0510 19 00         mov al, 0
0135+  0512 3D AF 06      mov [tokstr], al      ; nullify tokstr string
0136+  0515 19 00         mov al, TOK_NULL
0137+  0517 3D AE 06      mov [tok], al        ; nullify token
0138+  051A 14 AB 06      mov a, [prog]
0139+  051D 4D            mov si, a
0140+  051E FD 4F AF 06   mov di, tokstr
0141+  0522             get_tok_skip_spaces:
0142+  0522 F6            lodsb
0143+  0523 07 D8 0B      call _isspace
0144+  0526 C6 22 05      je get_tok_skip_spaces
0145+  0529 B9 00         cmp al, 0      ; check for end of input (NULL)
0146+  052B C6 10 06      je get_token_end
0147+  052E B9 23         cmp al, '#'      ; comments!
0148+  0530 C6 3E 06      je get_tok_comment
0149+  0533 07 62 0B      call _isalnum
0150+  0536 C6 1D 06      jz is_alphanumeric
0151+  0539             ; other token types
0152+  0539             get_token_slash:
0153+  0539 B9 2F         cmp al, '/'        ; check if '/'
0154+  053B C7 53 05      jne get_token_minus
0155+  053E F7            stosb          ; store '/' into token string
0156+  053F 19 00         mov al, 0
0157+  0541 F7            stosb          ; terminate token string
0158+  0542 19 01         mov al, TOK_FSLASH
0159+  0544 3D AE 06      mov [tok], al      
0160+  0547 19 02         mov al, TOKTYP_DELIMITER
0161+  0549 3D AD 06      mov [toktyp], al
0162+  054C 4E            mov a, si
0163+  054D 42 AB 06      mov [prog], a    ; update pointer
0164+  0550 0A 39 06      jmp get_token_return
0165+  0553             get_token_minus:
0166+  0553 B9 2D         cmp al, '-'        ; check if '-'
0167+  0555 C7 6D 05      jne get_token_comma
0168+  0558 F7            stosb          ; store '-' into token string
0169+  0559 19 00         mov al, 0
0170+  055B F7            stosb          ; terminate token string
0171+  055C 19 04         mov al, TOK_MINUS
0172+  055E 3D AE 06      mov [tok], al      
0173+  0561 19 02         mov al, TOKTYP_DELIMITER
0174+  0563 3D AD 06      mov [toktyp], al
0175+  0566 4E            mov a, si
0176+  0567 42 AB 06      mov [prog], a    ; update pointer
0177+  056A 0A 39 06      jmp get_token_return
0178+  056D             get_token_comma:
0179+  056D B9 2C         cmp al, ','        ; check if ','
0180+  056F C7 87 05      jne get_token_semi
0181+  0572 F7            stosb          ; store ',' into token string
0182+  0573 19 00         mov al, 0
0183+  0575 F7            stosb          ; terminate token string
0184+  0576 19 0B         mov al, TOK_COMMA
0185+  0578 3D AE 06      mov [tok], al      
0186+  057B 19 02         mov al, TOKTYP_DELIMITER
0187+  057D 3D AD 06      mov [toktyp], al
0188+  0580 4E            mov a, si
0189+  0581 42 AB 06      mov [prog], a    ; update pointer
0190+  0584 0A 39 06      jmp get_token_return
0191+  0587             get_token_semi:
0192+  0587 B9 3B         cmp al, $3B        ; check if ';'
0193+  0589 C7 A1 05      jne get_token_colon
0194+  058C F7            stosb          ; store ';' into token string
0195+  058D 19 00         mov al, 0
0196+  058F F7            stosb          ; terminate token string
0197+  0590 19 06         mov al, TOK_SEMI
0198+  0592 3D AE 06      mov [tok], al      
0199+  0595 19 02         mov al, TOKTYP_DELIMITER
0200+  0597 3D AD 06      mov [toktyp], al
0201+  059A 4E            mov a, si
0202+  059B 42 AB 06      mov [prog], a    ; update pointer
0203+  059E 0A 39 06      jmp get_token_return
0204+  05A1             get_token_colon:
0205+  05A1 B9 3A         cmp al, $3A        ; check if ':'
0206+  05A3 C7 BB 05      jne get_token_angle
0207+  05A6 F7            stosb          ; store ':' into token string
0208+  05A7 19 00         mov al, 0
0209+  05A9 F7            stosb          ; terminate token string
0210+  05AA 19 0A         mov al, TOK_COLON
0211+  05AC 3D AE 06      mov [tok], al      
0212+  05AF 19 02         mov al, TOKTYP_DELIMITER
0213+  05B1 3D AD 06      mov [toktyp], al
0214+  05B4 4E            mov a, si
0215+  05B5 42 AB 06      mov [prog], a    ; update pointer
0216+  05B8 0A 39 06      jmp get_token_return
0217+  05BB             get_token_angle:
0218+  05BB B9 3E         cmp al, $3E        ; check if '>'
0219+  05BD C7 D5 05      jne get_token_tilde
0220+  05C0 F7            stosb          ; store '>' into token string
0221+  05C1 19 00         mov al, 0
0222+  05C3 F7            stosb          ; terminate token string
0223+  05C4 19 07         mov al, TOK_ANGLE
0224+  05C6 3D AE 06      mov [tok], al      
0225+  05C9 19 02         mov al, TOKTYP_DELIMITER
0226+  05CB 3D AD 06      mov [toktyp], al
0227+  05CE 4E            mov a, si
0228+  05CF 42 AB 06      mov [prog], a    ; update pointer
0229+  05D2 0A 39 06      jmp get_token_return
0230+  05D5             get_token_tilde:
0231+  05D5 B9 7E         cmp al, '~'        ; check if '~'
0232+  05D7 C7 EF 05      jne get_token_equal
0233+  05DA F7            stosb          ; store '~' into token string
0234+  05DB 19 00         mov al, 0
0235+  05DD F7            stosb          ; terminate token string
0236+  05DE 19 08         mov al, TOK_TILDE
0237+  05E0 3D AE 06      mov [tok], al      
0238+  05E3 19 02         mov al, TOKTYP_DELIMITER
0239+  05E5 3D AD 06      mov [toktyp], al
0240+  05E8 4E            mov a, si
0241+  05E9 42 AB 06      mov [prog], a    ; update pointer
0242+  05EC 0A 39 06      jmp get_token_return
0243+  05EF             get_token_equal:
0244+  05EF B9 3D         cmp al, '='        ; check if '='
0245+  05F1 C7 09 06      jne get_token_skip
0246+  05F4 F7            stosb          ; store '=' into token string
0247+  05F5 19 00         mov al, 0
0248+  05F7 F7            stosb          ; terminate token string
0249+  05F8 19 09         mov al, TOK_EQUAL
0250+  05FA 3D AE 06      mov [tok], al      
0251+  05FD 19 02         mov al, TOKTYP_DELIMITER
0252+  05FF 3D AD 06      mov [toktyp], al
0253+  0602 4E            mov a, si
0254+  0603 42 AB 06      mov [prog], a    ; update pointer
0255+  0606 0A 39 06      jmp get_token_return
0256+  0609             get_token_skip:
0257+  0609 4E            mov a, si
0258+  060A 42 AB 06      mov [prog], a    ; update pointer
0259+  060D 0A 39 06      jmp get_token_return
0260+  0610             get_token_end:        ; end of file token
0261+  0610 19 14         mov al, TOK_END
0262+  0612 3D AE 06      mov [tok], al
0263+  0615 19 06         mov al, TOKTYP_END
0264+  0617 3D AD 06      mov [toktyp], al
0265+  061A 0A 39 06      jmp get_token_return
0266+  061D             is_alphanumeric:
0267+  061D F7            stosb
0268+  061E F6            lodsb
0269+  061F 07 62 0B      call _isalnum      ;check if is alphanumeric
0270+  0622 C6 1D 06      jz is_alphanumeric
0271+  0625 B9 2E         cmp al, $2E        ; check if is '.'
0272+  0627 C6 1D 06      je is_alphanumeric
0273+  062A 19 00         mov al, 0
0274+  062C F7            stosb
0275+  062D 19 00         mov al, TOKTYP_IDENTIFIER
0276+  062F 3D AD 06      mov [toktyp], al
0277+  0632 D5 01 00      sub si, 1
0278+  0635 4E            mov a, si
0279+  0636 42 AB 06      mov [prog], a    ; update pointer
0280+  0639             get_token_return:
0281+  0639 F0            pop di
0282+  063A EF            pop si
0283+  063B E7            pop d
0284+  063C E4            pop a
0285+  063D 09            ret
0286+  063E             get_tok_comment:
0287+  063E F6            lodsb
0288+  063F B9 0A         cmp al, $0A      ; new line
0289+  0641 C7 3E 06      jne get_tok_comment
0290+  0644 0A 22 05      jmp get_tok_skip_spaces
0291+  0647             
0292+  0647             
0293+  0647             get_number:
0294+  0647 D7            push a
0295+  0648 DA            push d
0296+  0649 E2            push si
0297+  064A E3            push di
0298+  064B 19 00         mov al, 0
0299+  064D 3D AF 06      mov [tokstr], al      ; nullify tokstr string
0300+  0650 19 00         mov al, TOK_NULL
0301+  0652 3D AE 06      mov [tok], al        ; nullify token
0302+  0655 14 AB 06      mov a, [prog]
0303+  0658 4D            mov si, a
0304+  0659 FD 4F AF 06   mov di, tokstr
0305+  065D             get_number_skip_spaces:
0306+  065D F6            lodsb
0307+  065E 07 D8 0B      call _isspace
0308+  0661 C6 5D 06      je get_number_skip_spaces
0309+  0664 B9 00         cmp al, 0      ; check for end of input (NULL)
0310+  0666 C7 76 06      jne get_number_L0
0311+  0669 19 14         mov al, TOK_END
0312+  066B 3D AE 06      mov [tok], al
0313+  066E 19 06         mov al, TOKTYP_END
0314+  0670 3D AD 06      mov [toktyp], al
0315+  0673 0A 8D 06      jmp get_number_return
0316+  0676             get_number_L0:
0317+  0676 F7            stosb
0318+  0677 F6            lodsb
0319+  0678 07 6C 0B      call _isdigit      ;check if is numeric
0320+  067B C6 76 06      jz get_number_L0
0321+  067E 19 00         mov al, 0
0322+  0680 F7            stosb
0323+  0681 19 05         mov al, TOKTYP_NUMERIC
0324+  0683 3D AD 06      mov [toktyp], al
0325+  0686 D5 01 00      sub si, 1
0326+  0689 4E            mov a, si
0327+  068A 42 AB 06      mov [prog], a    ; update pointer
0328+  068D             get_number_return:
0329+  068D F0            pop di
0330+  068E EF            pop si
0331+  068F E7            pop d
0332+  0690 E4            pop a
0333+  0691 09            ret
0334+  0692             
0335+  0692             ;;;;;;;;;;;;;;;;;;;;;;;;;;;;;;;;;;;;;;;;;;;;;;;;;;;;;;;;;;;;;;;;;;;;;;;;;;;;;;;;;;
0336+  0692             ;; PUT BACK TOKEN
0337+  0692             ;;;;;;;;;;;;;;;;;;;;;;;;;;;;;;;;;;;;;;;;;;;;;;;;;;;;;;;;;;;;;;;;;;;;;;;;;;;;;;;;;;  
0338+  0692             _putback:
0339+  0692 D7            push a
0340+  0693 E2            push si
0341+  0694 FD 4D AF 06   mov si, tokstr  
0342+  0698             _putback_loop:
0343+  0698 F6            lodsb
0344+  0699 B9 00         cmp al, 0
0345+  069B C6 A8 06      je _putback_end
0346+  069E 14 AB 06      mov a, [prog]
0347+  06A1 7D            dec a
0348+  06A2 42 AB 06      mov [prog], a      ; update pointer
0349+  06A5 0A 98 06      jmp _putback_loop
0350+  06A8             _putback_end:
0351+  06A8 EF            pop si
0352+  06A9 E4            pop a
0353+  06AA 09            ret
0354+  06AB             
0355+  06AB             
0356+  06AB             
0357+  06AB             
0358+  06AB 00 00       prog:      .dw 0          ; pointer to current position in buffer
0359+  06AD             
0360+  06AD 00          toktyp:    .db 0          ; token type symbol
0361+  06AE 00          tok:       .db 0          ; current token symbol
0362+  06AF 00 00 00 00 tokstr:    .fill 256, 0   ; token as a string
0362+  06B3 00 00 00 00 
0362+  06B7 00 00 00 00 
0362+  06BB 00 00 00 00 
0362+  06BF 00 00 00 00 
0362+  06C3 00 00 00 00 
0362+  06C7 00 00 00 00 
0362+  06CB 00 00 00 00 
0362+  06CF 00 00 00 00 
0362+  06D3 00 00 00 00 
0362+  06D7 00 00 00 00 
0362+  06DB 00 00 00 00 
0362+  06DF 00 00 00 00 
0362+  06E3 00 00 00 00 
0362+  06E7 00 00 00 00 
0362+  06EB 00 00 00 00 
0362+  06EF 00 00 00 00 
0362+  06F3 00 00 00 00 
0362+  06F7 00 00 00 00 
0362+  06FB 00 00 00 00 
0362+  06FF 00 00 00 00 
0362+  0703 00 00 00 00 
0362+  0707 00 00 00 00 
0362+  070B 00 00 00 00 
0362+  070F 00 00 00 00 
0362+  0713 00 00 00 00 
0362+  0717 00 00 00 00 
0362+  071B 00 00 00 00 
0362+  071F 00 00 00 00 
0362+  0723 00 00 00 00 
0362+  0727 00 00 00 00 
0362+  072B 00 00 00 00 
0362+  072F 00 00 00 00 
0362+  0733 00 00 00 00 
0362+  0737 00 00 00 00 
0362+  073B 00 00 00 00 
0362+  073F 00 00 00 00 
0362+  0743 00 00 00 00 
0362+  0747 00 00 00 00 
0362+  074B 00 00 00 00 
0362+  074F 00 00 00 00 
0362+  0753 00 00 00 00 
0362+  0757 00 00 00 00 
0362+  075B 00 00 00 00 
0362+  075F 00 00 00 00 
0362+  0763 00 00 00 00 
0362+  0767 00 00 00 00 
0362+  076B 00 00 00 00 
0362+  076F 00 00 00 00 
0362+  0773 00 00 00 00 
0362+  0777 00 00 00 00 
0362+  077B 00 00 00 00 
0362+  077F 00 00 00 00 
0362+  0783 00 00 00 00 
0362+  0787 00 00 00 00 
0362+  078B 00 00 00 00 
0362+  078F 00 00 00 00 
0362+  0793 00 00 00 00 
0362+  0797 00 00 00 00 
0362+  079B 00 00 00 00 
0362+  079F 00 00 00 00 
0362+  07A3 00 00 00 00 
0362+  07A7 00 00 00 00 
0362+  07AB 00 00 00 00 
0024   07AF             .include "lib/stdio.asm"
0001+  07AF             ;;;;;;;;;;;;;;;;;;;;;;;;;;;;;;;;;;;;;;;;;;;;;;;;;;;;;;;;;;;;;;;;;;;;;;;;;;;;;;;;;;;;;;;;;;;;;;;;;;;;;;;;;;;;;;;;;;
0002+  07AF             ; stdio.s
0003+  07AF             ;;;;;;;;;;;;;;;;;;;;;;;;;;;;;;;;;;;;;;;;;;;;;;;;;;;;;;;;;;;;;;;;;;;;;;;;;;;;;;;;;;;;;;;;;;;;;;;;;;;;;;;;;;;;;;;;;;
0004+  07AF             .include "lib/string.asm"
0001++ 07AF             ;;;;;;;;;;;;;;;;;;;;;;;;;;;;;;;;;;;;;;;;;;;;;;;;;;;;;;;;;;;;;;;;;;;;;;;;;;;;;;;;;;;;;;;;;;;;;;;;;;;;;;;;;;;;;;;;;;
0002++ 07AF             ; string.s
0003++ 07AF             ;;;;;;;;;;;;;;;;;;;;;;;;;;;;;;;;;;;;;;;;;;;;;;;;;;;;;;;;;;;;;;;;;;;;;;;;;;;;;;;;;;;;;;;;;;;;;;;;;;;;;;;;;;;;;;;;;;
0004++ 07AF             
0005++ 07AF             
0006++ 07AF             ;;;;;;;;;;;;;;;;;;;;;;;;;;;;;;;;;;;;;;;;;;;;;;;;;;;;;;;;;;;;;;;;;;;;;;;;;;;;;;;;;;;;;;;;;;;;;;;;;;;;;;;;;;;;;;;;;;
0007++ 07AF             ; _strrev
0008++ 07AF             ; reverse a string
0009++ 07AF             ; D = string address
0010++ 07AF             ;;;;;;;;;;;;;;;;;;;;;;;;;;;;;;;;;;;;;;;;;;;;;;;;;;;;;;;;;;;;;;;;;;;;;;;;;;;;;;;;;;;;;;;;;;;;;;;;;;;;;;;;;;;;;;;;;;
0011++ 07AF             ; 01234
0012++ 07AF             _strrev:
0013++ 07AF 4B          	pusha
0014++ 07B0 07 F6 07    	call _strlen	; length in C
0015++ 07B3 12          	mov a, c
0016++ 07B4 AF 01 00    	cmp a, 1
0017++ 07B7 D0 D1 07    	jleu _strrev_end	; check string length. string len must be > 1
0018++ 07BA 7D          	dec a
0019++ 07BB FD 4E       	mov si, d	; beginning of string
0020++ 07BD FD 50       	mov di, d	; beginning of string (for destinations)
0021++ 07BF 59          	add d, a	; end of string
0022++ 07C0 12          	mov a, c
0023++ 07C1 FD 9B       	shr a		; divide by 2
0024++ 07C3 39          	mov c, a	; C now counts the steps
0025++ 07C4             _strrev_L0:
0026++ 07C4 32          	mov bl, [d]	; save load right-side char into BL
0027++ 07C5 F6          	lodsb		; load left-side char into AL; increase SI
0028++ 07C6 3E          	mov [d], al	; store left char into right side
0029++ 07C7 1B          	mov al, bl
0030++ 07C8 F7          	stosb		; store right-side char into left-side; increase DI
0031++ 07C9 7E          	dec c
0032++ 07CA 7F          	dec d
0033++ 07CB C2 00 00    	cmp c, 0
0034++ 07CE C7 C4 07    	jne _strrev_L0
0035++ 07D1             _strrev_end:
0036++ 07D1 4C          	popa
0037++ 07D2 09          	ret
0038++ 07D3             	
0039++ 07D3             ;;;;;;;;;;;;;;;;;;;;;;;;;;;;;;;;;;;;;;;;;;;;;;;;;;;;;;;;;;;;;;;;;;;;;;;;;;;;;;;;;;;;;;;;;;;;;;;;;;;;;;;;;;;;;;;;;;
0040++ 07D3             ; _strchr
0041++ 07D3             ; search string in D for char in AL
0042++ 07D3             ;;;;;;;;;;;;;;;;;;;;;;;;;;;;;;;;;;;;;;;;;;;;;;;;;;;;;;;;;;;;;;;;;;;;;;;;;;;;;;;;;;;;;;;;;;;;;;;;;;;;;;;;;;;;;;;;;;
0043++ 07D3             _strchr:
0044++ 07D3             _strchr_L0:
0045++ 07D3 32          	mov bl, [d]
0046++ 07D4 C1 00       	cmp bl, 0
0047++ 07D6 C6 E1 07    	je _strchr_end
0048++ 07D9 BA          	cmp al, bl
0049++ 07DA C6 E1 07    	je _strchr_end
0050++ 07DD 79          	inc d
0051++ 07DE 0A D3 07    	jmp _strchr_L0
0052++ 07E1             _strchr_end:
0053++ 07E1 1B          	mov al, bl
0054++ 07E2 09          	ret
0055++ 07E3             
0056++ 07E3             ;;;;;;;;;;;;;;;;;;;;;;;;;;;;;;;;;;;;;;;;;;;;;;;;;;;;;;;;;;;;;;;;;;;;;;;;;;;;;;;;;;;;;;;;;;;;;;;;;;;;;;;;;;;;;;;;;;
0057++ 07E3             ; _strstr
0058++ 07E3             ; find sub-string
0059++ 07E3             ; str1 in SI
0060++ 07E3             ; str2 in DI
0061++ 07E3             ; SI points to end of source string
0062++ 07E3             ;;;;;;;;;;;;;;;;;;;;;;;;;;;;;;;;;;;;;;;;;;;;;;;;;;;;;;;;;;;;;;;;;;;;;;;;;;;;;;;;;;;;;;;;;;;;;;;;;;;;;;;;;;;;;;;;;;
0063++ 07E3             _strstr:
0064++ 07E3 DB          	push al
0065++ 07E4 DA          	push d
0066++ 07E5 E3          	push di
0067++ 07E6             _strstr_loop:
0068++ 07E6 F3          	cmpsb					; compare a byte of the strings
0069++ 07E7 C7 F2 07    	jne _strstr_ret
0070++ 07EA FC 00 00    	lea d, [di + 0]
0071++ 07ED BD 00       	cmp byte[d], 0				; check if at end of string (null)
0072++ 07EF C7 E6 07    	jne _strstr_loop				; equal chars but not at end
0073++ 07F2             _strstr_ret:
0074++ 07F2 F0          	pop di
0075++ 07F3 E7          	pop d
0076++ 07F4 E8          	pop al
0077++ 07F5 09          	ret
0078++ 07F6             ;;;;;;;;;;;;;;;;;;;;;;;;;;;;;;;;;;;;;;;;;;;;;;;;;;;;;;;;;;;;;;;;;;;;;;;;;;;;;;;;;;;;;;;
0079++ 07F6             ; length of null terminated string
0080++ 07F6             ; result in C
0081++ 07F6             ; pointer in D
0082++ 07F6             ;;;;;;;;;;;;;;;;;;;;;;;;;;;;;;;;;;;;;;;;;;;;;;;;;;;;;;;;;;;;;;;;;;;;;;;;;;;;;;;;;;;;;;;
0083++ 07F6             _strlen:
0084++ 07F6 DA          	push d
0085++ 07F7 38 00 00    	mov c, 0
0086++ 07FA             _strlen_L1:
0087++ 07FA BD 00       	cmp byte [d], 0
0088++ 07FC C6 04 08    	je _strlen_ret
0089++ 07FF 79          	inc d
0090++ 0800 78          	inc c
0091++ 0801 0A FA 07    	jmp _strlen_L1
0092++ 0804             _strlen_ret:
0093++ 0804 E7          	pop d
0094++ 0805 09          	ret
0095++ 0806             
0096++ 0806             ;;;;;;;;;;;;;;;;;;;;;;;;;;;;;;;;;;;;;;;;;;;;;;;;;;;;;;;;;;;;;;;;;;;;;;;;;;;;;;;;;;;;;;;;;;;;;;;;;;;;;;;;;;;;;;;;;;
0097++ 0806             ; STRCMP
0098++ 0806             ; compare two strings
0099++ 0806             ; str1 in SI
0100++ 0806             ; str2 in DI
0101++ 0806             ; CREATE A STRING COMPAIRON INSTRUCION ?????
0102++ 0806             ;;;;;;;;;;;;;;;;;;;;;;;;;;;;;;;;;;;;;;;;;;;;;;;;;;;;;;;;;;;;;;;;;;;;;;;;;;;;;;;;;;;;;;;;;;;;;;;;;;;;;;;;;;;;;;;;;;
0103++ 0806             _strcmp:
0104++ 0806 DB          	push al
0105++ 0807 DA          	push d
0106++ 0808 E3          	push di
0107++ 0809 E2          	push si
0108++ 080A             _strcmp_loop:
0109++ 080A F3          	cmpsb					; compare a byte of the strings
0110++ 080B C7 16 08    	jne _strcmp_ret
0111++ 080E FB FF FF    	lea d, [si +- 1]
0112++ 0811 BD 00       	cmp byte[d], 0				; check if at end of string (null)
0113++ 0813 C7 0A 08    	jne _strcmp_loop				; equal chars but not at end
0114++ 0816             _strcmp_ret:
0115++ 0816 EF          	pop si
0116++ 0817 F0          	pop di
0117++ 0818 E7          	pop d
0118++ 0819 E8          	pop al
0119++ 081A 09          	ret
0120++ 081B             
0121++ 081B             
0122++ 081B             ; STRCPY
0123++ 081B             ; copy null terminated string from SI to DI
0124++ 081B             ; source in SI
0125++ 081B             ; destination in DI
0126++ 081B             _strcpy:
0127++ 081B E2          	push si
0128++ 081C E3          	push di
0129++ 081D DB          	push al
0130++ 081E             _strcpy_L1:
0131++ 081E F6          	lodsb
0132++ 081F F7          	stosb
0133++ 0820 B9 00       	cmp al, 0
0134++ 0822 C7 1E 08    	jne _strcpy_L1
0135++ 0825             _strcpy_end:
0136++ 0825 E8          	pop al
0137++ 0826 F0          	pop di
0138++ 0827 EF          	pop si
0139++ 0828 09          	ret
0140++ 0829             
0141++ 0829             ; STRCAT
0142++ 0829             ; concatenate a NULL terminated string into string at DI, from string at SI
0143++ 0829             ; source in SI
0144++ 0829             ; destination in DI
0145++ 0829             _strcat:
0146++ 0829 E2          	push si
0147++ 082A E3          	push di
0148++ 082B D7          	push a
0149++ 082C DA          	push d
0150++ 082D 50          	mov a, di
0151++ 082E 3C          	mov d, a
0152++ 082F             _strcat_goto_end_L1:
0153++ 082F BD 00       	cmp byte[d], 0
0154++ 0831 C6 38 08    	je _strcat_start
0155++ 0834 79          	inc d
0156++ 0835 0A 2F 08    	jmp _strcat_goto_end_L1
0157++ 0838             _strcat_start:
0158++ 0838 FD 50       	mov di, d
0159++ 083A             _strcat_L1:
0160++ 083A F6          	lodsb
0161++ 083B F7          	stosb
0162++ 083C B9 00       	cmp al, 0
0163++ 083E C7 3A 08    	jne _strcat_L1
0164++ 0841             _strcat_end:
0165++ 0841 E7          	pop d
0166++ 0842 E4          	pop a
0167++ 0843 F0          	pop di
0168++ 0844 EF          	pop si
0169++ 0845 09          	ret
0170++ 0846             
0171++ 0846             
0005+  0846             
0006+  0846             
0007+  0846             ;;;;;;;;;;;;;;;;;;;;;;;;;;;;;;;;;;;;;;;;;;;;;;;;;;;;;;;;;;;;;;;;;;;;;;;;;;;;;;;;;;;;;;;;;;;;;;;;;;;;;;;;;;;;;;;;;;
0008+  0846             ; CONVERT ASCII 'O'..'F' TO INTEGER 0..15
0009+  0846             ; ASCII in BL
0010+  0846             ; result in AL
0011+  0846             ; ascii for F = 0100 0110
0012+  0846             ; ascii for 9 = 0011 1001
0013+  0846             ;;;;;;;;;;;;;;;;;;;;;;;;;;;;;;;;;;;;;;;;;;;;;;;;;;;;;;;;;;;;;;;;;;;;;;;;;;;;;;;;;;;;;;;;;;;;;;;;;;;;;;;;;;;;;;;;;;
0014+  0846             hex_ascii_encode:
0015+  0846 1B            mov al, bl
0016+  0847 93 40         test al, $40        ; test if letter or number
0017+  0849 C7 4F 08      jnz hex_letter
0018+  084C 87 0F         and al, $0F        ; get number
0019+  084E 09            ret
0020+  084F             hex_letter:
0021+  084F 87 0F         and al, $0F        ; get letter
0022+  0851 6A 09         add al, 9
0023+  0853 09            ret
0024+  0854             
0025+  0854             ;;;;;;;;;;;;;;;;;;;;;;;;;;;;;;;;;;;;;;;;;;;;;;;;;;;;;;;;;;;;;;;;;;;;;;;;;;;;;;;;;;;;;;;;;;;;;;;;;;;;;;;;;;;;;;;;;;
0026+  0854             ; ATOI
0027+  0854             ; 2 letter hex string in B
0028+  0854             ; 8bit integer returned in AL
0029+  0854             ;;;;;;;;;;;;;;;;;;;;;;;;;;;;;;;;;;;;;;;;;;;;;;;;;;;;;;;;;;;;;;;;;;;;;;;;;;;;;;;;;;;;;;;;;;;;;;;;;;;;;;;;;;;;;;;;;;
0030+  0854             _atoi:
0031+  0854 D8            push b
0032+  0855 07 46 08      call hex_ascii_encode      ; convert BL to 4bit code in AL
0033+  0858 30            mov bl, bh
0034+  0859 DB            push al          ; save a
0035+  085A 07 46 08      call hex_ascii_encode
0036+  085D EA            pop bl  
0037+  085E FD 9E 04      shl al, 4
0038+  0861 8C            or al, bl
0039+  0862 E5            pop b
0040+  0863 09            ret  
0041+  0864             
0042+  0864             
0043+  0864             ;;;;;;;;;;;;;;;;;;;;;;;;;;;;;;;;;;;;;;;;;;;;;;;;;;;;;;;;;;;;;;;;;;;;;;;;;;;;;;;;;;;;;;;;;;;;;;;;;;;;;;;;;;;;;;;;;;
0044+  0864             ; scanf
0045+  0864             ; no need for explanations!
0046+  0864             ;;;;;;;;;;;;;;;;;;;;;;;;;;;;;;;;;;;;;;;;;;;;;;;;;;;;;;;;;;;;;;;;;;;;;;;;;;;;;;;;;;;;;;;;;;;;;;;;;;;;;;;;;;;;;;;;;;
0047+  0864             scanf:
0048+  0864 09            ret
0049+  0865             
0050+  0865             ;;;;;;;;;;;;;;;;;;;;;;;;;;;;;;;;;;;;;;;;;;;;;;;;;;;;;;;;;;;;;;;;;;;;;;;;;;;;;;;;;;;;;;;;;;;;;;;;;;;;;;;;;;;;;;;;;;
0051+  0865             ; ITOA
0052+  0865             ; 8bit value in BL
0053+  0865             ; 2 byte ASCII result in A
0054+  0865             ;;;;;;;;;;;;;;;;;;;;;;;;;;;;;;;;;;;;;;;;;;;;;;;;;;;;;;;;;;;;;;;;;;;;;;;;;;;;;;;;;;;;;;;;;;;;;;;;;;;;;;;;;;;;;;;;;;
0055+  0865             _itoa:
0056+  0865 DA            push d
0057+  0866 D8            push b
0058+  0867 A7 00         mov bh, 0
0059+  0869 FD A4 04      shr bl, 4  
0060+  086C 74            mov d, b
0061+  086D 1F 40 0B      mov al, [d + s_hex_digits]
0062+  0870 23            mov ah, al
0063+  0871               
0064+  0871 E5            pop b
0065+  0872 D8            push b
0066+  0873 A7 00         mov bh, 0
0067+  0875 FD 87 0F      and bl, $0F
0068+  0878 74            mov d, b
0069+  0879 1F 40 0B      mov al, [d + s_hex_digits]
0070+  087C E5            pop b
0071+  087D E7            pop d
0072+  087E 09            ret
0073+  087F             
0074+  087F             ;;;;;;;;;;;;;;;;;;;;;;;;;;;;;;;;;;;;;;;;;;;;;;;;;;;;;;;;;;;;;;;;;;;;;;;;;;;;;;;;;;;;;;;;;;;;;;;;;;;;;;;;;;;;;;;;;;
0075+  087F             ; HEX STRING TO BINARY
0076+  087F             ; di = destination address
0077+  087F             ; si = source
0078+  087F             ;;;;;;;;;;;;;;;;;;;;;;;;;;;;;;;;;;;;;;;;;;;;;;;;;;;;;;;;;;;;;;;;;;;;;;;;;;;;;;;;;;;;;;;;;;;;;;;;;;;;;;;;;;;;;;;;;;
0079+  087F             _hex_to_int:
0080+  087F             _hex_to_int_L1:
0081+  087F F6            lodsb          ; load from [SI] to AL
0082+  0880 B9 00         cmp al, 0        ; check if ASCII 0
0083+  0882 C6 8F 08      jz _hex_to_int_ret
0084+  0885 36            mov bh, al
0085+  0886 F6            lodsb
0086+  0887 2F            mov bl, al
0087+  0888 07 54 08      call _atoi        ; convert ASCII byte in B to int (to AL)
0088+  088B F7            stosb          ; store AL to [DI]
0089+  088C 0A 7F 08      jmp _hex_to_int_L1
0090+  088F             _hex_to_int_ret:
0091+  088F 09            ret    
0092+  0890             
0093+  0890             
0094+  0890             
0095+  0890             ;;;;;;;;;;;;;;;;;;;;;;;;;;;;;;;;;;;;;;;;;;;;;;;;;;;;;;;;;;;;;;;;;;;;;;;;;;;;;;;;;;;;;;;;;;;;;;;;;;;;;;;;;;;;;;;;;;
0096+  0890             ; GETCHAR
0097+  0890             ; char in ah
0098+  0890             ;;;;;;;;;;;;;;;;;;;;;;;;;;;;;;;;;;;;;;;;;;;;;;;;;;;;;;;;;;;;;;;;;;;;;;;;;;;;;;;;;;;;;;;;;;;;;;;;;;;;;;;;;;;;;;;;;;
0099+  0890             _getchar:
0100+  0890 DB            push al
0101+  0891             _getchar_retry:
0102+  0891 FD 0C         sti
0103+  0893 19 01         mov al, 1
0104+  0895 05 03         syscall sys_io      ; receive in AH
0105+  0897 B9 00         cmp al, 0      ; check if any char was received
0106+  0899 C6 91 08      je _getchar_retry
0107+  089C E8            pop al
0108+  089D 09            ret
0109+  089E             
0110+  089E             ;;;;;;;;;;;;;;;;;;;;;;;;;;;;;;;;;;;;;;;;;;;;;;;;;;;;;;;;;;;;;;;;;;;;;;;;;;;;;;;;;;;;;;;;;;;;;;;;;;;;;;;;;;;;;;;;;;
0111+  089E             ; PUTCHAR
0112+  089E             ; char in ah
0113+  089E             ;;;;;;;;;;;;;;;;;;;;;;;;;;;;;;;;;;;;;;;;;;;;;;;;;;;;;;;;;;;;;;;;;;;;;;;;;;;;;;;;;;;;;;;;;;;;;;;;;;;;;;;;;;;;;;;;;;
0114+  089E             _putchar:
0115+  089E D7            push a
0116+  089F 19 00         mov al, 0
0117+  08A1 05 03         syscall sys_io      ; char in AH
0118+  08A3 E4            pop a
0119+  08A4 09            ret
0120+  08A5             
0121+  08A5             ;;;;;;;;;;;;;;;;;;;;;;;;;;;;;;;;;;;;;;;;;;;;;;;;;;;;;;;;;;;;;;;;;;;;;;;;;;;;;;;;;;;;;;;;;;;;;;;;;;;;;;;;;;;;;;;;;;
0122+  08A5             ;; INPUT A STRING
0123+  08A5             ;; terminates with null
0124+  08A5             ;; pointer in D
0125+  08A5             ;;;;;;;;;;;;;;;;;;;;;;;;;;;;;;;;;;;;;;;;;;;;;;;;;;;;;;;;;;;;;;;;;;;;;;;;;;;;;;;;;;;;;;;;;;;;;;;;;;;;;;;;;;;;;;;;;;
0126+  08A5             _gets:
0127+  08A5 D7            push a
0128+  08A6 DA            push d
0129+  08A7             _gets_loop:
0130+  08A7 FD 0C         sti
0131+  08A9 19 01         mov al, 1
0132+  08AB 05 03         syscall sys_io      ; receive in AH
0133+  08AD B9 00         cmp al, 0        ; check error code (AL)
0134+  08AF C6 A7 08      je _gets_loop      ; if no char received, retry
0135+  08B2             
0136+  08B2 76 1B         cmp ah, 27
0137+  08B4 C6 D5 08      je _gets_ansi_esc
0138+  08B7 76 0A         cmp ah, $0A        ; LF
0139+  08B9 C6 46 09      je _gets_end
0140+  08BC 76 0D         cmp ah, $0D        ; CR
0141+  08BE C6 46 09      je _gets_end
0142+  08C1 76 5C         cmp ah, $5C        ; '\\'
0143+  08C3 C6 05 09      je _gets_escape
0144+  08C6               
0145+  08C6 76 08         cmp ah, $08      ; check for backspace
0146+  08C8 C6 D1 08      je _gets_backspace
0147+  08CB             
0148+  08CB 1A            mov al, ah
0149+  08CC 3E            mov [d], al
0150+  08CD 79            inc d
0151+  08CE 0A A7 08      jmp _gets_loop
0152+  08D1             _gets_backspace:
0153+  08D1 7F            dec d
0154+  08D2 0A A7 08      jmp _gets_loop
0155+  08D5             _gets_ansi_esc:
0156+  08D5 FD 0C         sti
0157+  08D7 19 01         mov al, 1
0158+  08D9 05 03         syscall sys_io        ; receive in AH without echo
0159+  08DB B9 00         cmp al, 0          ; check error code (AL)
0160+  08DD C6 D5 08      je _gets_ansi_esc    ; if no char received, retry
0161+  08E0 76 5B         cmp ah, '['
0162+  08E2 C7 A7 08      jne _gets_loop
0163+  08E5             _gets_ansi_esc_2:
0164+  08E5 FD 0C         sti
0165+  08E7 19 01         mov al, 1
0166+  08E9 05 03         syscall sys_io          ; receive in AH without echo
0167+  08EB B9 00         cmp al, 0            ; check error code (AL)
0168+  08ED C6 E5 08      je _gets_ansi_esc_2  ; if no char received, retry
0169+  08F0 76 44         cmp ah, 'D'
0170+  08F2 C6 FD 08      je _gets_left_arrow
0171+  08F5 76 43         cmp ah, 'C'
0172+  08F7 C6 01 09      je _gets_right_arrow
0173+  08FA 0A A7 08      jmp _gets_loop
0174+  08FD             _gets_left_arrow:
0175+  08FD 7F            dec d
0176+  08FE 0A A7 08      jmp _gets_loop
0177+  0901             _gets_right_arrow:
0178+  0901 79            inc d
0179+  0902 0A A7 08      jmp _gets_loop
0180+  0905             _gets_escape:
0181+  0905 FD 0C         sti
0182+  0907 19 01         mov al, 1
0183+  0909 05 03         syscall sys_io      ; receive in AH
0184+  090B B9 00         cmp al, 0        ; check error code (AL)
0185+  090D C6 05 09      je _gets_escape      ; if no char received, retry
0186+  0910 76 6E         cmp ah, 'n'
0187+  0912 C6 31 09      je _gets_LF
0188+  0915 76 72         cmp ah, 'r'
0189+  0917 C6 38 09      je _gets_CR
0190+  091A 76 30         cmp ah, '0'
0191+  091C C6 3F 09      je _gets_NULL
0192+  091F 76 5C         cmp ah, $5C  ; '\'
0193+  0921 C6 2A 09      je _gets_slash
0194+  0924 1A            mov al, ah        ; if not a known escape, it is just a normal letter
0195+  0925 3E            mov [d], al
0196+  0926 79            inc d
0197+  0927 0A A7 08      jmp _gets_loop
0198+  092A             _gets_slash:
0199+  092A 19 5C         mov al, $5C
0200+  092C 3E            mov [d], al
0201+  092D 79            inc d
0202+  092E 0A A7 08      jmp _gets_loop
0203+  0931             _gets_LF:
0204+  0931 19 0A         mov al, $0A
0205+  0933 3E            mov [d], al
0206+  0934 79            inc d
0207+  0935 0A A7 08      jmp _gets_loop
0208+  0938             _gets_CR:
0209+  0938 19 0D         mov al, $0D
0210+  093A 3E            mov [d], al
0211+  093B 79            inc d
0212+  093C 0A A7 08      jmp _gets_loop
0213+  093F             _gets_NULL:
0214+  093F 19 00         mov al, $00
0215+  0941 3E            mov [d], al
0216+  0942 79            inc d
0217+  0943 0A A7 08      jmp _gets_loop
0218+  0946             _gets_end:
0219+  0946 19 00         mov al, 0
0220+  0948 3E            mov [d], al        ; terminate string
0221+  0949 E7            pop d
0222+  094A E4            pop a
0223+  094B 09            ret
0224+  094C             
0225+  094C             ;;;;;;;;;;;;;;;;;;;;;;;;;;;;;;;;;;;;;;;;;;;;;;;;;;;;;;;;;;;;;;;;;;;;;;;;;;;;;;;;;;;;;;;;;;;;;;;;;;;;;;;;;;;;;;;;;;
0226+  094C             ;; INPUT BINARY
0227+  094C             ;; pointer in D
0228+  094C             ;; size in b
0229+  094C             ;;;;;;;;;;;;;;;;;;;;;;;;;;;;;;;;;;;;;;;;;;;;;;;;;;;;;;;;;;;;;;;;;;;;;;;;;;;;;;;;;;;;;;;;;;;;;;;;;;;;;;;;;;;;;;;;;;
0230+  094C             _load_binary:
0231+  094C D7            push a
0232+  094D DA            push d
0233+  094E D9            push c
0234+  094F 38 00 00      mov c, 0
0235+  0952             _load_binary_loop:
0236+  0952 19 03         mov al, 3
0237+  0954 05 03         syscall sys_io      ; receive in AH with no echo
0238+  0956 B9 00         cmp al, 0        ; check error code (AL)
0239+  0958 C6 52 09      je _load_binary_loop    ; if no char received, retry
0240+  095B 1A            mov al, ah
0241+  095C 3E            mov [d], al
0242+  095D 79            inc d
0243+  095E 78            inc c
0244+  095F FD C0         cmp b, c
0245+  0961 C7 52 09      jne _load_binary_loop
0246+  0964             _load_binary_end:
0247+  0964 E6            pop c
0248+  0965 E7            pop d
0249+  0966 E4            pop a
0250+  0967 09            ret
0251+  0968             
0252+  0968             ;;;;;;;;;;;;;;;;;;;;;;;;;;;;;;;;;;;;;;;;;;;;;;;;;;;;;;;;;;;;;;;;;;;;;;;;;;;;;;;;;;;;;;;;;;;;;;;;;;;;;;;;;;;;;;;;;;
0253+  0968             ;; INPUT TEXT
0254+  0968             ;; terminated with CTRL+D
0255+  0968             ;; pointer in D
0256+  0968             ;;;;;;;;;;;;;;;;;;;;;;;;;;;;;;;;;;;;;;;;;;;;;;;;;;;;;;;;;;;;;;;;;;;;;;;;;;;;;;;;;;;;;;;;;;;;;;;;;;;;;;;;;;;;;;;;;;
0257+  0968             _gettxt:
0258+  0968 D7            push a
0259+  0969 DA            push d
0260+  096A             _gettxt_loop:
0261+  096A 19 01         mov al, 1
0262+  096C 05 03         syscall sys_io      ; receive in AH
0263+  096E B9 00         cmp al, 0        ; check error code (AL)
0264+  0970 C6 6A 09      je _gettxt_loop    ; if no char received, retry
0265+  0973 76 04         cmp ah, 4      ; EOT
0266+  0975 C6 B3 09      je _gettxt_end
0267+  0978 76 08         cmp ah, $08      ; check for backspace
0268+  097A C6 AF 09      je _gettxt_backspace
0269+  097D 76 5C         cmp ah, $5C        ; '\'
0270+  097F C6 88 09      je _gettxt_escape
0271+  0982 1A            mov al, ah
0272+  0983 3E            mov [d], al
0273+  0984 79            inc d
0274+  0985 0A 6A 09      jmp _gettxt_loop
0275+  0988             _gettxt_escape:
0276+  0988 19 01         mov al, 1
0277+  098A 05 03         syscall sys_io      ; receive in AH
0278+  098C B9 00         cmp al, 0        ; check error code (AL)
0279+  098E C6 88 09      je _gettxt_escape    ; if no char received, retry
0280+  0991 76 6E         cmp ah, 'n'
0281+  0993 C6 A1 09      je _gettxt_LF
0282+  0996 76 72         cmp ah, 'r'
0283+  0998 C6 A8 09      je _gettxt_CR
0284+  099B 1A            mov al, ah        ; if not a known escape, it is just a normal letter
0285+  099C 3E            mov [d], al
0286+  099D 79            inc d
0287+  099E 0A 6A 09      jmp _gettxt_loop
0288+  09A1             _gettxt_LF:
0289+  09A1 19 0A         mov al, $0A
0290+  09A3 3E            mov [d], al
0291+  09A4 79            inc d
0292+  09A5 0A 6A 09      jmp _gettxt_loop
0293+  09A8             _gettxt_CR:
0294+  09A8 19 0D         mov al, $0D
0295+  09AA 3E            mov [d], al
0296+  09AB 79            inc d
0297+  09AC 0A 6A 09      jmp _gettxt_loop
0298+  09AF             _gettxt_backspace:
0299+  09AF 7F            dec d
0300+  09B0 0A 6A 09      jmp _gettxt_loop
0301+  09B3             _gettxt_end:
0302+  09B3 19 00         mov al, 0
0303+  09B5 3E            mov [d], al        ; terminate string
0304+  09B6 E7            pop d
0305+  09B7 E4            pop a
0306+  09B8 09            ret
0307+  09B9             
0308+  09B9             ;;;;;;;;;;;;;;;;;;;;;;;;;;;;;;;;;;;;;;;;;;;;;;;;;;;;;;;;;;;;;;;;;;;;;;;;;;;;;;;;;;;;;;;;;;;;;;;;;;;;;;;;;;;;;;;;;;
0309+  09B9             ; PRINT NEW LINE
0310+  09B9             ;;;;;;;;;;;;;;;;;;;;;;;;;;;;;;;;;;;;;;;;;;;;;;;;;;;;;;;;;;;;;;;;;;;;;;;;;;;;;;;;;;;;;;;;;;;;;;;;;;;;;;;;;;;;;;;;;;
0311+  09B9             printnl:
0312+  09B9 D7            push a
0313+  09BA 10 00 0A      mov a, $0A00
0314+  09BD 05 03         syscall sys_io
0315+  09BF 10 00 0D      mov a, $0D00
0316+  09C2 05 03         syscall sys_io
0317+  09C4 E4            pop a
0318+  09C5 09            ret
0319+  09C6             
0320+  09C6             ;;;;;;;;;;;;;;;;;;;;;;;;;;;;;;;;;;;;;;;;;;;;;;;;;;;;;;;;;;;;;;;;;;;;;;;;;;;;;;;;;;;;;;;;;;;;;;;;;;;;;;;;;;;;;;;;;;
0321+  09C6             ; _strtoint
0322+  09C6             ; 4 digit hex string number in d
0323+  09C6             ; integer returned in A
0324+  09C6             ;;;;;;;;;;;;;;;;;;;;;;;;;;;;;;;;;;;;;;;;;;;;;;;;;;;;;;;;;;;;;;;;;;;;;;;;;;;;;;;;;;;;;;;;;;;;;;;;;;;;;;;;;;;;;;;;;;
0325+  09C6             _strtointx:
0326+  09C6 D8            push b
0327+  09C7 32            mov bl, [d]
0328+  09C8 37            mov bh, bl
0329+  09C9 33 01 00      mov bl, [d + 1]
0330+  09CC 07 54 08      call _atoi        ; convert to int in AL
0331+  09CF 23            mov ah, al        ; move to AH
0332+  09D0 33 02 00      mov bl, [d + 2]
0333+  09D3 37            mov bh, bl
0334+  09D4 33 03 00      mov bl, [d + 3]
0335+  09D7 07 54 08      call _atoi        ; convert to int in AL
0336+  09DA E5            pop b
0337+  09DB 09            ret
0338+  09DC             
0339+  09DC             ;;;;;;;;;;;;;;;;;;;;;;;;;;;;;;;;;;;;;;;;;;;;;;;;;;;;;;;;;;;;;;;;;;;;;;;;;;;;;;;;;;;;;;;;;;;;;;;;;;;;;;;;;;;;;;;;;;
0340+  09DC             ; _strtoint
0341+  09DC             ; 5 digit base10 string number in d
0342+  09DC             ; integer returned in A
0343+  09DC             ;;;;;;;;;;;;;;;;;;;;;;;;;;;;;;;;;;;;;;;;;;;;;;;;;;;;;;;;;;;;;;;;;;;;;;;;;;;;;;;;;;;;;;;;;;;;;;;;;;;;;;;;;;;;;;;;;;
0344+  09DC             _strtoint:
0345+  09DC E2            push si
0346+  09DD D8            push b
0347+  09DE D9            push c
0348+  09DF DA            push d
0349+  09E0 07 F6 07      call _strlen      ; get string length in C
0350+  09E3 7E            dec c
0351+  09E4 FD 4E         mov si, d
0352+  09E6 12            mov a, c
0353+  09E7 FD 99         shl a
0354+  09E9 3B 58 0B      mov d, table_power
0355+  09EC 59            add d, a
0356+  09ED 38 00 00      mov c, 0
0357+  09F0             _strtoint_L0:
0358+  09F0 F6            lodsb      ; load ASCII to al
0359+  09F1 B9 00         cmp al, 0
0360+  09F3 C6 06 0A      je _strtoint_end
0361+  09F6 6F 30         sub al, $30    ; make into integer
0362+  09F8 22 00         mov ah, 0
0363+  09FA 2A            mov b, [d]
0364+  09FB AC            mul a, b      ; result in B since it fits in 16bits
0365+  09FC 11            mov a, b
0366+  09FD 28            mov b, c
0367+  09FE 54            add a, b
0368+  09FF 39            mov c, a
0369+  0A00 63 02 00      sub d, 2
0370+  0A03 0A F0 09      jmp _strtoint_L0
0371+  0A06             _strtoint_end:
0372+  0A06 12            mov a, c
0373+  0A07 E7            pop d
0374+  0A08 E6            pop c
0375+  0A09 E5            pop b
0376+  0A0A EF            pop si
0377+  0A0B 09            ret
0378+  0A0C             
0379+  0A0C             
0380+  0A0C             ;;;;;;;;;;;;;;;;;;;;;;;;;;;;;;;;;;;;;;;;;;;;;;;;;;;;;;;;;;;;;;;;;;;;;;;;;;;;;;;;;;;;;;;;;;;;;;;;;;;;;;;;;;;;;;;;;;
0381+  0A0C             ; PRINT NULL TERMINATED STRING
0382+  0A0C             ; pointer in D
0383+  0A0C             ;;;;;;;;;;;;;;;;;;;;;;;;;;;;;;;;;;;;;;;;;;;;;;;;;;;;;;;;;;;;;;;;;;;;;;;;;;;;;;;;;;;;;;;;;;;;;;;;;;;;;;;;;;;;;;;;;;
0384+  0A0C             _puts:
0385+  0A0C D7            push a
0386+  0A0D DA            push d
0387+  0A0E             _puts_L1:
0388+  0A0E 1E            mov al, [d]
0389+  0A0F B9 00         cmp al, 0
0390+  0A11 C6 1D 0A      jz _puts_END
0391+  0A14 23            mov ah, al
0392+  0A15 19 00         mov al, 0
0393+  0A17 05 03         syscall sys_io
0394+  0A19 79            inc d
0395+  0A1A 0A 0E 0A      jmp _puts_L1
0396+  0A1D             _puts_END:
0397+  0A1D E7            pop d
0398+  0A1E E4            pop a
0399+  0A1F 09            ret
0400+  0A20             
0401+  0A20             ;;;;;;;;;;;;;;;;;;;;;;;;;;;;;;;;;;;;;;;;;;;;;;;;;;;;;;;;;;;;;;;;;;;;;;;;;;;;;;;;;;;;;;;;;;;;;;;;;;;;;;;;;;;;;;;;;;
0402+  0A20             ; PRINT N SIZE STRING
0403+  0A20             ; pointer in D
0404+  0A20             ; size in C
0405+  0A20             ;;;;;;;;;;;;;;;;;;;;;;;;;;;;;;;;;;;;;;;;;;;;;;;;;;;;;;;;;;;;;;;;;;;;;;;;;;;;;;;;;;;;;;;;;;;;;;;;;;;;;;;;;;;;;;;;;;
0406+  0A20             _putsn:
0407+  0A20 DB            push al
0408+  0A21 DA            push d
0409+  0A22 D9            push c
0410+  0A23             _putsn_L0:
0411+  0A23 1E            mov al, [d]
0412+  0A24 23            mov ah, al
0413+  0A25 19 00         mov al, 0
0414+  0A27 05 03         syscall sys_io
0415+  0A29 79            inc d
0416+  0A2A 7E            dec c  
0417+  0A2B C2 00 00      cmp c, 0
0418+  0A2E C7 23 0A      jne _putsn_L0
0419+  0A31             _putsn_end:
0420+  0A31 E6            pop c
0421+  0A32 E7            pop d
0422+  0A33 E8            pop al
0423+  0A34 09            ret
0424+  0A35             
0425+  0A35             ;;;;;;;;;;;;;;;;;;;;;;;;;;;;;;;;;;;;;;;;;;;;;;;;;;;;;;;;;;;;;;;;;;;;;;;;;;;;;;;;;;;;;;;
0426+  0A35             ; print 16bit decimal number
0427+  0A35             ; input number in A
0428+  0A35             ;;;;;;;;;;;;;;;;;;;;;;;;;;;;;;;;;;;;;;;;;;;;;;;;;;;;;;;;;;;;;;;;;;;;;;;;;;;;;;;;;;;;;;;
0429+  0A35             print_u16d:
0430+  0A35 D7            push a
0431+  0A36 D8            push b
0432+  0A37 26 10 27      mov b, 10000
0433+  0A3A AE            div a, b      ; get 10000's coeff.
0434+  0A3B 07 5D 0A      call print_number
0435+  0A3E 11            mov a, b
0436+  0A3F 26 E8 03      mov b, 1000
0437+  0A42 AE            div a, b      ; get 1000's coeff.
0438+  0A43 07 5D 0A      call print_number
0439+  0A46 11            mov a, b
0440+  0A47 26 64 00      mov b, 100
0441+  0A4A AE            div a, b
0442+  0A4B 07 5D 0A      call print_number
0443+  0A4E 11            mov a, b
0444+  0A4F 26 0A 00      mov b, 10
0445+  0A52 AE            div a, b
0446+  0A53 07 5D 0A      call print_number
0447+  0A56 1B            mov al, bl      ; 1's coeff in bl
0448+  0A57 07 5D 0A      call print_number
0449+  0A5A E5            pop b
0450+  0A5B E4            pop a
0451+  0A5C 09            ret
0452+  0A5D             
0453+  0A5D             ;;;;;;;;;;;;;;;;;;;;;;;;;;;;;;;;;;;;;;;;;;;;;;;;;;;;;;;;;;;;;;;;;;;;;;;;;;;;;;;;;;;;;;;
0454+  0A5D             ; print AL
0455+  0A5D             ;;;;;;;;;;;;;;;;;;;;;;;;;;;;;;;;;;;;;;;;;;;;;;;;;;;;;;;;;;;;;;;;;;;;;;;;;;;;;;;;;;;;;;;
0456+  0A5D             print_number:
0457+  0A5D 6A 30         add al, $30
0458+  0A5F 23            mov ah, al
0459+  0A60 07 9E 08      call _putchar
0460+  0A63 09            ret
0461+  0A64             
0462+  0A64             ;;;;;;;;;;;;;;;;;;;;;;;;;;;;;;;;;;;;;;;;;;;;;;;;;;;;;;;;;;;;;;;;;;;;;;;;;;;;;;;;;;;;;;;;;;;;;;;;;;;;;;;;;;;;;;;;;;
0463+  0A64             ; PRINT 16BIT HEX INTEGER
0464+  0A64             ; integer value in reg B
0465+  0A64             ;;;;;;;;;;;;;;;;;;;;;;;;;;;;;;;;;;;;;;;;;;;;;;;;;;;;;;;;;;;;;;;;;;;;;;;;;;;;;;;;;;;;;;;;;;;;;;;;;;;;;;;;;;;;;;;;;;
0466+  0A64             print_u16x:
0467+  0A64 D7            push a
0468+  0A65 D8            push b
0469+  0A66 DD            push bl
0470+  0A67 30            mov bl, bh
0471+  0A68 07 65 08      call _itoa        ; convert bh to char in A
0472+  0A6B 2F            mov bl, al        ; save al
0473+  0A6C 19 00         mov al, 0
0474+  0A6E 05 03         syscall sys_io        ; display AH
0475+  0A70 24            mov ah, bl        ; retrieve al
0476+  0A71 19 00         mov al, 0
0477+  0A73 05 03         syscall sys_io        ; display AL
0478+  0A75             
0479+  0A75 EA            pop bl
0480+  0A76 07 65 08      call _itoa        ; convert bh to char in A
0481+  0A79 2F            mov bl, al        ; save al
0482+  0A7A 19 00         mov al, 0
0483+  0A7C 05 03         syscall sys_io        ; display AH
0484+  0A7E 24            mov ah, bl        ; retrieve al
0485+  0A7F 19 00         mov al, 0
0486+  0A81 05 03         syscall sys_io        ; display AL
0487+  0A83             
0488+  0A83 E5            pop b
0489+  0A84 E4            pop a
0490+  0A85 09            ret
0491+  0A86             
0492+  0A86             ;;;;;;;;;;;;;;;;;;;;;;;;;;;;;;;;;;;;;;;;;;;;;;;;;;;;;;;;;;;;;;;;;;;;;;;;;;;;;;;;;;;;;;;;;;;;;;;;;;;;;;;;;;;;;;;;;;
0493+  0A86             ; INPUT 16BIT HEX INTEGER
0494+  0A86             ; read 16bit integer into A
0495+  0A86             ;;;;;;;;;;;;;;;;;;;;;;;;;;;;;;;;;;;;;;;;;;;;;;;;;;;;;;;;;;;;;;;;;;;;;;;;;;;;;;;;;;;;;;;;;;;;;;;;;;;;;;;;;;;;;;;;;;
0496+  0A86             scan_u16x:
0497+  0A86 F8 10 00      enter 16
0498+  0A89 D8            push b
0499+  0A8A DA            push d
0500+  0A8B             
0501+  0A8B FA F1 FF      lea d, [bp + -15]
0502+  0A8E 07 A5 08      call _gets        ; get number
0503+  0A91             
0504+  0A91 32            mov bl, [d]
0505+  0A92 37            mov bh, bl
0506+  0A93 33 01 00      mov bl, [d + 1]
0507+  0A96 07 54 08      call _atoi        ; convert to int in AL
0508+  0A99 23            mov ah, al        ; move to AH
0509+  0A9A             
0510+  0A9A 33 02 00      mov bl, [d + 2]
0511+  0A9D 37            mov bh, bl
0512+  0A9E 33 03 00      mov bl, [d + 3]
0513+  0AA1 07 54 08      call _atoi        ; convert to int in AL
0514+  0AA4             
0515+  0AA4 E7            pop d
0516+  0AA5 E5            pop b
0517+  0AA6 F9            leave
0518+  0AA7 09            ret
0519+  0AA8             
0520+  0AA8             ;;;;;;;;;;;;;;;;;;;;;;;;;;;;;;;;;;;;;;;;;;;;;;;;;;;;;;;;;;;;;;;;;;;;;;;;;;;;;;;;;;;;;;;;;;;;;;;;;;;;;;;;;;;;;;;;;;
0521+  0AA8             ; PRINT 8bit HEX INTEGER
0522+  0AA8             ; integer value in reg bl
0523+  0AA8             ;;;;;;;;;;;;;;;;;;;;;;;;;;;;;;;;;;;;;;;;;;;;;;;;;;;;;;;;;;;;;;;;;;;;;;;;;;;;;;;;;;;;;;;;;;;;;;;;;;;;;;;;;;;;;;;;;;
0524+  0AA8             print_u8x:
0525+  0AA8 D7            push a
0526+  0AA9 DD            push bl
0527+  0AAA             
0528+  0AAA 07 65 08      call _itoa        ; convert bl to char in A
0529+  0AAD 2F            mov bl, al        ; save al
0530+  0AAE 19 00         mov al, 0
0531+  0AB0 05 03         syscall sys_io        ; display AH
0532+  0AB2 24            mov ah, bl        ; retrieve al
0533+  0AB3 19 00         mov al, 0
0534+  0AB5 05 03         syscall sys_io        ; display AL
0535+  0AB7             
0536+  0AB7 EA            pop bl
0537+  0AB8 E4            pop a
0538+  0AB9 09            ret
0539+  0ABA             
0540+  0ABA             ;;;;;;;;;;;;;;;;;;;;;;;;;;;;;;;;;;;;;;;;;;;;;;;;;;;;;;;;;;;;;;;;;;;;;;;;;;;;;;;;;;;;;;;
0541+  0ABA             ; print 8bit decimal unsigned number
0542+  0ABA             ; input number in AL
0543+  0ABA             ;;;;;;;;;;;;;;;;;;;;;;;;;;;;;;;;;;;;;;;;;;;;;;;;;;;;;;;;;;;;;;;;;;;;;;;;;;;;;;;;;;;;;;;
0544+  0ABA             print_u8d:
0545+  0ABA D7            push a
0546+  0ABB D8            push b
0547+  0ABC             
0548+  0ABC 22 00         mov ah, 0
0549+  0ABE 26 64 00      mov b, 100
0550+  0AC1 AE            div a, b
0551+  0AC2 D8            push b      ; save remainder
0552+  0AC3 B9 00         cmp al, 0
0553+  0AC5 C6 CF 0A      je skip100
0554+  0AC8 6A 30         add al, $30
0555+  0ACA 23            mov ah, al
0556+  0ACB 19 00         mov al, 0
0557+  0ACD 05 03         syscall sys_io  ; print coeff
0558+  0ACF             skip100:
0559+  0ACF E4            pop a
0560+  0AD0 22 00         mov ah, 0
0561+  0AD2 26 0A 00      mov b, 10
0562+  0AD5 AE            div a, b
0563+  0AD6 D8            push b      ; save remainder
0564+  0AD7 B9 00         cmp al, 0
0565+  0AD9 C6 E3 0A      je skip10
0566+  0ADC 6A 30         add al, $30
0567+  0ADE 23            mov ah, al
0568+  0ADF 19 00         mov al, 0
0569+  0AE1 05 03         syscall sys_io  ; print coeff
0570+  0AE3             skip10:
0571+  0AE3 E4            pop a
0572+  0AE4 1B            mov al, bl
0573+  0AE5 6A 30         add al, $30
0574+  0AE7 23            mov ah, al
0575+  0AE8 19 00         mov al, 0
0576+  0AEA 05 03         syscall sys_io  ; print coeff
0577+  0AEC E5            pop b
0578+  0AED E4            pop a
0579+  0AEE 09            ret
0580+  0AEF             
0581+  0AEF             ;;;;;;;;;;;;;;;;;;;;;;;;;;;;;;;;;;;;;;;;;;;;;;;;;;;;;;;;;;;;;;;;;;;;;;;;;;;;;;;;;;;;;;;;;;;;;;;;;;;;;;;;;;;;;;;;;;
0582+  0AEF             ; INPUT 8BIT HEX INTEGER
0583+  0AEF             ; read 8bit integer into AL
0584+  0AEF             ;;;;;;;;;;;;;;;;;;;;;;;;;;;;;;;;;;;;;;;;;;;;;;;;;;;;;;;;;;;;;;;;;;;;;;;;;;;;;;;;;;;;;;;;;;;;;;;;;;;;;;;;;;;;;;;;;;
0585+  0AEF             scan_u8x:
0586+  0AEF F8 04 00      enter 4
0587+  0AF2 D8            push b
0588+  0AF3 DA            push d
0589+  0AF4             
0590+  0AF4 FA FD FF      lea d, [bp + -3]
0591+  0AF7 07 A5 08      call _gets        ; get number
0592+  0AFA             
0593+  0AFA 32            mov bl, [d]
0594+  0AFB 37            mov bh, bl
0595+  0AFC 33 01 00      mov bl, [d + 1]
0596+  0AFF 07 54 08      call _atoi        ; convert to int in AL
0597+  0B02             
0598+  0B02 E7            pop d
0599+  0B03 E5            pop b
0600+  0B04 F9            leave
0601+  0B05 09            ret
0602+  0B06             
0603+  0B06             ;;;;;;;;;;;;;;;;;;;;;;;;;;;;;;;;;;;;;;;;;;;;;;;;;;;;;;;;;;;;;;;;;;;;;;;;;;;;;;;;;;;;;;;
0604+  0B06             ; input decimal number
0605+  0B06             ; result in A
0606+  0B06             ; 655'\0'
0607+  0B06             ; low--------high
0608+  0B06             ;;;;;;;;;;;;;;;;;;;;;;;;;;;;;;;;;;;;;;;;;;;;;;;;;;;;;;;;;;;;;;;;;;;;;;;;;;;;;;;;;;;;;;;
0609+  0B06             scan_u16d:
0610+  0B06 F8 08 00      enter 8
0611+  0B09 E2            push si
0612+  0B0A D8            push b
0613+  0B0B D9            push c
0614+  0B0C DA            push d
0615+  0B0D FA F9 FF      lea d, [bp +- 7]
0616+  0B10 07 A5 08      call _gets
0617+  0B13 07 F6 07      call _strlen      ; get string length in C
0618+  0B16 7E            dec c
0619+  0B17 FD 4E         mov si, d
0620+  0B19 12            mov a, c
0621+  0B1A FD 99         shl a
0622+  0B1C 3B 58 0B      mov d, table_power
0623+  0B1F 59            add d, a
0624+  0B20 38 00 00      mov c, 0
0625+  0B23             mul_loop:
0626+  0B23 F6            lodsb      ; load ASCII to al
0627+  0B24 B9 00         cmp al, 0
0628+  0B26 C6 39 0B      je mul_exit
0629+  0B29 6F 30         sub al, $30    ; make into integer
0630+  0B2B 22 00         mov ah, 0
0631+  0B2D 2A            mov b, [d]
0632+  0B2E AC            mul a, b      ; result in B since it fits in 16bits
0633+  0B2F 11            mov a, b
0634+  0B30 28            mov b, c
0635+  0B31 54            add a, b
0636+  0B32 39            mov c, a
0637+  0B33 63 02 00      sub d, 2
0638+  0B36 0A 23 0B      jmp mul_loop
0639+  0B39             mul_exit:
0640+  0B39 12            mov a, c
0641+  0B3A E7            pop d
0642+  0B3B E6            pop c
0643+  0B3C E5            pop b
0644+  0B3D EF            pop si
0645+  0B3E F9            leave
0646+  0B3F 09            ret
0647+  0B40             
0648+  0B40             
0649+  0B40 30 31 32 33 s_hex_digits:    .db "0123456789ABCDEF"  
0649+  0B44 34 35 36 37 
0649+  0B48 38 39 41 42 
0649+  0B4C 43 44 45 46 
0650+  0B50 1B 5B 32 4A s_telnet_clear:  .db "\033[2J\033[H", 0
0650+  0B54 1B 5B 48 00 
0651+  0B58             
0652+  0B58             table_power:
0653+  0B58 01 00         .dw 1
0654+  0B5A 0A 00         .dw 10
0655+  0B5C 64 00         .dw 100
0656+  0B5E E8 03         .dw 1000
0657+  0B60 10 27         .dw 100000025   0B62             .include "lib/ctype.asm"
0001+  0B62             ;;;;;;;;;;;;;;;;;;;;;;;;;;;;;;;;;;;;;;;;;;;;;;;;;;;;;;;;;;;;;;;;;;;;;;;;;;;;;;;;;;;;;;;;;;;;;;;;;;;;;;;;;;;;;;;;;;
0002+  0B62             ; ctype.s
0003+  0B62             ;;;;;;;;;;;;;;;;;;;;;;;;;;;;;;;;;;;;;;;;;;;;;;;;;;;;;;;;;;;;;;;;;;;;;;;;;;;;;;;;;;;;;;;;;;;;;;;;;;;;;;;;;;;;;;;;;;
0004+  0B62             
0005+  0B62             ;;;;;;;;;;;;;;;;;;;;;;;;;;;;;;;;;;;;;;;;;;;;;;;;;;;;;;;;;;;;;;;;;;;;;;;;;;;;;;;;;;;;;;;;;;;;;;;;;;;;;;;;;;;;;;;;;;
0006+  0B62             ;; C character classification is an operation provided by a group of functions in the ANSI C Standard Library
0007+  0B62             ;; for the C programming language. These functions are used to test characters for membership in a particular
0008+  0B62             ;; class of characters, such as alphabetic characters, control characters, etc. Both single-byte, and wide
0009+  0B62             ;; characters are supported.
0010+  0B62             ;;;;;;;;;;;;;;;;;;;;;;;;;;;;;;;;;;;;;;;;;;;;;;;;;;;;;;;;;;;;;;;;;;;;;;;;;;;;;;;;;;;;;;;;;;;;;;;;;;;;;;;;;;;;;;;;;;
0011+  0B62             ;; _isalnum 
0012+  0B62             ;; _isalpha 
0013+  0B62             ;; islower 
0014+  0B62             ;; isupper 
0015+  0B62             ;; _isdigit 
0016+  0B62             ;; isxdigit
0017+  0B62             ;; iscntrl 
0018+  0B62             ;; isgraph 
0019+  0B62             ;; _isspace 
0020+  0B62             ;; isblank 
0021+  0B62             ;; isprint 
0022+  0B62             ;; ispunct 
0023+  0B62             ;; tolower 
0024+  0B62             ;; toupper
0025+  0B62             
0026+  0B62             
0027+  0B62             ;;;;;;;;;;;;;;;;;;;;;;;;;;;;;;;;;;;;;;;;;;;;;;;;;;;;;;;;;;;;;;;;;;;;;;;;;;;;;;;;;;
0028+  0B62             ;; IS ALPHANUMERIC
0029+  0B62             ;; sets ZF according with result
0030+  0B62             ;;;;;;;;;;;;;;;;;;;;;;;;;;;;;;;;;;;;;;;;;;;;;;;;;;;;;;;;;;;;;;;;;;;;;;;;;;;;;;;;;;
0031+  0B62             _isalnum:
0032+  0B62 07 7F 0B    	call _isalpha
0033+  0B65 C6 6B 0B    	je _isalnum_exit
0034+  0B68 07 6C 0B    	call _isdigit
0035+  0B6B             _isalnum_exit:
0036+  0B6B 09          	ret	
0037+  0B6C             ;;;;;;;;;;;;;;;;;;;;;;;;;;;;;;;;;;;;;;;;;;;;;;;;;;;;;;;;;;;;;;;;;;;;;;;;;;;;;;;;;;
0038+  0B6C             ;; IS DIGIT
0039+  0B6C             ;; sets ZF according with result
0040+  0B6C             ;;;;;;;;;;;;;;;;;;;;;;;;;;;;;;;;;;;;;;;;;;;;;;;;;;;;;;;;;;;;;;;;;;;;;;;;;;;;;;;;;;
0041+  0B6C             _isdigit:
0042+  0B6C DB          	push al
0043+  0B6D B9 30       	cmp al, '0'
0044+  0B6F C8 7B 0B    	jlu _isdigit_false
0045+  0B72 B9 39       	cmp al, '9'
0046+  0B74 D1 7B 0B    	jgu _isdigit_false
0047+  0B77 87 00       	and al, 0	; set ZF
0048+  0B79 E8          	pop al
0049+  0B7A 09          	ret
0050+  0B7B             _isdigit_false:
0051+  0B7B 8B 01       	or al, 1	; clear ZF
0052+  0B7D E8          	pop al
0053+  0B7E 09          	ret	
0054+  0B7F             	
0055+  0B7F             ;;;;;;;;;;;;;;;;;;;;;;;;;;;;;;;;;;;;;;;;;;;;;;;;;;;;;;;;;;;;;;;;;;;;;;;;;;;;;;;;;;
0056+  0B7F             ;; IS ALPHA
0057+  0B7F             ;; sets ZF according with result
0058+  0B7F             ;;;;;;;;;;;;;;;;;;;;;;;;;;;;;;;;;;;;;;;;;;;;;;;;;;;;;;;;;;;;;;;;;;;;;;;;;;;;;;;;;;
0059+  0B7F             _isalpha:
0060+  0B7F DB          	push al
0061+  0B80 B9 5F       	cmp al, '_'
0062+  0B82 C6 A2 0B    	je _isalpha_true
0063+  0B85 B9 2E       	cmp al, '.'
0064+  0B87 C6 A2 0B    	je _isalpha_true
0065+  0B8A B9 41       	cmp al, 'A'
0066+  0B8C C8 9E 0B    	jlu _isalpha_false
0067+  0B8F B9 7A       	cmp al, 'z'
0068+  0B91 D1 9E 0B    	jgu _isalpha_false
0069+  0B94 B9 5A       	cmp al, 'Z'
0070+  0B96 D0 A2 0B    	jleu _isalpha_true
0071+  0B99 B9 61       	cmp al, 'a'
0072+  0B9B C9 A2 0B    	jgeu _isalpha_true
0073+  0B9E             _isalpha_false:
0074+  0B9E 8B 01       	or al, 1	; clear ZF
0075+  0BA0 E8          	pop al
0076+  0BA1 09          	ret
0077+  0BA2             _isalpha_true:
0078+  0BA2 87 00       	and al, 0	; set ZF
0079+  0BA4 E8          	pop al
0080+  0BA5 09          	ret
0081+  0BA6             
0082+  0BA6             ;;;;;;;;;;;;;;;;;;;;;;;;;;;;;;;;;;;;;;;;;;;;;;;;;;;;;;;;;;;;;;;;;;;;;;;;;;;;;;;;;;
0083+  0BA6             ;; IS PATH-ALPHA
0084+  0BA6             ;; sets ZF according with result
0085+  0BA6             ;;;;;;;;;;;;;;;;;;;;;;;;;;;;;;;;;;;;;;;;;;;;;;;;;;;;;;;;;;;;;;;;;;;;;;;;;;;;;;;;;;
0086+  0BA6             ispath:
0087+  0BA6 DB          	push al
0088+  0BA7 07 6C 0B    	call _isdigit
0089+  0BAA C6 D4 0B    	je ispath_true
0090+  0BAD B9 5F       	cmp al, '_'
0091+  0BAF C6 D4 0B    	je ispath_true
0092+  0BB2 B9 2F       	cmp al, '/'
0093+  0BB4 C6 D4 0B    	je ispath_true
0094+  0BB7 B9 2E       	cmp al, '.'
0095+  0BB9 C6 D4 0B    	je ispath_true
0096+  0BBC B9 41       	cmp al, 'A'
0097+  0BBE C8 D0 0B    	jlu ispath_false
0098+  0BC1 B9 7A       	cmp al, 'z'
0099+  0BC3 D1 D0 0B    	jgu ispath_false
0100+  0BC6 B9 5A       	cmp al, 'Z'
0101+  0BC8 D0 D4 0B    	jleu ispath_true
0102+  0BCB B9 61       	cmp al, 'a'
0103+  0BCD C9 D4 0B    	jgeu ispath_true
0104+  0BD0             ispath_false:
0105+  0BD0 8B 01       	or al, 1	; clear ZF
0106+  0BD2 E8          	pop al
0107+  0BD3 09          	ret
0108+  0BD4             ispath_true:
0109+  0BD4 87 00       	and al, 0	; set ZF
0110+  0BD6 E8          	pop al
0111+  0BD7 09          	ret
0112+  0BD8             ;;;;;;;;;;;;;;;;;;;;;;;;;;;;;;;;;;;;;;;;;;;;;;;;;;;;;;;;;;;;;;;;;;;;;;;;;;;;;;;;;;
0113+  0BD8             ;; IS SPACE
0114+  0BD8             ;; sets ZF according with result
0115+  0BD8             ;;;;;;;;;;;;;;;;;;;;;;;;;;;;;;;;;;;;;;;;;;;;;;;;;;;;;;;;;;;;;;;;;;;;;;;;;;;;;;;;;;
0116+  0BD8             _isspace:
0117+  0BD8 B9 20       	cmp al, $20		; ' '
0118+  0BDA C6 EE 0B    	je _isspace_exit
0119+  0BDD B9 09       	cmp al, $09		; '\t'
0120+  0BDF C6 EE 0B    	je _isspace_exit
0121+  0BE2 B9 0A       	cmp al, $0A		; '\n'
0122+  0BE4 C6 EE 0B    	je _isspace_exit
0123+  0BE7 B9 0D       	cmp al, $0D		; '\r'
0124+  0BE9 C6 EE 0B    	je _isspace_exit
0125+  0BEC B9 0B       	cmp al, $0B		; '\v'
0126+  0BEE             _isspace_exit:
0127+  0BEE 09          	ret	
0128+  0BEF             
0129+  0BEF             ;;;;;;;;;;;;;;;;;;;;;;;;;;;;;;;;;;;;;;;;;;;;;;;;;;;;;;;;;;;;;;;;;;;;;;;;;;;;;;;;;;;;;;;;;;;;;;;;;;;;;;;;;;;;;;;;;;
0130+  0BEF             ; TO LOWER
0131+  0BEF             ; input in AL
0132+  0BEF             ; output in AL
0133+  0BEF             ;;;;;;;;;;;;;;;;;;;;;;;;;;;;;;;;;;;;;;;;;;;;;;;;;;;;;;;;;;;;;;;;;;;;;;;;;;;;;;;;;;;;;;;;;;;;;;;;;;;;;;;;;;;;;;;;;;
0134+  0BEF             _to_lower:
0135+  0BEF B9 5A       	cmp al, 'Z'
0136+  0BF1 D1 F6 0B    	jgu _to_lower_ret
0137+  0BF4 6A 20       	add al, $20				; convert to lower case
0138+  0BF6             _to_lower_ret:
0139+  0BF6 09          	ret
0140+  0BF7             ;;;;;;;;;;;;;;;;;;;;;;;;;;;;;;;;;;;;;;;;;;;;;;;;;;;;;;;;;;;;;;;;;;;;;;;;;;;;;;;;;;;;;;;;;;;;;;;;;;;;;;;;;;;;;;;;;;
0141+  0BF7             ; TO UPPER
0142+  0BF7             ; input in AL
0143+  0BF7             ; output in AL
0144+  0BF7             ;;;;;;;;;;;;;;;;;;;;;;;;;;;;;;;;;;;;;;;;;;;;;;;;;;;;;;;;;;;;;;;;;;;;;;;;;;;;;;;;;;;;;;;;;;;;;;;;;;;;;;;;;;;;;;;;;;
0145+  0BF7             _to_upper:
0146+  0BF7 B9 61       	cmp al, 'a'
0147+  0BF9 C8 FE 0B    	jlu _to_upper_ret
0148+  0BFC 6F 20       	sub al, $20			; convert to upper case
0149+  0BFE             _to_upper_ret:
0150+  0BFE 09          	ret
0151+  0BFF             
0026   0BFF             
0027   0BFF             .end
0028   0BFF             
0029   0BFF             
tasm: Number of errors = 0
