0001   0000             .include "lib/kernel.exp"
0001+  0000             TEXT_ORG    .EQU  $0400
0002+  0000             sys_bkpt         .EQU  $0000
0003+  0000             sys_rtc          .EQU  $0001
0004+  0000             sys_ide          .EQU  $0002
0005+  0000             sys_io           .EQU  $0003
0006+  0000             sys_filesystem   .EQU  $0004
0007+  0000             sys_spawn_proc   .EQU  $0005
0008+  0000             sys_list         .EQU  $0006
0009+  0000             sys_datetime     .EQU  $0007
0010+  0000             sys_reboot       .EQU  $0008
0011+  0000             sys_pause_proc   .EQU  $0009
0012+  0000             sys_resume_proc  .EQU  $000a
0013+  0000             sys_terminate_proc .EQU  $000b
0014+  0000             sys_system       .EQU  $000c
0015+  0000             sys_boot_install .EQU  $000d
0002   0000             ;;;;;;;;;;;;;;;;;;;;;;;;;;;;;;;;;;;;;;;;;;;;;;;;;;;;;;;;;;;;;;;;;;;;;;;;;;;;;;;;;;;;;;;;;;;;;;;;;;;;;;;;;;;;;;;;;;
0003   0000             ; SHELL
0004   0000             ;;;;;;;;;;;;;;;;;;;;;;;;;;;;;;;;;;;;;;;;;;;;;;;;;;;;;;;;;;;;;;;;;;;;;;;;;;;;;;;;;;;;;;;;;;;;;;;;;;;;;;;;;;;;;;;;;;
0005   0000             
0006   0000             ;;;;;;;;;;;;;;;;;;;;;;;;;;;;;;;;;;;;;;;;;;;;;;;;;;;;;;;;;;;;;;;;;;;;;;;;;;;;;;;;;;;;;;;;;;;;;;;;;;;;;;;;;;;;;;;;;;
0007   0000             ; SYSTEM CONSTANTS / EQUATIONS
0008   0000             ;;;;;;;;;;;;;;;;;;;;;;;;;;;;;;;;;;;;;;;;;;;;;;;;;;;;;;;;;;;;;;;;;;;;;;;;;;;;;;;;;;;;;;;;;;;;;;;;;;;;;;;;;;;;;;;;;;
0009   0000             STACK_BEGIN:	.equ $F7FF	; beginning of stack
0010   0000             
0011   0400             .org TEXT_ORG			; origin at 1024
0012   0400             
0013   0400             shell_main:	
0014   0400 FD 49 FF F7 	mov bp, STACK_BEGIN
0015   0404 FD 47 FF F7 	mov sp, STACK_BEGIN
0016   0408             
0017   0408 3B 19 04    	mov d, s_prompt_init
0018   040B 07 9F 06    	call _puts
0019   040E             
0020   040E 3B 27 04    	mov d, s_prompt_shell
0021   0411 07 9F 06    	call _puts
0022   0414 3B 45 04    	mov d, s_shell_path
0023   0417 05 05       	syscall sys_spawn_proc
0024   0419             
0025   0419 69 6E 69 74 s_prompt_init:	.db "init started\n", 0
0025   041D 20 73 74 61 
0025   0421 72 74 65 64 
0025   0425 0A 00 
0026   0427 4C 61 75 6E s_prompt_shell:	.db "Launching a shell session...\n", 0
0026   042B 63 68 69 6E 
0026   042F 67 20 61 20 
0026   0433 73 68 65 6C 
0026   0437 6C 20 73 65 
0026   043B 73 73 69 6F 
0026   043F 6E 2E 2E 2E 
0026   0443 0A 00 
0027   0445 2F 75 73 72 s_shell_path:	  .db "/usr/bin/shell", 0
0027   0449 2F 62 69 6E 
0027   044D 2F 73 68 65 
0027   0451 6C 6C 00 
0028   0454             
0029   0454             .include "lib/stdio.asm"
0001+  0454             ;;;;;;;;;;;;;;;;;;;;;;;;;;;;;;;;;;;;;;;;;;;;;;;;;;;;;;;;;;;;;;;;;;;;;;;;;;;;;;;;;;;;;;;;;;;;;;;;;;;;;;;;;;;;;;;;;;
0002+  0454             ; stdio.s
0003+  0454             ;;;;;;;;;;;;;;;;;;;;;;;;;;;;;;;;;;;;;;;;;;;;;;;;;;;;;;;;;;;;;;;;;;;;;;;;;;;;;;;;;;;;;;;;;;;;;;;;;;;;;;;;;;;;;;;;;;
0004+  0454             .include "lib/string.asm"
0001++ 0454             ;;;;;;;;;;;;;;;;;;;;;;;;;;;;;;;;;;;;;;;;;;;;;;;;;;;;;;;;;;;;;;;;;;;;;;;;;;;;;;;;;;;;;;;;;;;;;;;;;;;;;;;;;;;;;;;;;;
0002++ 0454             ; string.s
0003++ 0454             ;;;;;;;;;;;;;;;;;;;;;;;;;;;;;;;;;;;;;;;;;;;;;;;;;;;;;;;;;;;;;;;;;;;;;;;;;;;;;;;;;;;;;;;;;;;;;;;;;;;;;;;;;;;;;;;;;;
0004++ 0454             
0005++ 0454             
0006++ 0454             ;;;;;;;;;;;;;;;;;;;;;;;;;;;;;;;;;;;;;;;;;;;;;;;;;;;;;;;;;;;;;;;;;;;;;;;;;;;;;;;;;;;;;;;;;;;;;;;;;;;;;;;;;;;;;;;;;;
0007++ 0454             ; _strrev
0008++ 0454             ; reverse a string
0009++ 0454             ; D = string address
0010++ 0454             ;;;;;;;;;;;;;;;;;;;;;;;;;;;;;;;;;;;;;;;;;;;;;;;;;;;;;;;;;;;;;;;;;;;;;;;;;;;;;;;;;;;;;;;;;;;;;;;;;;;;;;;;;;;;;;;;;;
0011++ 0454             ; 01234
0012++ 0454             _strrev:
0013++ 0454 4B          	pusha
0014++ 0455 07 9B 04    	call _strlen	; length in C
0015++ 0458 12          	mov a, c
0016++ 0459 AF 01 00    	cmp a, 1
0017++ 045C D0 76 04    	jleu _strrev_end	; check string length. string len must be > 1
0018++ 045F 7D          	dec a
0019++ 0460 FD 4E       	mov si, d	; beginning of string
0020++ 0462 FD 50       	mov di, d	; beginning of string (for destinations)
0021++ 0464 59          	add d, a	; end of string
0022++ 0465 12          	mov a, c
0023++ 0466 FD 9B       	shr a		; divide by 2
0024++ 0468 39          	mov c, a	; C now counts the steps
0025++ 0469             _strrev_L0:
0026++ 0469 32          	mov bl, [d]	; save load right-side char into BL
0027++ 046A F6          	lodsb		; load left-side char into AL; increase SI
0028++ 046B 3E          	mov [d], al	; store left char into right side
0029++ 046C 1B          	mov al, bl
0030++ 046D F7          	stosb		; store right-side char into left-side; increase DI
0031++ 046E 7E          	dec c
0032++ 046F 7F          	dec d
0033++ 0470 C2 00 00    	cmp c, 0
0034++ 0473 C7 69 04    	jne _strrev_L0
0035++ 0476             _strrev_end:
0036++ 0476 4C          	popa
0037++ 0477 09          	ret
0038++ 0478             	
0039++ 0478             ;;;;;;;;;;;;;;;;;;;;;;;;;;;;;;;;;;;;;;;;;;;;;;;;;;;;;;;;;;;;;;;;;;;;;;;;;;;;;;;;;;;;;;;;;;;;;;;;;;;;;;;;;;;;;;;;;;
0040++ 0478             ; _strchr
0041++ 0478             ; search string in D for char in AL
0042++ 0478             ;;;;;;;;;;;;;;;;;;;;;;;;;;;;;;;;;;;;;;;;;;;;;;;;;;;;;;;;;;;;;;;;;;;;;;;;;;;;;;;;;;;;;;;;;;;;;;;;;;;;;;;;;;;;;;;;;;
0043++ 0478             _strchr:
0044++ 0478             _strchr_L0:
0045++ 0478 32          	mov bl, [d]
0046++ 0479 C1 00       	cmp bl, 0
0047++ 047B C6 86 04    	je _strchr_end
0048++ 047E BA          	cmp al, bl
0049++ 047F C6 86 04    	je _strchr_end
0050++ 0482 79          	inc d
0051++ 0483 0A 78 04    	jmp _strchr_L0
0052++ 0486             _strchr_end:
0053++ 0486 1B          	mov al, bl
0054++ 0487 09          	ret
0055++ 0488             
0056++ 0488             ;;;;;;;;;;;;;;;;;;;;;;;;;;;;;;;;;;;;;;;;;;;;;;;;;;;;;;;;;;;;;;;;;;;;;;;;;;;;;;;;;;;;;;;;;;;;;;;;;;;;;;;;;;;;;;;;;;
0057++ 0488             ; _strstr
0058++ 0488             ; find sub-string
0059++ 0488             ; str1 in SI
0060++ 0488             ; str2 in DI
0061++ 0488             ; SI points to end of source string
0062++ 0488             ;;;;;;;;;;;;;;;;;;;;;;;;;;;;;;;;;;;;;;;;;;;;;;;;;;;;;;;;;;;;;;;;;;;;;;;;;;;;;;;;;;;;;;;;;;;;;;;;;;;;;;;;;;;;;;;;;;
0063++ 0488             _strstr:
0064++ 0488 DB          	push al
0065++ 0489 DA          	push d
0066++ 048A E3          	push di
0067++ 048B             _strstr_loop:
0068++ 048B F3          	cmpsb					; compare a byte of the strings
0069++ 048C C7 97 04    	jne _strstr_ret
0070++ 048F FC 00 00    	lea d, [di + 0]
0071++ 0492 BD 00       	cmp byte[d], 0				; check if at end of string (null)
0072++ 0494 C7 8B 04    	jne _strstr_loop				; equal chars but not at end
0073++ 0497             _strstr_ret:
0074++ 0497 F0          	pop di
0075++ 0498 E7          	pop d
0076++ 0499 E8          	pop al
0077++ 049A 09          	ret
0078++ 049B             ;;;;;;;;;;;;;;;;;;;;;;;;;;;;;;;;;;;;;;;;;;;;;;;;;;;;;;;;;;;;;;;;;;;;;;;;;;;;;;;;;;;;;;;
0079++ 049B             ; length of null terminated string
0080++ 049B             ; result in C
0081++ 049B             ; pointer in D
0082++ 049B             ;;;;;;;;;;;;;;;;;;;;;;;;;;;;;;;;;;;;;;;;;;;;;;;;;;;;;;;;;;;;;;;;;;;;;;;;;;;;;;;;;;;;;;;
0083++ 049B             _strlen:
0084++ 049B DA          	push d
0085++ 049C 38 00 00    	mov c, 0
0086++ 049F             _strlen_L1:
0087++ 049F BD 00       	cmp byte [d], 0
0088++ 04A1 C6 A9 04    	je _strlen_ret
0089++ 04A4 79          	inc d
0090++ 04A5 78          	inc c
0091++ 04A6 0A 9F 04    	jmp _strlen_L1
0092++ 04A9             _strlen_ret:
0093++ 04A9 E7          	pop d
0094++ 04AA 09          	ret
0095++ 04AB             
0096++ 04AB             ;;;;;;;;;;;;;;;;;;;;;;;;;;;;;;;;;;;;;;;;;;;;;;;;;;;;;;;;;;;;;;;;;;;;;;;;;;;;;;;;;;;;;;;;;;;;;;;;;;;;;;;;;;;;;;;;;;
0097++ 04AB             ; STRCMP
0098++ 04AB             ; compare two strings
0099++ 04AB             ; str1 in SI
0100++ 04AB             ; str2 in DI
0101++ 04AB             ; CREATE A STRING COMPAIRON INSTRUCION ?????
0102++ 04AB             ;;;;;;;;;;;;;;;;;;;;;;;;;;;;;;;;;;;;;;;;;;;;;;;;;;;;;;;;;;;;;;;;;;;;;;;;;;;;;;;;;;;;;;;;;;;;;;;;;;;;;;;;;;;;;;;;;;
0103++ 04AB             _strcmp:
0104++ 04AB DB          	push al
0105++ 04AC DA          	push d
0106++ 04AD E3          	push di
0107++ 04AE E2          	push si
0108++ 04AF             _strcmp_loop:
0109++ 04AF F3          	cmpsb					; compare a byte of the strings
0110++ 04B0 C7 BB 04    	jne _strcmp_ret
0111++ 04B3 FB FF FF    	lea d, [si +- 1]
0112++ 04B6 BD 00       	cmp byte[d], 0				; check if at end of string (null)
0113++ 04B8 C7 AF 04    	jne _strcmp_loop				; equal chars but not at end
0114++ 04BB             _strcmp_ret:
0115++ 04BB EF          	pop si
0116++ 04BC F0          	pop di
0117++ 04BD E7          	pop d
0118++ 04BE E8          	pop al
0119++ 04BF 09          	ret
0120++ 04C0             
0121++ 04C0             
0122++ 04C0             ; STRCPY
0123++ 04C0             ; copy null terminated string from SI to DI
0124++ 04C0             ; source in SI
0125++ 04C0             ; destination in DI
0126++ 04C0             _strcpy:
0127++ 04C0 E2          	push si
0128++ 04C1 E3          	push di
0129++ 04C2 DB          	push al
0130++ 04C3             _strcpy_L1:
0131++ 04C3 F6          	lodsb
0132++ 04C4 F7          	stosb
0133++ 04C5 B9 00       	cmp al, 0
0134++ 04C7 C7 C3 04    	jne _strcpy_L1
0135++ 04CA             _strcpy_end:
0136++ 04CA E8          	pop al
0137++ 04CB F0          	pop di
0138++ 04CC EF          	pop si
0139++ 04CD 09          	ret
0140++ 04CE             
0141++ 04CE             ; STRCAT
0142++ 04CE             ; concatenate a NULL terminated string into string at DI, from string at SI
0143++ 04CE             ; source in SI
0144++ 04CE             ; destination in DI
0145++ 04CE             _strcat:
0146++ 04CE E2          	push si
0147++ 04CF E3          	push di
0148++ 04D0 D7          	push a
0149++ 04D1 DA          	push d
0150++ 04D2 50          	mov a, di
0151++ 04D3 3C          	mov d, a
0152++ 04D4             _strcat_goto_end_L1:
0153++ 04D4 BD 00       	cmp byte[d], 0
0154++ 04D6 C6 DD 04    	je _strcat_start
0155++ 04D9 79          	inc d
0156++ 04DA 0A D4 04    	jmp _strcat_goto_end_L1
0157++ 04DD             _strcat_start:
0158++ 04DD FD 50       	mov di, d
0159++ 04DF             _strcat_L1:
0160++ 04DF F6          	lodsb
0161++ 04E0 F7          	stosb
0162++ 04E1 B9 00       	cmp al, 0
0163++ 04E3 C7 DF 04    	jne _strcat_L1
0164++ 04E6             _strcat_end:
0165++ 04E6 E7          	pop d
0166++ 04E7 E4          	pop a
0167++ 04E8 F0          	pop di
0168++ 04E9 EF          	pop si
0169++ 04EA 09          	ret
0170++ 04EB             
0171++ 04EB             
0005+  04EB             
0006+  04EB 30 31 32 33 s_hex_digits:    .db "0123456789ABCDEF"  
0006+  04EF 34 35 36 37 
0006+  04F3 38 39 41 42 
0006+  04F7 43 44 45 46 
0007+  04FB 1B 5B 32 4A s_telnet_clear:  .db 27, "[2J", 27, "[H", 0
0007+  04FF 1B 5B 48 00 
0008+  0503             
0009+  0503             table_power:
0010+  0503 01 00         .dw 1
0011+  0505 0A 00         .dw 10
0012+  0507 64 00         .dw 100
0013+  0509 E8 03         .dw 1000
0014+  050B 10 27         .dw 10000
0015+  050D             
0016+  050D             ;;;;;;;;;;;;;;;;;;;;;;;;;;;;;;;;;;;;;;;;;;;;;;;;;;;;;;;;;;;;;;;;;;;;;;;;;;;;;;;;;;;;;;;;;;;;;;;;;;;;;;;;;;;;;;;;;;
0017+  050D             ; CONVERT ASCII 'O'..'F' TO INTEGER 0..15
0018+  050D             ; ASCII in BL
0019+  050D             ; result in AL
0020+  050D             ; ascii for F = 0100 0110
0021+  050D             ; ascii for 9 = 0011 1001
0022+  050D             ;;;;;;;;;;;;;;;;;;;;;;;;;;;;;;;;;;;;;;;;;;;;;;;;;;;;;;;;;;;;;;;;;;;;;;;;;;;;;;;;;;;;;;;;;;;;;;;;;;;;;;;;;;;;;;;;;;
0023+  050D             hex_ascii_encode:
0024+  050D 1B            mov al, bl
0025+  050E 93 40         test al, $40        ; test if letter or number
0026+  0510 C7 16 05      jnz hex_letter
0027+  0513 87 0F         and al, $0F        ; get number
0028+  0515 09            ret
0029+  0516             hex_letter:
0030+  0516 87 0F         and al, $0F        ; get letter
0031+  0518 6A 09         add al, 9
0032+  051A 09            ret
0033+  051B             
0034+  051B             ;;;;;;;;;;;;;;;;;;;;;;;;;;;;;;;;;;;;;;;;;;;;;;;;;;;;;;;;;;;;;;;;;;;;;;;;;;;;;;;;;;;;;;;;;;;;;;;;;;;;;;;;;;;;;;;;;;
0035+  051B             ; ATOI
0036+  051B             ; 2 letter hex string in B
0037+  051B             ; 8bit integer returned in AL
0038+  051B             ;;;;;;;;;;;;;;;;;;;;;;;;;;;;;;;;;;;;;;;;;;;;;;;;;;;;;;;;;;;;;;;;;;;;;;;;;;;;;;;;;;;;;;;;;;;;;;;;;;;;;;;;;;;;;;;;;;
0039+  051B             _atoi:
0040+  051B D8            push b
0041+  051C 07 0D 05      call hex_ascii_encode      ; convert BL to 4bit code in AL
0042+  051F 30            mov bl, bh
0043+  0520 DB            push al          ; save a
0044+  0521 07 0D 05      call hex_ascii_encode
0045+  0524 EA            pop bl  
0046+  0525 FD 9E 04      shl al, 4
0047+  0528 8C            or al, bl
0048+  0529 E5            pop b
0049+  052A 09            ret  
0050+  052B             
0051+  052B             
0052+  052B             ;;;;;;;;;;;;;;;;;;;;;;;;;;;;;;;;;;;;;;;;;;;;;;;;;;;;;;;;;;;;;;;;;;;;;;;;;;;;;;;;;;;;;;;;;;;;;;;;;;;;;;;;;;;;;;;;;;
0053+  052B             ; scanf
0054+  052B             ; no need for explanations!
0055+  052B             ;;;;;;;;;;;;;;;;;;;;;;;;;;;;;;;;;;;;;;;;;;;;;;;;;;;;;;;;;;;;;;;;;;;;;;;;;;;;;;;;;;;;;;;;;;;;;;;;;;;;;;;;;;;;;;;;;;
0056+  052B             scanf:
0057+  052B 09            ret
0058+  052C             
0059+  052C             ;;;;;;;;;;;;;;;;;;;;;;;;;;;;;;;;;;;;;;;;;;;;;;;;;;;;;;;;;;;;;;;;;;;;;;;;;;;;;;;;;;;;;;;;;;;;;;;;;;;;;;;;;;;;;;;;;;
0060+  052C             ; ITOA
0061+  052C             ; 8bit value in BL
0062+  052C             ; 2 byte ASCII result in A
0063+  052C             ;;;;;;;;;;;;;;;;;;;;;;;;;;;;;;;;;;;;;;;;;;;;;;;;;;;;;;;;;;;;;;;;;;;;;;;;;;;;;;;;;;;;;;;;;;;;;;;;;;;;;;;;;;;;;;;;;;
0064+  052C             _itoa:
0065+  052C DA            push d
0066+  052D D8            push b
0067+  052E A7 00         mov bh, 0
0068+  0530 FD A4 04      shr bl, 4  
0069+  0533 74            mov d, b
0070+  0534 1F EB 04      mov al, [d + s_hex_digits]
0071+  0537 23            mov ah, al
0072+  0538               
0073+  0538 E5            pop b
0074+  0539 D8            push b
0075+  053A A7 00         mov bh, 0
0076+  053C FD 87 0F      and bl, $0F
0077+  053F 74            mov d, b
0078+  0540 1F EB 04      mov al, [d + s_hex_digits]
0079+  0543 E5            pop b
0080+  0544 E7            pop d
0081+  0545 09            ret
0082+  0546             
0083+  0546             ;;;;;;;;;;;;;;;;;;;;;;;;;;;;;;;;;;;;;;;;;;;;;;;;;;;;;;;;;;;;;;;;;;;;;;;;;;;;;;;;;;;;;;;;;;;;;;;;;;;;;;;;;;;;;;;;;;
0084+  0546             ; HEX STRING TO BINARY
0085+  0546             ; di = destination address
0086+  0546             ; si = source
0087+  0546             ;;;;;;;;;;;;;;;;;;;;;;;;;;;;;;;;;;;;;;;;;;;;;;;;;;;;;;;;;;;;;;;;;;;;;;;;;;;;;;;;;;;;;;;;;;;;;;;;;;;;;;;;;;;;;;;;;;
0088+  0546             _hex_to_int:
0089+  0546             _hex_to_int_L1:
0090+  0546 F6            lodsb          ; load from [SI] to AL
0091+  0547 B9 00         cmp al, 0        ; check if ASCII 0
0092+  0549 C6 56 05      jz _hex_to_int_ret
0093+  054C 36            mov bh, al
0094+  054D F6            lodsb
0095+  054E 2F            mov bl, al
0096+  054F 07 1B 05      call _atoi        ; convert ASCII byte in B to int (to AL)
0097+  0552 F7            stosb          ; store AL to [DI]
0098+  0553 0A 46 05      jmp _hex_to_int_L1
0099+  0556             _hex_to_int_ret:
0100+  0556 09            ret    
0101+  0557             
0102+  0557             
0103+  0557             
0104+  0557             ;;;;;;;;;;;;;;;;;;;;;;;;;;;;;;;;;;;;;;;;;;;;;;;;;;;;;;;;;;;;;;;;;;;;;;;;;;;;;;;;;;;;;;;;;;;;;;;;;;;;;;;;;;;;;;;;;;
0105+  0557             ; GETCHAR
0106+  0557             ; char in ah
0107+  0557             ;;;;;;;;;;;;;;;;;;;;;;;;;;;;;;;;;;;;;;;;;;;;;;;;;;;;;;;;;;;;;;;;;;;;;;;;;;;;;;;;;;;;;;;;;;;;;;;;;;;;;;;;;;;;;;;;;;
0108+  0557             _getchar:
0109+  0557 DB            push al
0110+  0558             _getchar_retry:
0111+  0558 FD 0C         sti
0112+  055A 19 01         mov al, 1
0113+  055C 05 03         syscall sys_io      ; receive in AH
0114+  055E B9 00         cmp al, 0      ; check if any char was received
0115+  0560 C6 58 05      je _getchar_retry
0116+  0563 E8            pop al
0117+  0564 09            ret
0118+  0565             
0119+  0565             ;;;;;;;;;;;;;;;;;;;;;;;;;;;;;;;;;;;;;;;;;;;;;;;;;;;;;;;;;;;;;;;;;;;;;;;;;;;;;;;;;;;;;;;;;;;;;;;;;;;;;;;;;;;;;;;;;;
0120+  0565             ; PUTCHAR
0121+  0565             ; char in ah
0122+  0565             ;;;;;;;;;;;;;;;;;;;;;;;;;;;;;;;;;;;;;;;;;;;;;;;;;;;;;;;;;;;;;;;;;;;;;;;;;;;;;;;;;;;;;;;;;;;;;;;;;;;;;;;;;;;;;;;;;;
0123+  0565             _putchar:
0124+  0565 D7            push a
0125+  0566 19 00         mov al, 0
0126+  0568 05 03         syscall sys_io      ; char in AH
0127+  056A E4            pop a
0128+  056B 09            ret
0129+  056C             
0130+  056C             ;;;;;;;;;;;;;;;;;;;;;;;;;;;;;;;;;;;;;;;;;;;;;;;;;;;;;;;;;;;;;;;;;;;;;;;;;;;;;;;;;;;;;;;;;;;;;;;;;;;;;;;;;;;;;;;;;;
0131+  056C             ;; INPUT A STRING
0132+  056C             ;; terminates with null
0133+  056C             ;; pointer in D
0134+  056C             ;;;;;;;;;;;;;;;;;;;;;;;;;;;;;;;;;;;;;;;;;;;;;;;;;;;;;;;;;;;;;;;;;;;;;;;;;;;;;;;;;;;;;;;;;;;;;;;;;;;;;;;;;;;;;;;;;;
0135+  056C             _gets:
0136+  056C D7            push a
0137+  056D DA            push d
0138+  056E             _gets_loop:
0139+  056E FD 0C         sti
0140+  0570 19 01         mov al, 1
0141+  0572 05 03         syscall sys_io      ; receive in AH
0142+  0574 B9 00         cmp al, 0        ; check error code (AL)
0143+  0576 C6 6E 05      je _gets_loop      ; if no char received, retry
0144+  0579             
0145+  0579 76 1B         cmp ah, 27
0146+  057B C6 9C 05      je _gets_telnet_escape
0147+  057E 76 0A         cmp ah, $0A        ; LF
0148+  0580 C6 F5 05      je _gets_end
0149+  0583 76 0D         cmp ah, $0D        ; CR
0150+  0585 C6 F5 05      je _gets_end
0151+  0588 76 5C         cmp ah, $5C        ; '\\'
0152+  058A C6 CC 05      je _gets_escape
0153+  058D               
0154+  058D 76 08         cmp ah, $08      ; check for backspace
0155+  058F C6 98 05      je _gets_backspace
0156+  0592             
0157+  0592 1A            mov al, ah
0158+  0593 3E            mov [d], al
0159+  0594 79            inc d
0160+  0595 0A 6E 05      jmp _gets_loop
0161+  0598             _gets_backspace:
0162+  0598 7F            dec d
0163+  0599 0A 6E 05      jmp _gets_loop
0164+  059C             _gets_telnet_escape:
0165+  059C FD 0C         sti
0166+  059E 19 01         mov al, 1
0167+  05A0 05 03         syscall sys_io        ; receive in AH without echo
0168+  05A2 B9 00         cmp al, 0          ; check error code (AL)
0169+  05A4 C6 9C 05      je _gets_telnet_escape    ; if no char received, retry
0170+  05A7 76 5B         cmp ah, '['
0171+  05A9 C7 6E 05      jne _gets_loop
0172+  05AC             _gets_telnet_escape_2:
0173+  05AC FD 0C         sti
0174+  05AE 19 01         mov al, 1
0175+  05B0 05 03         syscall sys_io          ; receive in AH without echo
0176+  05B2 B9 00         cmp al, 0            ; check error code (AL)
0177+  05B4 C6 AC 05      je _gets_telnet_escape_2  ; if no char received, retry
0178+  05B7 76 44         cmp ah, 'D'
0179+  05B9 C6 C4 05      je _gets_left_arrow
0180+  05BC 76 43         cmp ah, 'C'
0181+  05BE C6 C8 05      je _gets_right_arrow
0182+  05C1 0A 6E 05      jmp _gets_loop
0183+  05C4             _gets_left_arrow:
0184+  05C4 7F            dec d
0185+  05C5 0A 6E 05      jmp _gets_loop
0186+  05C8             _gets_right_arrow:
0187+  05C8 79            inc d
0188+  05C9 0A 6E 05      jmp _gets_loop
0189+  05CC             _gets_escape:
0190+  05CC FD 0C         sti
0191+  05CE 19 01         mov al, 1
0192+  05D0 05 03         syscall sys_io      ; receive in AH
0193+  05D2 B9 00         cmp al, 0        ; check error code (AL)
0194+  05D4 C6 CC 05      je _gets_escape      ; if no char received, retry
0195+  05D7 76 6E         cmp ah, 'n'
0196+  05D9 C6 E7 05      je _gets_LF
0197+  05DC 76 72         cmp ah, 'r'
0198+  05DE C6 EE 05      je _gets_CR
0199+  05E1 1A            mov al, ah        ; if not a known escape, it is just a normal letter
0200+  05E2 3E            mov [d], al
0201+  05E3 79            inc d
0202+  05E4 0A 6E 05      jmp _gets_loop
0203+  05E7             _gets_LF:
0204+  05E7 19 0A         mov al, $0A
0205+  05E9 3E            mov [d], al
0206+  05EA 79            inc d
0207+  05EB 0A 6E 05      jmp _gets_loop
0208+  05EE             _gets_CR:
0209+  05EE 19 0D         mov al, $0D
0210+  05F0 3E            mov [d], al
0211+  05F1 79            inc d
0212+  05F2 0A 6E 05      jmp _gets_loop
0213+  05F5             _gets_end:
0214+  05F5 19 00         mov al, 0
0215+  05F7 3E            mov [d], al        ; terminate string
0216+  05F8 E7            pop d
0217+  05F9 E4            pop a
0218+  05FA 09            ret
0219+  05FB             
0220+  05FB             ;;;;;;;;;;;;;;;;;;;;;;;;;;;;;;;;;;;;;;;;;;;;;;;;;;;;;;;;;;;;;;;;;;;;;;;;;;;;;;;;;;;;;;;;;;;;;;;;;;;;;;;;;;;;;;;;;;
0221+  05FB             ;; INPUT TEXT
0222+  05FB             ;; terminated with CTRL+D
0223+  05FB             ;; pointer in D
0224+  05FB             ;;;;;;;;;;;;;;;;;;;;;;;;;;;;;;;;;;;;;;;;;;;;;;;;;;;;;;;;;;;;;;;;;;;;;;;;;;;;;;;;;;;;;;;;;;;;;;;;;;;;;;;;;;;;;;;;;;
0225+  05FB             _gettxt:
0226+  05FB D7            push a
0227+  05FC DA            push d
0228+  05FD             _gettxt_loop:
0229+  05FD 19 01         mov al, 1
0230+  05FF 05 03         syscall sys_io      ; receive in AH
0231+  0601 B9 00         cmp al, 0        ; check error code (AL)
0232+  0603 C6 FD 05      je _gettxt_loop    ; if no char received, retry
0233+  0606 76 04         cmp ah, 4      ; EOT
0234+  0608 C6 46 06      je _gettxt_end
0235+  060B 76 08         cmp ah, $08      ; check for backspace
0236+  060D C6 42 06      je _gettxt_backspace
0237+  0610 76 5C         cmp ah, $5C        ; '\\'
0238+  0612 C6 1B 06      je _gettxt_escape
0239+  0615 1A            mov al, ah
0240+  0616 3E            mov [d], al
0241+  0617 79            inc d
0242+  0618 0A FD 05      jmp _gettxt_loop
0243+  061B             _gettxt_escape:
0244+  061B 19 01         mov al, 1
0245+  061D 05 03         syscall sys_io      ; receive in AH
0246+  061F B9 00         cmp al, 0        ; check error code (AL)
0247+  0621 C6 1B 06      je _gettxt_escape    ; if no char received, retry
0248+  0624 76 6E         cmp ah, 'n'
0249+  0626 C6 34 06      je _gettxt_LF
0250+  0629 76 72         cmp ah, 'r'
0251+  062B C6 3B 06      je _gettxt_CR
0252+  062E 1A            mov al, ah        ; if not a known escape, it is just a normal letter
0253+  062F 3E            mov [d], al
0254+  0630 79            inc d
0255+  0631 0A FD 05      jmp _gettxt_loop
0256+  0634             _gettxt_LF:
0257+  0634 19 0A         mov al, $0A
0258+  0636 3E            mov [d], al
0259+  0637 79            inc d
0260+  0638 0A FD 05      jmp _gettxt_loop
0261+  063B             _gettxt_CR:
0262+  063B 19 0D         mov al, $0D
0263+  063D 3E            mov [d], al
0264+  063E 79            inc d
0265+  063F 0A FD 05      jmp _gettxt_loop
0266+  0642             _gettxt_backspace:
0267+  0642 7F            dec d
0268+  0643 0A FD 05      jmp _gettxt_loop
0269+  0646             _gettxt_end:
0270+  0646 19 00         mov al, 0
0271+  0648 3E            mov [d], al        ; terminate string
0272+  0649 E7            pop d
0273+  064A E4            pop a
0274+  064B 09            ret
0275+  064C             
0276+  064C             ;;;;;;;;;;;;;;;;;;;;;;;;;;;;;;;;;;;;;;;;;;;;;;;;;;;;;;;;;;;;;;;;;;;;;;;;;;;;;;;;;;;;;;;;;;;;;;;;;;;;;;;;;;;;;;;;;;
0277+  064C             ; PRINT NEW LINE
0278+  064C             ;;;;;;;;;;;;;;;;;;;;;;;;;;;;;;;;;;;;;;;;;;;;;;;;;;;;;;;;;;;;;;;;;;;;;;;;;;;;;;;;;;;;;;;;;;;;;;;;;;;;;;;;;;;;;;;;;;
0279+  064C             printnl:
0280+  064C D7            push a
0281+  064D 10 00 0A      mov a, $0A00
0282+  0650 05 03         syscall sys_io
0283+  0652 10 00 0D      mov a, $0D00
0284+  0655 05 03         syscall sys_io
0285+  0657 E4            pop a
0286+  0658 09            ret
0287+  0659             
0288+  0659             ;;;;;;;;;;;;;;;;;;;;;;;;;;;;;;;;;;;;;;;;;;;;;;;;;;;;;;;;;;;;;;;;;;;;;;;;;;;;;;;;;;;;;;;;;;;;;;;;;;;;;;;;;;;;;;;;;;
0289+  0659             ; _strtoint
0290+  0659             ; 4 digit hex string number in d
0291+  0659             ; integer returned in A
0292+  0659             ;;;;;;;;;;;;;;;;;;;;;;;;;;;;;;;;;;;;;;;;;;;;;;;;;;;;;;;;;;;;;;;;;;;;;;;;;;;;;;;;;;;;;;;;;;;;;;;;;;;;;;;;;;;;;;;;;;
0293+  0659             _strtointx:
0294+  0659 D8            push b
0295+  065A 32            mov bl, [d]
0296+  065B 37            mov bh, bl
0297+  065C 33 01 00      mov bl, [d + 1]
0298+  065F 07 1B 05      call _atoi        ; convert to int in AL
0299+  0662 23            mov ah, al        ; move to AH
0300+  0663 33 02 00      mov bl, [d + 2]
0301+  0666 37            mov bh, bl
0302+  0667 33 03 00      mov bl, [d + 3]
0303+  066A 07 1B 05      call _atoi        ; convert to int in AL
0304+  066D E5            pop b
0305+  066E 09            ret
0306+  066F             
0307+  066F             ;;;;;;;;;;;;;;;;;;;;;;;;;;;;;;;;;;;;;;;;;;;;;;;;;;;;;;;;;;;;;;;;;;;;;;;;;;;;;;;;;;;;;;;;;;;;;;;;;;;;;;;;;;;;;;;;;;
0308+  066F             ; _strtoint
0309+  066F             ; 5 digit base10 string number in d
0310+  066F             ; integer returned in A
0311+  066F             ;;;;;;;;;;;;;;;;;;;;;;;;;;;;;;;;;;;;;;;;;;;;;;;;;;;;;;;;;;;;;;;;;;;;;;;;;;;;;;;;;;;;;;;;;;;;;;;;;;;;;;;;;;;;;;;;;;
0312+  066F             _strtoint:
0313+  066F E2            push si
0314+  0670 D8            push b
0315+  0671 D9            push c
0316+  0672 DA            push d
0317+  0673 07 9B 04      call _strlen      ; get string length in C
0318+  0676 7E            dec c
0319+  0677 FD 4E         mov si, d
0320+  0679 12            mov a, c
0321+  067A FD 99         shl a
0322+  067C 3B 03 05      mov d, table_power
0323+  067F 59            add d, a
0324+  0680 38 00 00      mov c, 0
0325+  0683             _strtoint_L0:
0326+  0683 F6            lodsb      ; load ASCII to al
0327+  0684 B9 00         cmp al, 0
0328+  0686 C6 99 06      je _strtoint_end
0329+  0689 6F 30         sub al, $30    ; make into integer
0330+  068B 22 00         mov ah, 0
0331+  068D 2A            mov b, [d]
0332+  068E AC            mul a, b      ; result in B since it fits in 16bits
0333+  068F 11            mov a, b
0334+  0690 28            mov b, c
0335+  0691 54            add a, b
0336+  0692 39            mov c, a
0337+  0693 63 02 00      sub d, 2
0338+  0696 0A 83 06      jmp _strtoint_L0
0339+  0699             _strtoint_end:
0340+  0699 12            mov a, c
0341+  069A E7            pop d
0342+  069B E6            pop c
0343+  069C E5            pop b
0344+  069D EF            pop si
0345+  069E 09            ret
0346+  069F             
0347+  069F             
0348+  069F             ;;;;;;;;;;;;;;;;;;;;;;;;;;;;;;;;;;;;;;;;;;;;;;;;;;;;;;;;;;;;;;;;;;;;;;;;;;;;;;;;;;;;;;;;;;;;;;;;;;;;;;;;;;;;;;;;;;
0349+  069F             ; PRINT NULL TERMINATED STRING
0350+  069F             ; pointer in D
0351+  069F             ;;;;;;;;;;;;;;;;;;;;;;;;;;;;;;;;;;;;;;;;;;;;;;;;;;;;;;;;;;;;;;;;;;;;;;;;;;;;;;;;;;;;;;;;;;;;;;;;;;;;;;;;;;;;;;;;;;
0352+  069F             _puts:
0353+  069F D7            push a
0354+  06A0 DA            push d
0355+  06A1             _puts_L1:
0356+  06A1 1E            mov al, [d]
0357+  06A2 B9 00         cmp al, 0
0358+  06A4 C6 B0 06      jz _puts_END
0359+  06A7 23            mov ah, al
0360+  06A8 19 00         mov al, 0
0361+  06AA 05 03         syscall sys_io
0362+  06AC 79            inc d
0363+  06AD 0A A1 06      jmp _puts_L1
0364+  06B0             _puts_END:
0365+  06B0 E7            pop d
0366+  06B1 E4            pop a
0367+  06B2 09            ret
0368+  06B3             
0369+  06B3             ;;;;;;;;;;;;;;;;;;;;;;;;;;;;;;;;;;;;;;;;;;;;;;;;;;;;;;;;;;;;;;;;;;;;;;;;;;;;;;;;;;;;;;;;;;;;;;;;;;;;;;;;;;;;;;;;;;
0370+  06B3             ; PRINT N SIZE STRING
0371+  06B3             ; pointer in D
0372+  06B3             ; size in C
0373+  06B3             ;;;;;;;;;;;;;;;;;;;;;;;;;;;;;;;;;;;;;;;;;;;;;;;;;;;;;;;;;;;;;;;;;;;;;;;;;;;;;;;;;;;;;;;;;;;;;;;;;;;;;;;;;;;;;;;;;;
0374+  06B3             _putsn:
0375+  06B3 DB            push al
0376+  06B4 DA            push d
0377+  06B5 D9            push c
0378+  06B6             _putsn_L0:
0379+  06B6 1E            mov al, [d]
0380+  06B7 23            mov ah, al
0381+  06B8 19 00         mov al, 0
0382+  06BA 05 03         syscall sys_io
0383+  06BC 79            inc d
0384+  06BD 7E            dec c  
0385+  06BE C2 00 00      cmp c, 0
0386+  06C1 C7 B6 06      jne _putsn_L0
0387+  06C4             _putsn_end:
0388+  06C4 E6            pop c
0389+  06C5 E7            pop d
0390+  06C6 E8            pop al
0391+  06C7 09            ret
0392+  06C8             
0393+  06C8             ;;;;;;;;;;;;;;;;;;;;;;;;;;;;;;;;;;;;;;;;;;;;;;;;;;;;;;;;;;;;;;;;;;;;;;;;;;;;;;;;;;;;;;;
0394+  06C8             ; print 16bit decimal number
0395+  06C8             ; input number in A
0396+  06C8             ;;;;;;;;;;;;;;;;;;;;;;;;;;;;;;;;;;;;;;;;;;;;;;;;;;;;;;;;;;;;;;;;;;;;;;;;;;;;;;;;;;;;;;;
0397+  06C8             print_u16d:
0398+  06C8 D7            push a
0399+  06C9 D8            push b
0400+  06CA 26 10 27      mov b, 10000
0401+  06CD AE            div a, b      ; get 10000's coeff.
0402+  06CE 07 F0 06      call print_number
0403+  06D1 11            mov a, b
0404+  06D2 26 E8 03      mov b, 1000
0405+  06D5 AE            div a, b      ; get 1000's coeff.
0406+  06D6 07 F0 06      call print_number
0407+  06D9 11            mov a, b
0408+  06DA 26 64 00      mov b, 100
0409+  06DD AE            div a, b
0410+  06DE 07 F0 06      call print_number
0411+  06E1 11            mov a, b
0412+  06E2 26 0A 00      mov b, 10
0413+  06E5 AE            div a, b
0414+  06E6 07 F0 06      call print_number
0415+  06E9 1B            mov al, bl      ; 1's coeff in bl
0416+  06EA 07 F0 06      call print_number
0417+  06ED E5            pop b
0418+  06EE E4            pop a
0419+  06EF 09            ret
0420+  06F0             
0421+  06F0             ;;;;;;;;;;;;;;;;;;;;;;;;;;;;;;;;;;;;;;;;;;;;;;;;;;;;;;;;;;;;;;;;;;;;;;;;;;;;;;;;;;;;;;;
0422+  06F0             ; print AL
0423+  06F0             ;;;;;;;;;;;;;;;;;;;;;;;;;;;;;;;;;;;;;;;;;;;;;;;;;;;;;;;;;;;;;;;;;;;;;;;;;;;;;;;;;;;;;;;
0424+  06F0             print_number:
0425+  06F0 6A 30         add al, $30
0426+  06F2 23            mov ah, al
0427+  06F3 07 65 05      call _putchar
0428+  06F6 09            ret
0429+  06F7             
0430+  06F7             ;;;;;;;;;;;;;;;;;;;;;;;;;;;;;;;;;;;;;;;;;;;;;;;;;;;;;;;;;;;;;;;;;;;;;;;;;;;;;;;;;;;;;;;;;;;;;;;;;;;;;;;;;;;;;;;;;;
0431+  06F7             ; PRINT 16BIT HEX INTEGER
0432+  06F7             ; integer value in reg B
0433+  06F7             ;;;;;;;;;;;;;;;;;;;;;;;;;;;;;;;;;;;;;;;;;;;;;;;;;;;;;;;;;;;;;;;;;;;;;;;;;;;;;;;;;;;;;;;;;;;;;;;;;;;;;;;;;;;;;;;;;;
0434+  06F7             print_u16x:
0435+  06F7 D7            push a
0436+  06F8 D8            push b
0437+  06F9 DD            push bl
0438+  06FA 30            mov bl, bh
0439+  06FB 07 2C 05      call _itoa        ; convert bh to char in A
0440+  06FE 2F            mov bl, al        ; save al
0441+  06FF 19 00         mov al, 0
0442+  0701 05 03         syscall sys_io        ; display AH
0443+  0703 24            mov ah, bl        ; retrieve al
0444+  0704 19 00         mov al, 0
0445+  0706 05 03         syscall sys_io        ; display AL
0446+  0708             
0447+  0708 EA            pop bl
0448+  0709 07 2C 05      call _itoa        ; convert bh to char in A
0449+  070C 2F            mov bl, al        ; save al
0450+  070D 19 00         mov al, 0
0451+  070F 05 03         syscall sys_io        ; display AH
0452+  0711 24            mov ah, bl        ; retrieve al
0453+  0712 19 00         mov al, 0
0454+  0714 05 03         syscall sys_io        ; display AL
0455+  0716             
0456+  0716 E5            pop b
0457+  0717 E4            pop a
0458+  0718 09            ret
0459+  0719             
0460+  0719             ;;;;;;;;;;;;;;;;;;;;;;;;;;;;;;;;;;;;;;;;;;;;;;;;;;;;;;;;;;;;;;;;;;;;;;;;;;;;;;;;;;;;;;;;;;;;;;;;;;;;;;;;;;;;;;;;;;
0461+  0719             ; INPUT 16BIT HEX INTEGER
0462+  0719             ; read 16bit integer into A
0463+  0719             ;;;;;;;;;;;;;;;;;;;;;;;;;;;;;;;;;;;;;;;;;;;;;;;;;;;;;;;;;;;;;;;;;;;;;;;;;;;;;;;;;;;;;;;;;;;;;;;;;;;;;;;;;;;;;;;;;;
0464+  0719             scan_u16x:
0465+  0719 F8 10 00      enter 16
0466+  071C D8            push b
0467+  071D DA            push d
0468+  071E             
0469+  071E FA F1 FF      lea d, [bp + -15]
0470+  0721 07 6C 05      call _gets        ; get number
0471+  0724             
0472+  0724 32            mov bl, [d]
0473+  0725 37            mov bh, bl
0474+  0726 33 01 00      mov bl, [d + 1]
0475+  0729 07 1B 05      call _atoi        ; convert to int in AL
0476+  072C 23            mov ah, al        ; move to AH
0477+  072D             
0478+  072D 33 02 00      mov bl, [d + 2]
0479+  0730 37            mov bh, bl
0480+  0731 33 03 00      mov bl, [d + 3]
0481+  0734 07 1B 05      call _atoi        ; convert to int in AL
0482+  0737             
0483+  0737 E7            pop d
0484+  0738 E5            pop b
0485+  0739 F9            leave
0486+  073A 09            ret
0487+  073B             
0488+  073B             ;;;;;;;;;;;;;;;;;;;;;;;;;;;;;;;;;;;;;;;;;;;;;;;;;;;;;;;;;;;;;;;;;;;;;;;;;;;;;;;;;;;;;;;;;;;;;;;;;;;;;;;;;;;;;;;;;;
0489+  073B             ; PRINT 8bit HEX INTEGER
0490+  073B             ; integer value in reg bl
0491+  073B             ;;;;;;;;;;;;;;;;;;;;;;;;;;;;;;;;;;;;;;;;;;;;;;;;;;;;;;;;;;;;;;;;;;;;;;;;;;;;;;;;;;;;;;;;;;;;;;;;;;;;;;;;;;;;;;;;;;
0492+  073B             print_u8x:
0493+  073B D7            push a
0494+  073C DD            push bl
0495+  073D             
0496+  073D 07 2C 05      call _itoa        ; convert bl to char in A
0497+  0740 2F            mov bl, al        ; save al
0498+  0741 19 00         mov al, 0
0499+  0743 05 03         syscall sys_io        ; display AH
0500+  0745 24            mov ah, bl        ; retrieve al
0501+  0746 19 00         mov al, 0
0502+  0748 05 03         syscall sys_io        ; display AL
0503+  074A             
0504+  074A EA            pop bl
0505+  074B E4            pop a
0506+  074C 09            ret
0507+  074D             
0508+  074D             ;;;;;;;;;;;;;;;;;;;;;;;;;;;;;;;;;;;;;;;;;;;;;;;;;;;;;;;;;;;;;;;;;;;;;;;;;;;;;;;;;;;;;;;
0509+  074D             ; print 8bit decimal unsigned number
0510+  074D             ; input number in AL
0511+  074D             ;;;;;;;;;;;;;;;;;;;;;;;;;;;;;;;;;;;;;;;;;;;;;;;;;;;;;;;;;;;;;;;;;;;;;;;;;;;;;;;;;;;;;;;
0512+  074D             print_u8d:
0513+  074D D7            push a
0514+  074E D8            push b
0515+  074F             
0516+  074F 22 00         mov ah, 0
0517+  0751 26 64 00      mov b, 100
0518+  0754 AE            div a, b
0519+  0755 D8            push b      ; save remainder
0520+  0756 B9 00         cmp al, 0
0521+  0758 C6 62 07      je skip100
0522+  075B 6A 30         add al, $30
0523+  075D 23            mov ah, al
0524+  075E 19 00         mov al, 0
0525+  0760 05 03         syscall sys_io  ; print coeff
0526+  0762             skip100:
0527+  0762 E4            pop a
0528+  0763 22 00         mov ah, 0
0529+  0765 26 0A 00      mov b, 10
0530+  0768 AE            div a, b
0531+  0769 D8            push b      ; save remainder
0532+  076A B9 00         cmp al, 0
0533+  076C C6 76 07      je skip10
0534+  076F 6A 30         add al, $30
0535+  0771 23            mov ah, al
0536+  0772 19 00         mov al, 0
0537+  0774 05 03         syscall sys_io  ; print coeff
0538+  0776             skip10:
0539+  0776 E4            pop a
0540+  0777 1B            mov al, bl
0541+  0778 6A 30         add al, $30
0542+  077A 23            mov ah, al
0543+  077B 19 00         mov al, 0
0544+  077D 05 03         syscall sys_io  ; print coeff
0545+  077F E5            pop b
0546+  0780 E4            pop a
0547+  0781 09            ret
0548+  0782             
0549+  0782             ;;;;;;;;;;;;;;;;;;;;;;;;;;;;;;;;;;;;;;;;;;;;;;;;;;;;;;;;;;;;;;;;;;;;;;;;;;;;;;;;;;;;;;;;;;;;;;;;;;;;;;;;;;;;;;;;;;
0550+  0782             ; INPUT 8BIT HEX INTEGER
0551+  0782             ; read 8bit integer into AL
0552+  0782             ;;;;;;;;;;;;;;;;;;;;;;;;;;;;;;;;;;;;;;;;;;;;;;;;;;;;;;;;;;;;;;;;;;;;;;;;;;;;;;;;;;;;;;;;;;;;;;;;;;;;;;;;;;;;;;;;;;
0553+  0782             scan_u8x:
0554+  0782 F8 04 00      enter 4
0555+  0785 D8            push b
0556+  0786 DA            push d
0557+  0787             
0558+  0787 FA FD FF      lea d, [bp + -3]
0559+  078A 07 6C 05      call _gets        ; get number
0560+  078D             
0561+  078D 32            mov bl, [d]
0562+  078E 37            mov bh, bl
0563+  078F 33 01 00      mov bl, [d + 1]
0564+  0792 07 1B 05      call _atoi        ; convert to int in AL
0565+  0795             
0566+  0795 E7            pop d
0567+  0796 E5            pop b
0568+  0797 F9            leave
0569+  0798 09            ret
0570+  0799             
0571+  0799             ;;;;;;;;;;;;;;;;;;;;;;;;;;;;;;;;;;;;;;;;;;;;;;;;;;;;;;;;;;;;;;;;;;;;;;;;;;;;;;;;;;;;;;;
0572+  0799             ; input decimal number
0573+  0799             ; result in A
0574+  0799             ; 655'\0'
0575+  0799             ; low--------high
0576+  0799             ;;;;;;;;;;;;;;;;;;;;;;;;;;;;;;;;;;;;;;;;;;;;;;;;;;;;;;;;;;;;;;;;;;;;;;;;;;;;;;;;;;;;;;;
0577+  0799             scan_u16d:
0578+  0799 F8 08 00      enter 8
0579+  079C E2            push si
0580+  079D D8            push b
0581+  079E D9            push c
0582+  079F DA            push d
0583+  07A0 FA F9 FF      lea d, [bp +- 7]
0584+  07A3 07 6C 05      call _gets
0585+  07A6 07 9B 04      call _strlen      ; get string length in C
0586+  07A9 7E            dec c
0587+  07AA FD 4E         mov si, d
0588+  07AC 12            mov a, c
0589+  07AD FD 99         shl a
0590+  07AF 3B 03 05      mov d, table_power
0591+  07B2 59            add d, a
0592+  07B3 38 00 00      mov c, 0
0593+  07B6             mul_loop:
0594+  07B6 F6            lodsb      ; load ASCII to al
0595+  07B7 B9 00         cmp al, 0
0596+  07B9 C6 CC 07      je mul_exit
0597+  07BC 6F 30         sub al, $30    ; make into integer
0598+  07BE 22 00         mov ah, 0
0599+  07C0 2A            mov b, [d]
0600+  07C1 AC            mul a, b      ; result in B since it fits in 16bits
0601+  07C2 11            mov a, b
0602+  07C3 28            mov b, c
0603+  07C4 54            add a, b
0604+  07C5 39            mov c, a
0605+  07C6 63 02 00      sub d, 2
0606+  07C9 0A B6 07      jmp mul_loop
0607+  07CC             mul_exit:
0608+  07CC 12            mov a, c
0609+  07CD E7            pop d
0610+  07CE E6            pop c
0611+  07CF E5            pop b
0612+  07D0 EF            pop si
0613+  07D1 F9            leave
0614+  07D2 09            ret
0030   07D3             
0031   07D3             .end
tasm: Number of errors = 0
