0001   0000             .include "lib/kernel.exp"
0001+  0000             TEXT_ORG         .EQU  $0400
0002+  0000             sys_break        .EQU  $0000
0003+  0000             sys_rtc          .EQU  $0001
0004+  0000             sys_ide          .EQU  $0002
0005+  0000             sys_io           .EQU  $0003
0006+  0000             sys_filesystem   .EQU  $0004
0007+  0000             sys_spawn_proc   .EQU  $0005
0008+  0000             sys_list         .EQU  $0006
0009+  0000             sys_datetime     .EQU  $0007
0010+  0000             sys_reboot       .EQU  $0008
0011+  0000             sys_pause_proc   .EQU  $0009
0012+  0000             sys_resume_proc  .EQU  $000a
0013+  0000             sys_terminate_proc .EQU  $000b
0014+  0000             sys_system       .EQU  $000c
0002   0000             
0003   0400             .org TEXT_ORG
0004   0400             
0005   0400             primes:
0006   0400 FD 47 FF FF 	mov sp, $FFFF
0007   0404 FD 49 FF FF 	mov bp, $FFFF
0008   0408             
0009   0408 10 00 00    	mov a, 0
0010   040B 42 15 0A    	mov [prog], a
0011   040E 07 76 08    	call get_token
0012   0411 1D 18 0A    	mov al, [tok]
0013   0414 B9 14       	cmp al, TOK_END
0014   0416 C6 78 04    	je bad_args
0015   0419 3B 19 0A    	mov d, tokstr
0016   041C 07 65 06    	call _strtoint
0017   041F 42 D5 0B    	mov [min], a
0018   0422 07 76 08    	call get_token
0019   0425 1D 18 0A    	mov al, [tok]
0020   0428 B9 14       	cmp al, TOK_END
0021   042A C6 78 04    	je bad_args
0022   042D 3B 19 0A    	mov d, tokstr
0023   0430 07 65 06    	call _strtoint
0024   0433 42 D3 0B    	mov [max], a
0025   0436             	
0026   0436 14 D5 0B    	mov a, [min]
0027   0439             primes_L1:
0028   0439 38 02 00    	mov c, 2	
0029   043C             primes_L2:
0030   043C D7          	push a
0031   043D 28          	mov b, c
0032   043E AE          	div a, b
0033   043F C0 00 00    	cmp b, 0
0034   0442 C6 4A 04    	jz divisible
0035   0445 78          	inc c
0036   0446 E4          	pop a
0037   0447 0A 3C 04    	jmp primes_L2		
0038   044A             divisible:
0039   044A E4          	pop a
0040   044B B1          	cmp a, c
0041   044C C7 72 04    	jnz notprime			
0042   044F             isprime:
0043   044F 07 BE 06    	call print_u16d
0044   0452             	
0045   0452 D7          	push a
0046   0453 14 D1 0B    	mov a, [total]
0047   0456 77          	inc a
0048   0457 42 D1 0B    	mov [total], a
0049   045A 3B E6 0B    	mov d, s_total
0050   045D 07 95 06    	call _puts
0051   0460 07 BE 06    	call print_u16d
0052   0463             	
0053   0463 E4          	pop a
0054   0464             
0055   0464 07 42 06    	call printnl
0056   0467 77          	inc a
0057   0468 29 D3 0B    	mov b, [max]
0058   046B B0          	cmp a, b
0059   046C C9 76 04    	jgeu primes_ret
0060   046F 0A 39 04    	jmp primes_L1
0061   0472             notprime:
0062   0472 77          	inc a
0063   0473 0A 39 04    	jmp primes_L1		
0064   0476             primes_ret:
0065   0476 05 0B       	syscall sys_terminate_proc
0066   0478             
0067   0478             bad_args:
0068   0478 3B B6 0B    	mov d, s_usage
0069   047B 07 95 06    	call _puts
0070   047E 0A 76 04    	jmp primes_ret
0071   0481             
0072   0481             .include "lib/stdio.asm"
0001+  0481             ;;;;;;;;;;;;;;;;;;;;;;;;;;;;;;;;;;;;;;;;;;;;;;;;;;;;;;;;;;;;;;;;;;;;;;;;;;;;;;;;;;;;;;;;;;;;;;;;;;;;;;;;;;;;;;;;;;
0002+  0481             ; stdio.s
0003+  0481             ;;;;;;;;;;;;;;;;;;;;;;;;;;;;;;;;;;;;;;;;;;;;;;;;;;;;;;;;;;;;;;;;;;;;;;;;;;;;;;;;;;;;;;;;;;;;;;;;;;;;;;;;;;;;;;;;;;
0004+  0481             .include "lib/string.asm"
0001++ 0481             ;;;;;;;;;;;;;;;;;;;;;;;;;;;;;;;;;;;;;;;;;;;;;;;;;;;;;;;;;;;;;;;;;;;;;;;;;;;;;;;;;;;;;;;;;;;;;;;;;;;;;;;;;;;;;;;;;;
0002++ 0481             ; string.s
0003++ 0481             ;;;;;;;;;;;;;;;;;;;;;;;;;;;;;;;;;;;;;;;;;;;;;;;;;;;;;;;;;;;;;;;;;;;;;;;;;;;;;;;;;;;;;;;;;;;;;;;;;;;;;;;;;;;;;;;;;;
0004++ 0481             
0005++ 0481             
0006++ 0481             ;;;;;;;;;;;;;;;;;;;;;;;;;;;;;;;;;;;;;;;;;;;;;;;;;;;;;;;;;;;;;;;;;;;;;;;;;;;;;;;;;;;;;;;;;;;;;;;;;;;;;;;;;;;;;;;;;;
0007++ 0481             ; _strrev
0008++ 0481             ; reverse a string
0009++ 0481             ; D = string address
0010++ 0481             ;;;;;;;;;;;;;;;;;;;;;;;;;;;;;;;;;;;;;;;;;;;;;;;;;;;;;;;;;;;;;;;;;;;;;;;;;;;;;;;;;;;;;;;;;;;;;;;;;;;;;;;;;;;;;;;;;;
0011++ 0481             ; 01234
0012++ 0481             _strrev:
0013++ 0481 4B          	pusha
0014++ 0482 07 C8 04    	call _strlen	; length in C
0015++ 0485 12          	mov a, c
0016++ 0486 AF 01 00    	cmp a, 1
0017++ 0489 D0 A3 04    	jleu _strrev_end	; check string length. string len must be > 1
0018++ 048C 7D          	dec a
0019++ 048D FD 4E       	mov si, d	; beginning of string
0020++ 048F FD 50       	mov di, d	; beginning of string (for destinations)
0021++ 0491 59          	add d, a	; end of string
0022++ 0492 12          	mov a, c
0023++ 0493 FD 9B       	shr a		; divide by 2
0024++ 0495 39          	mov c, a	; C now counts the steps
0025++ 0496             _strrev_L0:
0026++ 0496 32          	mov bl, [d]	; save load right-side char into BL
0027++ 0497 F6          	lodsb		; load left-side char into AL; increase SI
0028++ 0498 3E          	mov [d], al	; store left char into right side
0029++ 0499 1B          	mov al, bl
0030++ 049A F7          	stosb		; store right-side char into left-side; increase DI
0031++ 049B 7E          	dec c
0032++ 049C 7F          	dec d
0033++ 049D C2 00 00    	cmp c, 0
0034++ 04A0 C7 96 04    	jne _strrev_L0
0035++ 04A3             _strrev_end:
0036++ 04A3 4C          	popa
0037++ 04A4 09          	ret
0038++ 04A5             	
0039++ 04A5             ;;;;;;;;;;;;;;;;;;;;;;;;;;;;;;;;;;;;;;;;;;;;;;;;;;;;;;;;;;;;;;;;;;;;;;;;;;;;;;;;;;;;;;;;;;;;;;;;;;;;;;;;;;;;;;;;;;
0040++ 04A5             ; _strchr
0041++ 04A5             ; search string in D for char in AL
0042++ 04A5             ;;;;;;;;;;;;;;;;;;;;;;;;;;;;;;;;;;;;;;;;;;;;;;;;;;;;;;;;;;;;;;;;;;;;;;;;;;;;;;;;;;;;;;;;;;;;;;;;;;;;;;;;;;;;;;;;;;
0043++ 04A5             _strchr:
0044++ 04A5             _strchr_L0:
0045++ 04A5 32          	mov bl, [d]
0046++ 04A6 C1 00       	cmp bl, 0
0047++ 04A8 C6 B3 04    	je _strchr_end
0048++ 04AB BA          	cmp al, bl
0049++ 04AC C6 B3 04    	je _strchr_end
0050++ 04AF 79          	inc d
0051++ 04B0 0A A5 04    	jmp _strchr_L0
0052++ 04B3             _strchr_end:
0053++ 04B3 1B          	mov al, bl
0054++ 04B4 09          	ret
0055++ 04B5             
0056++ 04B5             ;;;;;;;;;;;;;;;;;;;;;;;;;;;;;;;;;;;;;;;;;;;;;;;;;;;;;;;;;;;;;;;;;;;;;;;;;;;;;;;;;;;;;;;;;;;;;;;;;;;;;;;;;;;;;;;;;;
0057++ 04B5             ; _strstr
0058++ 04B5             ; find sub-string
0059++ 04B5             ; str1 in SI
0060++ 04B5             ; str2 in DI
0061++ 04B5             ; SI points to end of source string
0062++ 04B5             ;;;;;;;;;;;;;;;;;;;;;;;;;;;;;;;;;;;;;;;;;;;;;;;;;;;;;;;;;;;;;;;;;;;;;;;;;;;;;;;;;;;;;;;;;;;;;;;;;;;;;;;;;;;;;;;;;;
0063++ 04B5             _strstr:
0064++ 04B5 DB          	push al
0065++ 04B6 DA          	push d
0066++ 04B7 E3          	push di
0067++ 04B8             _strstr_loop:
0068++ 04B8 F3          	cmpsb					; compare a byte of the strings
0069++ 04B9 C7 C4 04    	jne _strstr_ret
0070++ 04BC FC 00 00    	lea d, [di + 0]
0071++ 04BF BD 00       	cmp byte[d], 0				; check if at end of string (null)
0072++ 04C1 C7 B8 04    	jne _strstr_loop				; equal chars but not at end
0073++ 04C4             _strstr_ret:
0074++ 04C4 F0          	pop di
0075++ 04C5 E7          	pop d
0076++ 04C6 E8          	pop al
0077++ 04C7 09          	ret
0078++ 04C8             ;;;;;;;;;;;;;;;;;;;;;;;;;;;;;;;;;;;;;;;;;;;;;;;;;;;;;;;;;;;;;;;;;;;;;;;;;;;;;;;;;;;;;;;
0079++ 04C8             ; length of null terminated string
0080++ 04C8             ; result in C
0081++ 04C8             ; pointer in D
0082++ 04C8             ;;;;;;;;;;;;;;;;;;;;;;;;;;;;;;;;;;;;;;;;;;;;;;;;;;;;;;;;;;;;;;;;;;;;;;;;;;;;;;;;;;;;;;;
0083++ 04C8             _strlen:
0084++ 04C8 DA          	push d
0085++ 04C9 38 00 00    	mov c, 0
0086++ 04CC             _strlen_L1:
0087++ 04CC BD 00       	cmp byte [d], 0
0088++ 04CE C6 D6 04    	je _strlen_ret
0089++ 04D1 79          	inc d
0090++ 04D2 78          	inc c
0091++ 04D3 0A CC 04    	jmp _strlen_L1
0092++ 04D6             _strlen_ret:
0093++ 04D6 E7          	pop d
0094++ 04D7 09          	ret
0095++ 04D8             
0096++ 04D8             ;;;;;;;;;;;;;;;;;;;;;;;;;;;;;;;;;;;;;;;;;;;;;;;;;;;;;;;;;;;;;;;;;;;;;;;;;;;;;;;;;;;;;;;;;;;;;;;;;;;;;;;;;;;;;;;;;;
0097++ 04D8             ; STRCMP
0098++ 04D8             ; compare two strings
0099++ 04D8             ; str1 in SI
0100++ 04D8             ; str2 in DI
0101++ 04D8             ; CREATE A STRING COMPAIRON INSTRUCION ?????
0102++ 04D8             ;;;;;;;;;;;;;;;;;;;;;;;;;;;;;;;;;;;;;;;;;;;;;;;;;;;;;;;;;;;;;;;;;;;;;;;;;;;;;;;;;;;;;;;;;;;;;;;;;;;;;;;;;;;;;;;;;;
0103++ 04D8             _strcmp:
0104++ 04D8 DB          	push al
0105++ 04D9 DA          	push d
0106++ 04DA E3          	push di
0107++ 04DB E2          	push si
0108++ 04DC             _strcmp_loop:
0109++ 04DC F3          	cmpsb					; compare a byte of the strings
0110++ 04DD C7 E8 04    	jne _strcmp_ret
0111++ 04E0 FB FF FF    	lea d, [si +- 1]
0112++ 04E3 BD 00       	cmp byte[d], 0				; check if at end of string (null)
0113++ 04E5 C7 DC 04    	jne _strcmp_loop				; equal chars but not at end
0114++ 04E8             _strcmp_ret:
0115++ 04E8 EF          	pop si
0116++ 04E9 F0          	pop di
0117++ 04EA E7          	pop d
0118++ 04EB E8          	pop al
0119++ 04EC 09          	ret
0120++ 04ED             
0121++ 04ED             
0122++ 04ED             ; STRCPY
0123++ 04ED             ; copy null terminated string from SI to DI
0124++ 04ED             ; source in SI
0125++ 04ED             ; destination in DI
0126++ 04ED             _strcpy:
0127++ 04ED E2          	push si
0128++ 04EE E3          	push di
0129++ 04EF DB          	push al
0130++ 04F0             _strcpy_L1:
0131++ 04F0 F6          	lodsb
0132++ 04F1 F7          	stosb
0133++ 04F2 B9 00       	cmp al, 0
0134++ 04F4 C7 F0 04    	jne _strcpy_L1
0135++ 04F7             _strcpy_end:
0136++ 04F7 E8          	pop al
0137++ 04F8 F0          	pop di
0138++ 04F9 EF          	pop si
0139++ 04FA 09          	ret
0140++ 04FB             
0141++ 04FB             ; STRCAT
0142++ 04FB             ; concatenate a NULL terminated string into string at DI, from string at SI
0143++ 04FB             ; source in SI
0144++ 04FB             ; destination in DI
0145++ 04FB             _strcat:
0146++ 04FB E2          	push si
0147++ 04FC E3          	push di
0148++ 04FD D7          	push a
0149++ 04FE DA          	push d
0150++ 04FF 50          	mov a, di
0151++ 0500 3C          	mov d, a
0152++ 0501             _strcat_goto_end_L1:
0153++ 0501 BD 00       	cmp byte[d], 0
0154++ 0503 C6 0A 05    	je _strcat_start
0155++ 0506 79          	inc d
0156++ 0507 0A 01 05    	jmp _strcat_goto_end_L1
0157++ 050A             _strcat_start:
0158++ 050A FD 50       	mov di, d
0159++ 050C             _strcat_L1:
0160++ 050C F6          	lodsb
0161++ 050D F7          	stosb
0162++ 050E B9 00       	cmp al, 0
0163++ 0510 C7 0C 05    	jne _strcat_L1
0164++ 0513             _strcat_end:
0165++ 0513 E7          	pop d
0166++ 0514 E4          	pop a
0167++ 0515 F0          	pop di
0168++ 0516 EF          	pop si
0169++ 0517 09          	ret
0170++ 0518             
0171++ 0518             
0005+  0518             
0006+  0518             
0007+  0518             ;;;;;;;;;;;;;;;;;;;;;;;;;;;;;;;;;;;;;;;;;;;;;;;;;;;;;;;;;;;;;;;;;;;;;;;;;;;;;;;;;;;;;;;;;;;;;;;;;;;;;;;;;;;;;;;;;;
0008+  0518             ; CONVERT ASCII 'O'..'F' TO INTEGER 0..15
0009+  0518             ; ASCII in BL
0010+  0518             ; result in AL
0011+  0518             ; ascii for F = 0100 0110
0012+  0518             ; ascii for 9 = 0011 1001
0013+  0518             ;;;;;;;;;;;;;;;;;;;;;;;;;;;;;;;;;;;;;;;;;;;;;;;;;;;;;;;;;;;;;;;;;;;;;;;;;;;;;;;;;;;;;;;;;;;;;;;;;;;;;;;;;;;;;;;;;;
0014+  0518             hex_ascii_encode:
0015+  0518 1B            mov al, bl
0016+  0519 93 40         test al, $40        ; test if letter or number
0017+  051B C7 21 05      jnz hex_letter
0018+  051E 87 0F         and al, $0F        ; get number
0019+  0520 09            ret
0020+  0521             hex_letter:
0021+  0521 87 0F         and al, $0F        ; get letter
0022+  0523 6A 09         add al, 9
0023+  0525 09            ret
0024+  0526             
0025+  0526             ;;;;;;;;;;;;;;;;;;;;;;;;;;;;;;;;;;;;;;;;;;;;;;;;;;;;;;;;;;;;;;;;;;;;;;;;;;;;;;;;;;;;;;;;;;;;;;;;;;;;;;;;;;;;;;;;;;
0026+  0526             ; ATOI
0027+  0526             ; 2 letter hex string in B
0028+  0526             ; 8bit integer returned in AL
0029+  0526             ;;;;;;;;;;;;;;;;;;;;;;;;;;;;;;;;;;;;;;;;;;;;;;;;;;;;;;;;;;;;;;;;;;;;;;;;;;;;;;;;;;;;;;;;;;;;;;;;;;;;;;;;;;;;;;;;;;
0030+  0526             _atoi:
0031+  0526 D8            push b
0032+  0527 07 18 05      call hex_ascii_encode      ; convert BL to 4bit code in AL
0033+  052A 30            mov bl, bh
0034+  052B DB            push al          ; save a
0035+  052C 07 18 05      call hex_ascii_encode
0036+  052F EA            pop bl  
0037+  0530 FD 9E 04      shl al, 4
0038+  0533 8C            or al, bl
0039+  0534 E5            pop b
0040+  0535 09            ret  
0041+  0536             
0042+  0536             
0043+  0536             ;;;;;;;;;;;;;;;;;;;;;;;;;;;;;;;;;;;;;;;;;;;;;;;;;;;;;;;;;;;;;;;;;;;;;;;;;;;;;;;;;;;;;;;;;;;;;;;;;;;;;;;;;;;;;;;;;;
0044+  0536             ; scanf
0045+  0536             ; no need for explanations!
0046+  0536             ;;;;;;;;;;;;;;;;;;;;;;;;;;;;;;;;;;;;;;;;;;;;;;;;;;;;;;;;;;;;;;;;;;;;;;;;;;;;;;;;;;;;;;;;;;;;;;;;;;;;;;;;;;;;;;;;;;
0047+  0536             scanf:
0048+  0536 09            ret
0049+  0537             
0050+  0537             ;;;;;;;;;;;;;;;;;;;;;;;;;;;;;;;;;;;;;;;;;;;;;;;;;;;;;;;;;;;;;;;;;;;;;;;;;;;;;;;;;;;;;;;;;;;;;;;;;;;;;;;;;;;;;;;;;;
0051+  0537             ; ITOA
0052+  0537             ; 8bit value in BL
0053+  0537             ; 2 byte ASCII result in A
0054+  0537             ;;;;;;;;;;;;;;;;;;;;;;;;;;;;;;;;;;;;;;;;;;;;;;;;;;;;;;;;;;;;;;;;;;;;;;;;;;;;;;;;;;;;;;;;;;;;;;;;;;;;;;;;;;;;;;;;;;
0055+  0537             _itoa:
0056+  0537 DA            push d
0057+  0538 D8            push b
0058+  0539 A7 00         mov bh, 0
0059+  053B FD A4 04      shr bl, 4  
0060+  053E 74            mov d, b
0061+  053F 1F C9 07      mov al, [d + s_hex_digits]
0062+  0542 23            mov ah, al
0063+  0543               
0064+  0543 E5            pop b
0065+  0544 D8            push b
0066+  0545 A7 00         mov bh, 0
0067+  0547 FD 87 0F      and bl, $0F
0068+  054A 74            mov d, b
0069+  054B 1F C9 07      mov al, [d + s_hex_digits]
0070+  054E E5            pop b
0071+  054F E7            pop d
0072+  0550 09            ret
0073+  0551             
0074+  0551             ;;;;;;;;;;;;;;;;;;;;;;;;;;;;;;;;;;;;;;;;;;;;;;;;;;;;;;;;;;;;;;;;;;;;;;;;;;;;;;;;;;;;;;;;;;;;;;;;;;;;;;;;;;;;;;;;;;
0075+  0551             ; HEX STRING TO BINARY
0076+  0551             ; di = destination address
0077+  0551             ; si = source
0078+  0551             ;;;;;;;;;;;;;;;;;;;;;;;;;;;;;;;;;;;;;;;;;;;;;;;;;;;;;;;;;;;;;;;;;;;;;;;;;;;;;;;;;;;;;;;;;;;;;;;;;;;;;;;;;;;;;;;;;;
0079+  0551             _hex_to_int:
0080+  0551             _hex_to_int_L1:
0081+  0551 F6            lodsb          ; load from [SI] to AL
0082+  0552 B9 00         cmp al, 0        ; check if ASCII 0
0083+  0554 C6 61 05      jz _hex_to_int_ret
0084+  0557 36            mov bh, al
0085+  0558 F6            lodsb
0086+  0559 2F            mov bl, al
0087+  055A 07 26 05      call _atoi        ; convert ASCII byte in B to int (to AL)
0088+  055D F7            stosb          ; store AL to [DI]
0089+  055E 0A 51 05      jmp _hex_to_int_L1
0090+  0561             _hex_to_int_ret:
0091+  0561 09            ret    
0092+  0562             
0093+  0562             
0094+  0562             
0095+  0562             ;;;;;;;;;;;;;;;;;;;;;;;;;;;;;;;;;;;;;;;;;;;;;;;;;;;;;;;;;;;;;;;;;;;;;;;;;;;;;;;;;;;;;;;;;;;;;;;;;;;;;;;;;;;;;;;;;;
0096+  0562             ; GETCHAR
0097+  0562             ; char in ah
0098+  0562             ;;;;;;;;;;;;;;;;;;;;;;;;;;;;;;;;;;;;;;;;;;;;;;;;;;;;;;;;;;;;;;;;;;;;;;;;;;;;;;;;;;;;;;;;;;;;;;;;;;;;;;;;;;;;;;;;;;
0099+  0562             getch:
0100+  0562 DB            push al
0101+  0563             getch_retry:
0102+  0563 19 01         mov al, 1
0103+  0565 05 03         syscall sys_io      ; receive in AH
0104+  0567 E8            pop al
0105+  0568 09            ret
0106+  0569             
0107+  0569             ;;;;;;;;;;;;;;;;;;;;;;;;;;;;;;;;;;;;;;;;;;;;;;;;;;;;;;;;;;;;;;;;;;;;;;;;;;;;;;;;;;;;;;;;;;;;;;;;;;;;;;;;;;;;;;;;;;
0108+  0569             ; PUTCHAR
0109+  0569             ; char in ah
0110+  0569             ;;;;;;;;;;;;;;;;;;;;;;;;;;;;;;;;;;;;;;;;;;;;;;;;;;;;;;;;;;;;;;;;;;;;;;;;;;;;;;;;;;;;;;;;;;;;;;;;;;;;;;;;;;;;;;;;;;
0111+  0569             _putchar:
0112+  0569 D7            push a
0113+  056A 19 00         mov al, 0
0114+  056C 05 03         syscall sys_io      ; char in AH
0115+  056E E4            pop a
0116+  056F 09            ret
0117+  0570             
0118+  0570             ;;;;;;;;;;;;;;;;;;;;;;;;;;;;;;;;;;;;;;;;;;;;;;;;;;;;;;;;;;;;;;;;;;;;;;;;;;;;;;;;;;;;;;;;;;;;;;;;;;;;;;;;;;;;;;;;;;
0119+  0570             ;; INPUT A STRING
0120+  0570             ;; terminates with null
0121+  0570             ;; pointer in D
0122+  0570             ;;;;;;;;;;;;;;;;;;;;;;;;;;;;;;;;;;;;;;;;;;;;;;;;;;;;;;;;;;;;;;;;;;;;;;;;;;;;;;;;;;;;;;;;;;;;;;;;;;;;;;;;;;;;;;;;;;
0123+  0570             _gets:
0124+  0570 D7            push a
0125+  0571 DA            push d
0126+  0572             _gets_loop:
0127+  0572 19 01         mov al, 1
0128+  0574 05 03         syscall sys_io      ; receive in AH
0129+  0576             
0130+  0576 76 1B         cmp ah, 27
0131+  0578 C6 99 05      je _gets_ansi_esc
0132+  057B 76 0A         cmp ah, $0A        ; LF
0133+  057D C6 F5 05      je _gets_end
0134+  0580 76 0D         cmp ah, $0D        ; CR
0135+  0582 C6 F5 05      je _gets_end
0136+  0585 76 5C         cmp ah, $5C        ; '\\'
0137+  0587 C6 BB 05      je _gets_escape
0138+  058A               
0139+  058A 76 08         cmp ah, $08      ; check for backspace
0140+  058C C6 95 05      je _gets_backspace
0141+  058F             
0142+  058F 1A            mov al, ah
0143+  0590 3E            mov [d], al
0144+  0591 79            inc d
0145+  0592 0A 72 05      jmp _gets_loop
0146+  0595             _gets_backspace:
0147+  0595 7F            dec d
0148+  0596 0A 72 05      jmp _gets_loop
0149+  0599             _gets_ansi_esc:
0150+  0599 19 01         mov al, 1
0151+  059B 05 03         syscall sys_io        ; receive in AH without echo
0152+  059D 76 5B         cmp ah, '['
0153+  059F C7 72 05      jne _gets_loop
0154+  05A2 19 01         mov al, 1
0155+  05A4 05 03         syscall sys_io          ; receive in AH without echo
0156+  05A6 76 44         cmp ah, 'D'
0157+  05A8 C6 B3 05      je _gets_left_arrow
0158+  05AB 76 43         cmp ah, 'C'
0159+  05AD C6 B7 05      je _gets_right_arrow
0160+  05B0 0A 72 05      jmp _gets_loop
0161+  05B3             _gets_left_arrow:
0162+  05B3 7F            dec d
0163+  05B4 0A 72 05      jmp _gets_loop
0164+  05B7             _gets_right_arrow:
0165+  05B7 79            inc d
0166+  05B8 0A 72 05      jmp _gets_loop
0167+  05BB             _gets_escape:
0168+  05BB 19 01         mov al, 1
0169+  05BD 05 03         syscall sys_io      ; receive in AH
0170+  05BF 76 6E         cmp ah, 'n'
0171+  05C1 C6 E0 05      je _gets_LF
0172+  05C4 76 72         cmp ah, 'r'
0173+  05C6 C6 E7 05      je _gets_CR
0174+  05C9 76 30         cmp ah, '0'
0175+  05CB C6 EE 05      je _gets_NULL
0176+  05CE 76 5C         cmp ah, $5C  ; '\'
0177+  05D0 C6 D9 05      je _gets_slash
0178+  05D3 1A            mov al, ah        ; if not a known escape, it is just a normal letter
0179+  05D4 3E            mov [d], al
0180+  05D5 79            inc d
0181+  05D6 0A 72 05      jmp _gets_loop
0182+  05D9             _gets_slash:
0183+  05D9 19 5C         mov al, $5C
0184+  05DB 3E            mov [d], al
0185+  05DC 79            inc d
0186+  05DD 0A 72 05      jmp _gets_loop
0187+  05E0             _gets_LF:
0188+  05E0 19 0A         mov al, $0A
0189+  05E2 3E            mov [d], al
0190+  05E3 79            inc d
0191+  05E4 0A 72 05      jmp _gets_loop
0192+  05E7             _gets_CR:
0193+  05E7 19 0D         mov al, $0D
0194+  05E9 3E            mov [d], al
0195+  05EA 79            inc d
0196+  05EB 0A 72 05      jmp _gets_loop
0197+  05EE             _gets_NULL:
0198+  05EE 19 00         mov al, $00
0199+  05F0 3E            mov [d], al
0200+  05F1 79            inc d
0201+  05F2 0A 72 05      jmp _gets_loop
0202+  05F5             _gets_end:
0203+  05F5 19 00         mov al, 0
0204+  05F7 3E            mov [d], al        ; terminate string
0205+  05F8 E7            pop d
0206+  05F9 E4            pop a
0207+  05FA 09            ret
0208+  05FB             
0209+  05FB             
0210+  05FB             ;;;;;;;;;;;;;;;;;;;;;;;;;;;;;;;;;;;;;;;;;;;;;;;;;;;;;;;;;;;;;;;;;;;;;;;;;;;;;;;;;;;;;;;;;;;;;;;;;;;;;;;;;;;;;;;;;;
0211+  05FB             ;; INPUT TEXT
0212+  05FB             ;; terminated with CTRL+D
0213+  05FB             ;; pointer in D
0214+  05FB             ;;;;;;;;;;;;;;;;;;;;;;;;;;;;;;;;;;;;;;;;;;;;;;;;;;;;;;;;;;;;;;;;;;;;;;;;;;;;;;;;;;;;;;;;;;;;;;;;;;;;;;;;;;;;;;;;;;
0215+  05FB             _gettxt:
0216+  05FB D7            push a
0217+  05FC DA            push d
0218+  05FD             _gettxt_loop:
0219+  05FD 19 01         mov al, 1
0220+  05FF 05 03         syscall sys_io      ; receive in AH
0221+  0601 76 04         cmp ah, 4      ; EOT
0222+  0603 C6 3C 06      je _gettxt_end
0223+  0606 76 08         cmp ah, $08      ; check for backspace
0224+  0608 C6 38 06      je _gettxt_backspace
0225+  060B 76 5C         cmp ah, $5C        ; '\'
0226+  060D C6 16 06      je _gettxt_escape
0227+  0610 1A            mov al, ah
0228+  0611 3E            mov [d], al
0229+  0612 79            inc d
0230+  0613 0A FD 05      jmp _gettxt_loop
0231+  0616             _gettxt_escape:
0232+  0616 19 01         mov al, 1
0233+  0618 05 03         syscall sys_io      ; receive in AH
0234+  061A 76 6E         cmp ah, 'n'
0235+  061C C6 2A 06      je _gettxt_LF
0236+  061F 76 72         cmp ah, 'r'
0237+  0621 C6 31 06      je _gettxt_CR
0238+  0624 1A            mov al, ah        ; if not a known escape, it is just a normal letter
0239+  0625 3E            mov [d], al
0240+  0626 79            inc d
0241+  0627 0A FD 05      jmp _gettxt_loop
0242+  062A             _gettxt_LF:
0243+  062A 19 0A         mov al, $0A
0244+  062C 3E            mov [d], al
0245+  062D 79            inc d
0246+  062E 0A FD 05      jmp _gettxt_loop
0247+  0631             _gettxt_CR:
0248+  0631 19 0D         mov al, $0D
0249+  0633 3E            mov [d], al
0250+  0634 79            inc d
0251+  0635 0A FD 05      jmp _gettxt_loop
0252+  0638             _gettxt_backspace:
0253+  0638 7F            dec d
0254+  0639 0A FD 05      jmp _gettxt_loop
0255+  063C             _gettxt_end:
0256+  063C 19 00         mov al, 0
0257+  063E 3E            mov [d], al        ; terminate string
0258+  063F E7            pop d
0259+  0640 E4            pop a
0260+  0641 09            ret
0261+  0642             
0262+  0642             ;;;;;;;;;;;;;;;;;;;;;;;;;;;;;;;;;;;;;;;;;;;;;;;;;;;;;;;;;;;;;;;;;;;;;;;;;;;;;;;;;;;;;;;;;;;;;;;;;;;;;;;;;;;;;;;;;;
0263+  0642             ; PRINT NEW LINE
0264+  0642             ;;;;;;;;;;;;;;;;;;;;;;;;;;;;;;;;;;;;;;;;;;;;;;;;;;;;;;;;;;;;;;;;;;;;;;;;;;;;;;;;;;;;;;;;;;;;;;;;;;;;;;;;;;;;;;;;;;
0265+  0642             printnl:
0266+  0642 D7            push a
0267+  0643 10 00 0A      mov a, $0A00
0268+  0646 05 03         syscall sys_io
0269+  0648 10 00 0D      mov a, $0D00
0270+  064B 05 03         syscall sys_io
0271+  064D E4            pop a
0272+  064E 09            ret
0273+  064F             
0274+  064F             ;;;;;;;;;;;;;;;;;;;;;;;;;;;;;;;;;;;;;;;;;;;;;;;;;;;;;;;;;;;;;;;;;;;;;;;;;;;;;;;;;;;;;;;;;;;;;;;;;;;;;;;;;;;;;;;;;;
0275+  064F             ; _strtoint
0276+  064F             ; 4 digit hex string number in d
0277+  064F             ; integer returned in A
0278+  064F             ;;;;;;;;;;;;;;;;;;;;;;;;;;;;;;;;;;;;;;;;;;;;;;;;;;;;;;;;;;;;;;;;;;;;;;;;;;;;;;;;;;;;;;;;;;;;;;;;;;;;;;;;;;;;;;;;;;
0279+  064F             _strtointx:
0280+  064F D8            push b
0281+  0650 32            mov bl, [d]
0282+  0651 37            mov bh, bl
0283+  0652 33 01 00      mov bl, [d + 1]
0284+  0655 07 26 05      call _atoi        ; convert to int in AL
0285+  0658 23            mov ah, al        ; move to AH
0286+  0659 33 02 00      mov bl, [d + 2]
0287+  065C 37            mov bh, bl
0288+  065D 33 03 00      mov bl, [d + 3]
0289+  0660 07 26 05      call _atoi        ; convert to int in AL
0290+  0663 E5            pop b
0291+  0664 09            ret
0292+  0665             
0293+  0665             ;;;;;;;;;;;;;;;;;;;;;;;;;;;;;;;;;;;;;;;;;;;;;;;;;;;;;;;;;;;;;;;;;;;;;;;;;;;;;;;;;;;;;;;;;;;;;;;;;;;;;;;;;;;;;;;;;;
0294+  0665             ; _strtoint
0295+  0665             ; 5 digit base10 string number in d
0296+  0665             ; integer returned in A
0297+  0665             ;;;;;;;;;;;;;;;;;;;;;;;;;;;;;;;;;;;;;;;;;;;;;;;;;;;;;;;;;;;;;;;;;;;;;;;;;;;;;;;;;;;;;;;;;;;;;;;;;;;;;;;;;;;;;;;;;;
0298+  0665             _strtoint:
0299+  0665 E2            push si
0300+  0666 D8            push b
0301+  0667 D9            push c
0302+  0668 DA            push d
0303+  0669 07 C8 04      call _strlen      ; get string length in C
0304+  066C 7E            dec c
0305+  066D FD 4E         mov si, d
0306+  066F 12            mov a, c
0307+  0670 FD 99         shl a
0308+  0672 3B E1 07      mov d, table_power
0309+  0675 59            add d, a
0310+  0676 38 00 00      mov c, 0
0311+  0679             _strtoint_L0:
0312+  0679 F6            lodsb      ; load ASCII to al
0313+  067A B9 00         cmp al, 0
0314+  067C C6 8F 06      je _strtoint_end
0315+  067F 6F 30         sub al, $30    ; make into integer
0316+  0681 22 00         mov ah, 0
0317+  0683 2A            mov b, [d]
0318+  0684 AC            mul a, b      ; result in B since it fits in 16bits
0319+  0685 11            mov a, b
0320+  0686 28            mov b, c
0321+  0687 54            add a, b
0322+  0688 39            mov c, a
0323+  0689 63 02 00      sub d, 2
0324+  068C 0A 79 06      jmp _strtoint_L0
0325+  068F             _strtoint_end:
0326+  068F 12            mov a, c
0327+  0690 E7            pop d
0328+  0691 E6            pop c
0329+  0692 E5            pop b
0330+  0693 EF            pop si
0331+  0694 09            ret
0332+  0695             
0333+  0695             
0334+  0695             ;;;;;;;;;;;;;;;;;;;;;;;;;;;;;;;;;;;;;;;;;;;;;;;;;;;;;;;;;;;;;;;;;;;;;;;;;;;;;;;;;;;;;;;;;;;;;;;;;;;;;;;;;;;;;;;;;;
0335+  0695             ; PRINT NULL TERMINATED STRING
0336+  0695             ; pointer in D
0337+  0695             ;;;;;;;;;;;;;;;;;;;;;;;;;;;;;;;;;;;;;;;;;;;;;;;;;;;;;;;;;;;;;;;;;;;;;;;;;;;;;;;;;;;;;;;;;;;;;;;;;;;;;;;;;;;;;;;;;;
0338+  0695             _puts:
0339+  0695 D7            push a
0340+  0696 DA            push d
0341+  0697             _puts_L1:
0342+  0697 1E            mov al, [d]
0343+  0698 B9 00         cmp al, 0
0344+  069A C6 A6 06      jz _puts_END
0345+  069D 23            mov ah, al
0346+  069E 19 00         mov al, 0
0347+  06A0 05 03         syscall sys_io
0348+  06A2 79            inc d
0349+  06A3 0A 97 06      jmp _puts_L1
0350+  06A6             _puts_END:
0351+  06A6 E7            pop d
0352+  06A7 E4            pop a
0353+  06A8 09            ret
0354+  06A9             
0355+  06A9             ;;;;;;;;;;;;;;;;;;;;;;;;;;;;;;;;;;;;;;;;;;;;;;;;;;;;;;;;;;;;;;;;;;;;;;;;;;;;;;;;;;;;;;;;;;;;;;;;;;;;;;;;;;;;;;;;;;
0356+  06A9             ; PRINT N SIZE STRING
0357+  06A9             ; pointer in D
0358+  06A9             ; size in C
0359+  06A9             ;;;;;;;;;;;;;;;;;;;;;;;;;;;;;;;;;;;;;;;;;;;;;;;;;;;;;;;;;;;;;;;;;;;;;;;;;;;;;;;;;;;;;;;;;;;;;;;;;;;;;;;;;;;;;;;;;;
0360+  06A9             _putsn:
0361+  06A9 DB            push al
0362+  06AA DA            push d
0363+  06AB D9            push c
0364+  06AC             _putsn_L0:
0365+  06AC 1E            mov al, [d]
0366+  06AD 23            mov ah, al
0367+  06AE 19 00         mov al, 0
0368+  06B0 05 03         syscall sys_io
0369+  06B2 79            inc d
0370+  06B3 7E            dec c  
0371+  06B4 C2 00 00      cmp c, 0
0372+  06B7 C7 AC 06      jne _putsn_L0
0373+  06BA             _putsn_end:
0374+  06BA E6            pop c
0375+  06BB E7            pop d
0376+  06BC E8            pop al
0377+  06BD 09            ret
0378+  06BE             
0379+  06BE             ;;;;;;;;;;;;;;;;;;;;;;;;;;;;;;;;;;;;;;;;;;;;;;;;;;;;;;;;;;;;;;;;;;;;;;;;;;;;;;;;;;;;;;;
0380+  06BE             ; print 16bit decimal number
0381+  06BE             ; input number in A
0382+  06BE             ;;;;;;;;;;;;;;;;;;;;;;;;;;;;;;;;;;;;;;;;;;;;;;;;;;;;;;;;;;;;;;;;;;;;;;;;;;;;;;;;;;;;;;;
0383+  06BE             print_u16d:
0384+  06BE D7            push a
0385+  06BF D8            push b
0386+  06C0 26 10 27      mov b, 10000
0387+  06C3 AE            div a, b      ; get 10000's coeff.
0388+  06C4 07 E6 06      call print_number
0389+  06C7 11            mov a, b
0390+  06C8 26 E8 03      mov b, 1000
0391+  06CB AE            div a, b      ; get 1000's coeff.
0392+  06CC 07 E6 06      call print_number
0393+  06CF 11            mov a, b
0394+  06D0 26 64 00      mov b, 100
0395+  06D3 AE            div a, b
0396+  06D4 07 E6 06      call print_number
0397+  06D7 11            mov a, b
0398+  06D8 26 0A 00      mov b, 10
0399+  06DB AE            div a, b
0400+  06DC 07 E6 06      call print_number
0401+  06DF 1B            mov al, bl      ; 1's coeff in bl
0402+  06E0 07 E6 06      call print_number
0403+  06E3 E5            pop b
0404+  06E4 E4            pop a
0405+  06E5 09            ret
0406+  06E6             
0407+  06E6             ;;;;;;;;;;;;;;;;;;;;;;;;;;;;;;;;;;;;;;;;;;;;;;;;;;;;;;;;;;;;;;;;;;;;;;;;;;;;;;;;;;;;;;;
0408+  06E6             ; print AL
0409+  06E6             ;;;;;;;;;;;;;;;;;;;;;;;;;;;;;;;;;;;;;;;;;;;;;;;;;;;;;;;;;;;;;;;;;;;;;;;;;;;;;;;;;;;;;;;
0410+  06E6             print_number:
0411+  06E6 6A 30         add al, $30
0412+  06E8 23            mov ah, al
0413+  06E9 07 69 05      call _putchar
0414+  06EC 09            ret
0415+  06ED             
0416+  06ED             ;;;;;;;;;;;;;;;;;;;;;;;;;;;;;;;;;;;;;;;;;;;;;;;;;;;;;;;;;;;;;;;;;;;;;;;;;;;;;;;;;;;;;;;;;;;;;;;;;;;;;;;;;;;;;;;;;;
0417+  06ED             ; PRINT 16BIT HEX INTEGER
0418+  06ED             ; integer value in reg B
0419+  06ED             ;;;;;;;;;;;;;;;;;;;;;;;;;;;;;;;;;;;;;;;;;;;;;;;;;;;;;;;;;;;;;;;;;;;;;;;;;;;;;;;;;;;;;;;;;;;;;;;;;;;;;;;;;;;;;;;;;;
0420+  06ED             print_u16x:
0421+  06ED D7            push a
0422+  06EE D8            push b
0423+  06EF DD            push bl
0424+  06F0 30            mov bl, bh
0425+  06F1 07 37 05      call _itoa        ; convert bh to char in A
0426+  06F4 2F            mov bl, al        ; save al
0427+  06F5 19 00         mov al, 0
0428+  06F7 05 03         syscall sys_io        ; display AH
0429+  06F9 24            mov ah, bl        ; retrieve al
0430+  06FA 19 00         mov al, 0
0431+  06FC 05 03         syscall sys_io        ; display AL
0432+  06FE             
0433+  06FE EA            pop bl
0434+  06FF 07 37 05      call _itoa        ; convert bh to char in A
0435+  0702 2F            mov bl, al        ; save al
0436+  0703 19 00         mov al, 0
0437+  0705 05 03         syscall sys_io        ; display AH
0438+  0707 24            mov ah, bl        ; retrieve al
0439+  0708 19 00         mov al, 0
0440+  070A 05 03         syscall sys_io        ; display AL
0441+  070C             
0442+  070C E5            pop b
0443+  070D E4            pop a
0444+  070E 09            ret
0445+  070F             
0446+  070F             ;;;;;;;;;;;;;;;;;;;;;;;;;;;;;;;;;;;;;;;;;;;;;;;;;;;;;;;;;;;;;;;;;;;;;;;;;;;;;;;;;;;;;;;;;;;;;;;;;;;;;;;;;;;;;;;;;;
0447+  070F             ; INPUT 16BIT HEX INTEGER
0448+  070F             ; read 16bit integer into A
0449+  070F             ;;;;;;;;;;;;;;;;;;;;;;;;;;;;;;;;;;;;;;;;;;;;;;;;;;;;;;;;;;;;;;;;;;;;;;;;;;;;;;;;;;;;;;;;;;;;;;;;;;;;;;;;;;;;;;;;;;
0450+  070F             scan_u16x:
0451+  070F F8 10 00      enter 16
0452+  0712 D8            push b
0453+  0713 DA            push d
0454+  0714             
0455+  0714 FA F1 FF      lea d, [bp + -15]
0456+  0717 07 70 05      call _gets        ; get number
0457+  071A             
0458+  071A 32            mov bl, [d]
0459+  071B 37            mov bh, bl
0460+  071C 33 01 00      mov bl, [d + 1]
0461+  071F 07 26 05      call _atoi        ; convert to int in AL
0462+  0722 23            mov ah, al        ; move to AH
0463+  0723             
0464+  0723 33 02 00      mov bl, [d + 2]
0465+  0726 37            mov bh, bl
0466+  0727 33 03 00      mov bl, [d + 3]
0467+  072A 07 26 05      call _atoi        ; convert to int in AL
0468+  072D             
0469+  072D E7            pop d
0470+  072E E5            pop b
0471+  072F F9            leave
0472+  0730 09            ret
0473+  0731             
0474+  0731             ;;;;;;;;;;;;;;;;;;;;;;;;;;;;;;;;;;;;;;;;;;;;;;;;;;;;;;;;;;;;;;;;;;;;;;;;;;;;;;;;;;;;;;;;;;;;;;;;;;;;;;;;;;;;;;;;;;
0475+  0731             ; PRINT 8bit HEX INTEGER
0476+  0731             ; integer value in reg bl
0477+  0731             ;;;;;;;;;;;;;;;;;;;;;;;;;;;;;;;;;;;;;;;;;;;;;;;;;;;;;;;;;;;;;;;;;;;;;;;;;;;;;;;;;;;;;;;;;;;;;;;;;;;;;;;;;;;;;;;;;;
0478+  0731             print_u8x:
0479+  0731 D7            push a
0480+  0732 DD            push bl
0481+  0733             
0482+  0733 07 37 05      call _itoa        ; convert bl to char in A
0483+  0736 2F            mov bl, al        ; save al
0484+  0737 19 00         mov al, 0
0485+  0739 05 03         syscall sys_io        ; display AH
0486+  073B 24            mov ah, bl        ; retrieve al
0487+  073C 19 00         mov al, 0
0488+  073E 05 03         syscall sys_io        ; display AL
0489+  0740             
0490+  0740 EA            pop bl
0491+  0741 E4            pop a
0492+  0742 09            ret
0493+  0743             
0494+  0743             ;;;;;;;;;;;;;;;;;;;;;;;;;;;;;;;;;;;;;;;;;;;;;;;;;;;;;;;;;;;;;;;;;;;;;;;;;;;;;;;;;;;;;;;
0495+  0743             ; print 8bit decimal unsigned number
0496+  0743             ; input number in AL
0497+  0743             ;;;;;;;;;;;;;;;;;;;;;;;;;;;;;;;;;;;;;;;;;;;;;;;;;;;;;;;;;;;;;;;;;;;;;;;;;;;;;;;;;;;;;;;
0498+  0743             print_u8d:
0499+  0743 D7            push a
0500+  0744 D8            push b
0501+  0745             
0502+  0745 22 00         mov ah, 0
0503+  0747 26 64 00      mov b, 100
0504+  074A AE            div a, b
0505+  074B D8            push b      ; save remainder
0506+  074C B9 00         cmp al, 0
0507+  074E C6 58 07      je skip100
0508+  0751 6A 30         add al, $30
0509+  0753 23            mov ah, al
0510+  0754 19 00         mov al, 0
0511+  0756 05 03         syscall sys_io  ; print coeff
0512+  0758             skip100:
0513+  0758 E4            pop a
0514+  0759 22 00         mov ah, 0
0515+  075B 26 0A 00      mov b, 10
0516+  075E AE            div a, b
0517+  075F D8            push b      ; save remainder
0518+  0760 B9 00         cmp al, 0
0519+  0762 C6 6C 07      je skip10
0520+  0765 6A 30         add al, $30
0521+  0767 23            mov ah, al
0522+  0768 19 00         mov al, 0
0523+  076A 05 03         syscall sys_io  ; print coeff
0524+  076C             skip10:
0525+  076C E4            pop a
0526+  076D 1B            mov al, bl
0527+  076E 6A 30         add al, $30
0528+  0770 23            mov ah, al
0529+  0771 19 00         mov al, 0
0530+  0773 05 03         syscall sys_io  ; print coeff
0531+  0775 E5            pop b
0532+  0776 E4            pop a
0533+  0777 09            ret
0534+  0778             
0535+  0778             ;;;;;;;;;;;;;;;;;;;;;;;;;;;;;;;;;;;;;;;;;;;;;;;;;;;;;;;;;;;;;;;;;;;;;;;;;;;;;;;;;;;;;;;;;;;;;;;;;;;;;;;;;;;;;;;;;;
0536+  0778             ; INPUT 8BIT HEX INTEGER
0537+  0778             ; read 8bit integer into AL
0538+  0778             ;;;;;;;;;;;;;;;;;;;;;;;;;;;;;;;;;;;;;;;;;;;;;;;;;;;;;;;;;;;;;;;;;;;;;;;;;;;;;;;;;;;;;;;;;;;;;;;;;;;;;;;;;;;;;;;;;;
0539+  0778             scan_u8x:
0540+  0778 F8 04 00      enter 4
0541+  077B D8            push b
0542+  077C DA            push d
0543+  077D             
0544+  077D FA FD FF      lea d, [bp + -3]
0545+  0780 07 70 05      call _gets        ; get number
0546+  0783             
0547+  0783 32            mov bl, [d]
0548+  0784 37            mov bh, bl
0549+  0785 33 01 00      mov bl, [d + 1]
0550+  0788 07 26 05      call _atoi        ; convert to int in AL
0551+  078B             
0552+  078B E7            pop d
0553+  078C E5            pop b
0554+  078D F9            leave
0555+  078E 09            ret
0556+  078F             
0557+  078F             ;;;;;;;;;;;;;;;;;;;;;;;;;;;;;;;;;;;;;;;;;;;;;;;;;;;;;;;;;;;;;;;;;;;;;;;;;;;;;;;;;;;;;;;
0558+  078F             ; input decimal number
0559+  078F             ; result in A
0560+  078F             ; 655'\0'
0561+  078F             ; low--------high
0562+  078F             ;;;;;;;;;;;;;;;;;;;;;;;;;;;;;;;;;;;;;;;;;;;;;;;;;;;;;;;;;;;;;;;;;;;;;;;;;;;;;;;;;;;;;;;
0563+  078F             scan_u16d:
0564+  078F F8 08 00      enter 8
0565+  0792 E2            push si
0566+  0793 D8            push b
0567+  0794 D9            push c
0568+  0795 DA            push d
0569+  0796 FA F9 FF      lea d, [bp +- 7]
0570+  0799 07 70 05      call _gets
0571+  079C 07 C8 04      call _strlen      ; get string length in C
0572+  079F 7E            dec c
0573+  07A0 FD 4E         mov si, d
0574+  07A2 12            mov a, c
0575+  07A3 FD 99         shl a
0576+  07A5 3B E1 07      mov d, table_power
0577+  07A8 59            add d, a
0578+  07A9 38 00 00      mov c, 0
0579+  07AC             mul_loop:
0580+  07AC F6            lodsb      ; load ASCII to al
0581+  07AD B9 00         cmp al, 0
0582+  07AF C6 C2 07      je mul_exit
0583+  07B2 6F 30         sub al, $30    ; make into integer
0584+  07B4 22 00         mov ah, 0
0585+  07B6 2A            mov b, [d]
0586+  07B7 AC            mul a, b      ; result in B since it fits in 16bits
0587+  07B8 11            mov a, b
0588+  07B9 28            mov b, c
0589+  07BA 54            add a, b
0590+  07BB 39            mov c, a
0591+  07BC 63 02 00      sub d, 2
0592+  07BF 0A AC 07      jmp mul_loop
0593+  07C2             mul_exit:
0594+  07C2 12            mov a, c
0595+  07C3 E7            pop d
0596+  07C4 E6            pop c
0597+  07C5 E5            pop b
0598+  07C6 EF            pop si
0599+  07C7 F9            leave
0600+  07C8 09            ret
0601+  07C9             
0602+  07C9             
0603+  07C9 30 31 32 33 s_hex_digits:    .db "0123456789ABCDEF"  
0603+  07CD 34 35 36 37 
0603+  07D1 38 39 41 42 
0603+  07D5 43 44 45 46 
0604+  07D9 1B 5B 32 4A s_telnet_clear:  .db "\033[2J\033[H", 0
0604+  07DD 1B 5B 48 00 
0605+  07E1             
0606+  07E1             table_power:
0607+  07E1 01 00         .dw 1
0608+  07E3 0A 00         .dw 10
0609+  07E5 64 00         .dw 100
0610+  07E7 E8 03         .dw 1000
0611+  07E9 10 27         .dw 100000073   07EB             .include "lib/token.asm"
0001+  07EB             TOKTYP_IDENTIFIER  .equ 0
0002+  07EB             TOKTYP_KEYWORD     .equ 1
0003+  07EB             TOKTYP_DELIMITER   .equ 2
0004+  07EB             TOKTYP_STRING      .equ 3
0005+  07EB             TOKTYP_CHAR        .equ 4
0006+  07EB             TOKTYP_NUMERIC     .equ 5
0007+  07EB             TOKTYP_END         .equ 6
0008+  07EB             
0009+  07EB             TOK_NULL           .equ 0
0010+  07EB             TOK_FSLASH         .equ 1
0011+  07EB             TOK_TIMES          .equ 2
0012+  07EB             TOK_PLUS           .equ 3
0013+  07EB             TOK_MINUS          .equ 4
0014+  07EB             TOK_DOT            .equ 5
0015+  07EB             TOK_SEMI           .equ 6
0016+  07EB             TOK_ANGLE          .equ 7
0017+  07EB             TOK_TILDE          .equ 8
0018+  07EB             TOK_EQUAL          .equ 9
0019+  07EB             TOK_COLON          .equ 10
0020+  07EB             TOK_COMMA          .equ 11
0021+  07EB             
0022+  07EB             TOK_END            .equ 20
0023+  07EB             
0024+  07EB             
0025+  07EB             ;;;;;;;;;;;;;;;;;;;;;;;;;;;;;;;;;;;;;;;;;;;;;;;;;;;;;;;;;;;;;;;;;;;;;;;;;;;;;;;;;;
0026+  07EB             ;; read a full command argment from shell input buffer
0027+  07EB             ;; argument is written into tokstr
0028+  07EB             ;;;;;;;;;;;;;;;;;;;;;;;;;;;;;;;;;;;;;;;;;;;;;;;;;;;;;;;;;;;;;;;;;;;;;;;;;;;;;;;;;;
0029+  07EB             get_arg:
0030+  07EB D7            push a
0031+  07EC E2            push si
0032+  07ED E3            push di
0033+  07EE 19 00         mov al, 0
0034+  07F0 3D 19 0A      mov [tokstr], al      ; nullify tokstr string
0035+  07F3 14 15 0A      mov a, [prog]
0036+  07F6 4D            mov si, a
0037+  07F7 FD 4F 19 0A   mov di, tokstr
0038+  07FB             get_arg_skip_spaces:
0039+  07FB F6            lodsb
0040+  07FC 07 8F 0B      call _isspace
0041+  07FF C6 FB 07      je get_arg_skip_spaces
0042+  0802             get_arg_L0:
0043+  0802 B9 3B         cmp al, $3B        ; check if is ';'
0044+  0804 C6 11 08      je get_arg_end
0045+  0807 B9 00         cmp al, 0
0046+  0809 C6 11 08      je get_arg_end      ; check if end of input
0047+  080C F7            stosb
0048+  080D F6            lodsb
0049+  080E 0A 02 08      jmp get_arg_L0
0050+  0811             get_arg_end:
0051+  0811 19 00         mov al, 0
0052+  0813 F7            stosb
0053+  0814 D5 01 00      sub si, 1
0054+  0817 4E            mov a, si
0055+  0818 42 15 0A      mov [prog], a    ; update pointer
0056+  081B F0            pop di
0057+  081C EF            pop si
0058+  081D E4            pop a
0059+  081E 09            ret
0060+  081F             
0061+  081F             ;;;;;;;;;;;;;;;;;;;;;;;;;;;;;;;;;;;;;;;;;;;;;;;;;;;;;;;;;;;;;;;;;;;;;;;;;;;;;;;;;;
0062+  081F             ;; read a path formation from shell input buffer
0063+  081F             ;; path is written into tokstr
0064+  081F             ;; /usr/bin
0065+  081F             ;;;;;;;;;;;;;;;;;;;;;;;;;;;;;;;;;;;;;;;;;;;;;;;;;;;;;;;;;;;;;;;;;;;;;;;;;;;;;;;;;;
0066+  081F             get_path:
0067+  081F D7            push a
0068+  0820 E2            push si
0069+  0821 E3            push di
0070+  0822 19 00         mov al, 0
0071+  0824 3D 19 0A      mov [tokstr], al      ; nullify tokstr string
0072+  0827 14 15 0A      mov a, [prog]
0073+  082A 4D            mov si, a
0074+  082B FD 4F 19 0A   mov di, tokstr
0075+  082F             get_path_skip_spaces:
0076+  082F F6            lodsb
0077+  0830 07 8F 0B      call _isspace
0078+  0833 C6 2F 08      je get_path_skip_spaces
0079+  0836             get_path_is_pathchar:
0080+  0836 F7            stosb
0081+  0837 F6            lodsb
0082+  0838 07 19 0B      call _isalnum      ;check if is alphanumeric
0083+  083B C6 36 08      je get_path_is_pathchar
0084+  083E B9 2F         cmp al, '/'        ; check if is '/'
0085+  0840 C6 36 08      je get_path_is_pathchar
0086+  0843 19 00         mov al, 0
0087+  0845 F7            stosb
0088+  0846 D5 01 00      sub si, 1
0089+  0849 4E            mov a, si
0090+  084A 42 15 0A      mov [prog], a    ; update pointer
0091+  084D             get_path_end:
0092+  084D F0            pop di
0093+  084E EF            pop si
0094+  084F E4            pop a
0095+  0850 09            ret
0096+  0851             
0097+  0851             ;;;;;;;;;;;;;;;;;;;;;;;;;;;;;;;;;;;;;;;;;;;;;;;;;;;;;;;;;;;;;;;;;;;;;;;;;;;;;;;;;;
0098+  0851             ;; read a line
0099+  0851             ;; line is written into tokstr
0100+  0851             ;;;;;;;;;;;;;;;;;;;;;;;;;;;;;;;;;;;;;;;;;;;;;;;;;;;;;;;;;;;;;;;;;;;;;;;;;;;;;;;;;;
0101+  0851             get_line:
0102+  0851 D7            push a
0103+  0852 E2            push si
0104+  0853 E3            push di
0105+  0854 19 00         mov al, 0
0106+  0856 3D 19 0A      mov [tokstr], al      ; nullify tokstr string
0107+  0859 14 15 0A      mov a, [prog]
0108+  085C 4D            mov si, a
0109+  085D FD 4F 19 0A   mov di, tokstr
0110+  0861             get_line_L0:
0111+  0861 F6            lodsb
0112+  0862 B9 0A         cmp al, $0A    ; check for new line
0113+  0864 C6 6B 08      je get_line_exit
0114+  0867 F7            stosb
0115+  0868 0A 61 08      jmp get_line_L0
0116+  086B             get_line_exit:
0117+  086B 19 00         mov al, 0
0118+  086D F7            stosb
0119+  086E 4E            mov a, si
0120+  086F 42 15 0A      mov [prog], a    ; update pointer
0121+  0872 F0            pop di
0122+  0873 EF            pop si
0123+  0874 E4            pop a
0124+  0875 09            ret
0125+  0876             
0126+  0876             ;;;;;;;;;;;;;;;;;;;;;;;;;;;;;;;;;;;;;;;;;;;;;;;;;;;;;;;;;;;;;;;;;;;;;;;;;;;;;;;;;;
0127+  0876             ;; token parser
0128+  0876             ;;;;;;;;;;;;;;;;;;;;;;;;;;;;;;;;;;;;;;;;;;;;;;;;;;;;;;;;;;;;;;;;;;;;;;;;;;;;;;;;;;
0129+  0876             get_token:
0130+  0876 D7            push a
0131+  0877 DA            push d
0132+  0878 E2            push si
0133+  0879 E3            push di
0134+  087A 19 00         mov al, 0
0135+  087C 3D 19 0A      mov [tokstr], al      ; nullify tokstr string
0136+  087F 19 00         mov al, TOK_NULL
0137+  0881 3D 18 0A      mov [tok], al        ; nullify token
0138+  0884 14 15 0A      mov a, [prog]
0139+  0887 4D            mov si, a
0140+  0888 FD 4F 19 0A   mov di, tokstr
0141+  088C             get_tok_skip_spaces:
0142+  088C F6            lodsb
0143+  088D 07 8F 0B      call _isspace
0144+  0890 C6 8C 08      je get_tok_skip_spaces
0145+  0893 B9 00         cmp al, 0      ; check for end of input (NULL)
0146+  0895 C6 7A 09      je get_token_end
0147+  0898 B9 23         cmp al, '#'      ; comments!
0148+  089A C6 A8 09      je get_tok_comment
0149+  089D 07 19 0B      call _isalnum
0150+  08A0 C6 87 09      jz is_alphanumeric
0151+  08A3             ; other token types
0152+  08A3             get_token_slash:
0153+  08A3 B9 2F         cmp al, '/'        ; check if '/'
0154+  08A5 C7 BD 08      jne get_token_minus
0155+  08A8 F7            stosb          ; store '/' into token string
0156+  08A9 19 00         mov al, 0
0157+  08AB F7            stosb          ; terminate token string
0158+  08AC 19 01         mov al, TOK_FSLASH
0159+  08AE 3D 18 0A      mov [tok], al      
0160+  08B1 19 02         mov al, TOKTYP_DELIMITER
0161+  08B3 3D 17 0A      mov [toktyp], al
0162+  08B6 4E            mov a, si
0163+  08B7 42 15 0A      mov [prog], a    ; update pointer
0164+  08BA 0A A3 09      jmp get_token_return
0165+  08BD             get_token_minus:
0166+  08BD B9 2D         cmp al, '-'        ; check if '-'
0167+  08BF C7 D7 08      jne get_token_comma
0168+  08C2 F7            stosb          ; store '-' into token string
0169+  08C3 19 00         mov al, 0
0170+  08C5 F7            stosb          ; terminate token string
0171+  08C6 19 04         mov al, TOK_MINUS
0172+  08C8 3D 18 0A      mov [tok], al      
0173+  08CB 19 02         mov al, TOKTYP_DELIMITER
0174+  08CD 3D 17 0A      mov [toktyp], al
0175+  08D0 4E            mov a, si
0176+  08D1 42 15 0A      mov [prog], a    ; update pointer
0177+  08D4 0A A3 09      jmp get_token_return
0178+  08D7             get_token_comma:
0179+  08D7 B9 2C         cmp al, ','        ; check if ','
0180+  08D9 C7 F1 08      jne get_token_semi
0181+  08DC F7            stosb          ; store ',' into token string
0182+  08DD 19 00         mov al, 0
0183+  08DF F7            stosb          ; terminate token string
0184+  08E0 19 0B         mov al, TOK_COMMA
0185+  08E2 3D 18 0A      mov [tok], al      
0186+  08E5 19 02         mov al, TOKTYP_DELIMITER
0187+  08E7 3D 17 0A      mov [toktyp], al
0188+  08EA 4E            mov a, si
0189+  08EB 42 15 0A      mov [prog], a    ; update pointer
0190+  08EE 0A A3 09      jmp get_token_return
0191+  08F1             get_token_semi:
0192+  08F1 B9 3B         cmp al, $3B        ; check if ';'
0193+  08F3 C7 0B 09      jne get_token_colon
0194+  08F6 F7            stosb          ; store ';' into token string
0195+  08F7 19 00         mov al, 0
0196+  08F9 F7            stosb          ; terminate token string
0197+  08FA 19 06         mov al, TOK_SEMI
0198+  08FC 3D 18 0A      mov [tok], al      
0199+  08FF 19 02         mov al, TOKTYP_DELIMITER
0200+  0901 3D 17 0A      mov [toktyp], al
0201+  0904 4E            mov a, si
0202+  0905 42 15 0A      mov [prog], a    ; update pointer
0203+  0908 0A A3 09      jmp get_token_return
0204+  090B             get_token_colon:
0205+  090B B9 3A         cmp al, $3A        ; check if ':'
0206+  090D C7 25 09      jne get_token_angle
0207+  0910 F7            stosb          ; store ':' into token string
0208+  0911 19 00         mov al, 0
0209+  0913 F7            stosb          ; terminate token string
0210+  0914 19 0A         mov al, TOK_COLON
0211+  0916 3D 18 0A      mov [tok], al      
0212+  0919 19 02         mov al, TOKTYP_DELIMITER
0213+  091B 3D 17 0A      mov [toktyp], al
0214+  091E 4E            mov a, si
0215+  091F 42 15 0A      mov [prog], a    ; update pointer
0216+  0922 0A A3 09      jmp get_token_return
0217+  0925             get_token_angle:
0218+  0925 B9 3E         cmp al, $3E        ; check if '>'
0219+  0927 C7 3F 09      jne get_token_tilde
0220+  092A F7            stosb          ; store '>' into token string
0221+  092B 19 00         mov al, 0
0222+  092D F7            stosb          ; terminate token string
0223+  092E 19 07         mov al, TOK_ANGLE
0224+  0930 3D 18 0A      mov [tok], al      
0225+  0933 19 02         mov al, TOKTYP_DELIMITER
0226+  0935 3D 17 0A      mov [toktyp], al
0227+  0938 4E            mov a, si
0228+  0939 42 15 0A      mov [prog], a    ; update pointer
0229+  093C 0A A3 09      jmp get_token_return
0230+  093F             get_token_tilde:
0231+  093F B9 7E         cmp al, '~'        ; check if '~'
0232+  0941 C7 59 09      jne get_token_equal
0233+  0944 F7            stosb          ; store '~' into token string
0234+  0945 19 00         mov al, 0
0235+  0947 F7            stosb          ; terminate token string
0236+  0948 19 08         mov al, TOK_TILDE
0237+  094A 3D 18 0A      mov [tok], al      
0238+  094D 19 02         mov al, TOKTYP_DELIMITER
0239+  094F 3D 17 0A      mov [toktyp], al
0240+  0952 4E            mov a, si
0241+  0953 42 15 0A      mov [prog], a    ; update pointer
0242+  0956 0A A3 09      jmp get_token_return
0243+  0959             get_token_equal:
0244+  0959 B9 3D         cmp al, '='        ; check if '='
0245+  095B C7 73 09      jne get_token_skip
0246+  095E F7            stosb          ; store '=' into token string
0247+  095F 19 00         mov al, 0
0248+  0961 F7            stosb          ; terminate token string
0249+  0962 19 09         mov al, TOK_EQUAL
0250+  0964 3D 18 0A      mov [tok], al      
0251+  0967 19 02         mov al, TOKTYP_DELIMITER
0252+  0969 3D 17 0A      mov [toktyp], al
0253+  096C 4E            mov a, si
0254+  096D 42 15 0A      mov [prog], a    ; update pointer
0255+  0970 0A A3 09      jmp get_token_return
0256+  0973             get_token_skip:
0257+  0973 4E            mov a, si
0258+  0974 42 15 0A      mov [prog], a    ; update pointer
0259+  0977 0A A3 09      jmp get_token_return
0260+  097A             get_token_end:        ; end of file token
0261+  097A 19 14         mov al, TOK_END
0262+  097C 3D 18 0A      mov [tok], al
0263+  097F 19 06         mov al, TOKTYP_END
0264+  0981 3D 17 0A      mov [toktyp], al
0265+  0984 0A A3 09      jmp get_token_return
0266+  0987             is_alphanumeric:
0267+  0987 F7            stosb
0268+  0988 F6            lodsb
0269+  0989 07 19 0B      call _isalnum      ;check if is alphanumeric
0270+  098C C6 87 09      jz is_alphanumeric
0271+  098F B9 2E         cmp al, $2E        ; check if is '.'
0272+  0991 C6 87 09      je is_alphanumeric
0273+  0994 19 00         mov al, 0
0274+  0996 F7            stosb
0275+  0997 19 00         mov al, TOKTYP_IDENTIFIER
0276+  0999 3D 17 0A      mov [toktyp], al
0277+  099C D5 01 00      sub si, 1
0278+  099F 4E            mov a, si
0279+  09A0 42 15 0A      mov [prog], a    ; update pointer
0280+  09A3             get_token_return:
0281+  09A3 F0            pop di
0282+  09A4 EF            pop si
0283+  09A5 E7            pop d
0284+  09A6 E4            pop a
0285+  09A7 09            ret
0286+  09A8             get_tok_comment:
0287+  09A8 F6            lodsb
0288+  09A9 B9 0A         cmp al, $0A      ; new line
0289+  09AB C7 A8 09      jne get_tok_comment
0290+  09AE 0A 8C 08      jmp get_tok_skip_spaces
0291+  09B1             
0292+  09B1             
0293+  09B1             get_number:
0294+  09B1 D7            push a
0295+  09B2 DA            push d
0296+  09B3 E2            push si
0297+  09B4 E3            push di
0298+  09B5 19 00         mov al, 0
0299+  09B7 3D 19 0A      mov [tokstr], al      ; nullify tokstr string
0300+  09BA 19 00         mov al, TOK_NULL
0301+  09BC 3D 18 0A      mov [tok], al        ; nullify token
0302+  09BF 14 15 0A      mov a, [prog]
0303+  09C2 4D            mov si, a
0304+  09C3 FD 4F 19 0A   mov di, tokstr
0305+  09C7             get_number_skip_spaces:
0306+  09C7 F6            lodsb
0307+  09C8 07 8F 0B      call _isspace
0308+  09CB C6 C7 09      je get_number_skip_spaces
0309+  09CE B9 00         cmp al, 0      ; check for end of input (NULL)
0310+  09D0 C7 E0 09      jne get_number_L0
0311+  09D3 19 14         mov al, TOK_END
0312+  09D5 3D 18 0A      mov [tok], al
0313+  09D8 19 06         mov al, TOKTYP_END
0314+  09DA 3D 17 0A      mov [toktyp], al
0315+  09DD 0A F7 09      jmp get_number_return
0316+  09E0             get_number_L0:
0317+  09E0 F7            stosb
0318+  09E1 F6            lodsb
0319+  09E2 07 23 0B      call _isdigit      ;check if is numeric
0320+  09E5 C6 E0 09      jz get_number_L0
0321+  09E8 19 00         mov al, 0
0322+  09EA F7            stosb
0323+  09EB 19 05         mov al, TOKTYP_NUMERIC
0324+  09ED 3D 17 0A      mov [toktyp], al
0325+  09F0 D5 01 00      sub si, 1
0326+  09F3 4E            mov a, si
0327+  09F4 42 15 0A      mov [prog], a    ; update pointer
0328+  09F7             get_number_return:
0329+  09F7 F0            pop di
0330+  09F8 EF            pop si
0331+  09F9 E7            pop d
0332+  09FA E4            pop a
0333+  09FB 09            ret
0334+  09FC             
0335+  09FC             ;;;;;;;;;;;;;;;;;;;;;;;;;;;;;;;;;;;;;;;;;;;;;;;;;;;;;;;;;;;;;;;;;;;;;;;;;;;;;;;;;;
0336+  09FC             ;; PUT BACK TOKEN
0337+  09FC             ;;;;;;;;;;;;;;;;;;;;;;;;;;;;;;;;;;;;;;;;;;;;;;;;;;;;;;;;;;;;;;;;;;;;;;;;;;;;;;;;;;  
0338+  09FC             _putback:
0339+  09FC D7            push a
0340+  09FD E2            push si
0341+  09FE FD 4D 19 0A   mov si, tokstr  
0342+  0A02             _putback_loop:
0343+  0A02 F6            lodsb
0344+  0A03 B9 00         cmp al, 0
0345+  0A05 C6 12 0A      je _putback_end
0346+  0A08 14 15 0A      mov a, [prog]
0347+  0A0B 7D            dec a
0348+  0A0C 42 15 0A      mov [prog], a      ; update pointer
0349+  0A0F 0A 02 0A      jmp _putback_loop
0350+  0A12             _putback_end:
0351+  0A12 EF            pop si
0352+  0A13 E4            pop a
0353+  0A14 09            ret
0354+  0A15             
0355+  0A15             
0356+  0A15             
0357+  0A15             
0358+  0A15 00 00       prog:      .dw 0          ; pointer to current position in buffer
0359+  0A17             
0360+  0A17 00          toktyp:    .db 0          ; token type symbol
0361+  0A18 00          tok:       .db 0          ; current token symbol
0362+  0A19 00 00 00 00 tokstr:    .fill 256, 0   ; token as a string
0362+  0A1D 00 00 00 00 
0362+  0A21 00 00 00 00 
0362+  0A25 00 00 00 00 
0362+  0A29 00 00 00 00 
0362+  0A2D 00 00 00 00 
0362+  0A31 00 00 00 00 
0362+  0A35 00 00 00 00 
0362+  0A39 00 00 00 00 
0362+  0A3D 00 00 00 00 
0362+  0A41 00 00 00 00 
0362+  0A45 00 00 00 00 
0362+  0A49 00 00 00 00 
0362+  0A4D 00 00 00 00 
0362+  0A51 00 00 00 00 
0362+  0A55 00 00 00 00 
0362+  0A59 00 00 00 00 
0362+  0A5D 00 00 00 00 
0362+  0A61 00 00 00 00 
0362+  0A65 00 00 00 00 
0362+  0A69 00 00 00 00 
0362+  0A6D 00 00 00 00 
0362+  0A71 00 00 00 00 
0362+  0A75 00 00 00 00 
0362+  0A79 00 00 00 00 
0362+  0A7D 00 00 00 00 
0362+  0A81 00 00 00 00 
0362+  0A85 00 00 00 00 
0362+  0A89 00 00 00 00 
0362+  0A8D 00 00 00 00 
0362+  0A91 00 00 00 00 
0362+  0A95 00 00 00 00 
0362+  0A99 00 00 00 00 
0362+  0A9D 00 00 00 00 
0362+  0AA1 00 00 00 00 
0362+  0AA5 00 00 00 00 
0362+  0AA9 00 00 00 00 
0362+  0AAD 00 00 00 00 
0362+  0AB1 00 00 00 00 
0362+  0AB5 00 00 00 00 
0362+  0AB9 00 00 00 00 
0362+  0ABD 00 00 00 00 
0362+  0AC1 00 00 00 00 
0362+  0AC5 00 00 00 00 
0362+  0AC9 00 00 00 00 
0362+  0ACD 00 00 00 00 
0362+  0AD1 00 00 00 00 
0362+  0AD5 00 00 00 00 
0362+  0AD9 00 00 00 00 
0362+  0ADD 00 00 00 00 
0362+  0AE1 00 00 00 00 
0362+  0AE5 00 00 00 00 
0362+  0AE9 00 00 00 00 
0362+  0AED 00 00 00 00 
0362+  0AF1 00 00 00 00 
0362+  0AF5 00 00 00 00 
0362+  0AF9 00 00 00 00 
0362+  0AFD 00 00 00 00 
0362+  0B01 00 00 00 00 
0362+  0B05 00 00 00 00 
0362+  0B09 00 00 00 00 
0362+  0B0D 00 00 00 00 
0362+  0B11 00 00 00 00 
0362+  0B15 00 00 00 00 
0074   0B19             .include "lib/ctype.asm"
0001+  0B19             ;;;;;;;;;;;;;;;;;;;;;;;;;;;;;;;;;;;;;;;;;;;;;;;;;;;;;;;;;;;;;;;;;;;;;;;;;;;;;;;;;;;;;;;;;;;;;;;;;;;;;;;;;;;;;;;;;;
0002+  0B19             ; ctype.s
0003+  0B19             ;;;;;;;;;;;;;;;;;;;;;;;;;;;;;;;;;;;;;;;;;;;;;;;;;;;;;;;;;;;;;;;;;;;;;;;;;;;;;;;;;;;;;;;;;;;;;;;;;;;;;;;;;;;;;;;;;;
0004+  0B19             
0005+  0B19             ;;;;;;;;;;;;;;;;;;;;;;;;;;;;;;;;;;;;;;;;;;;;;;;;;;;;;;;;;;;;;;;;;;;;;;;;;;;;;;;;;;;;;;;;;;;;;;;;;;;;;;;;;;;;;;;;;;
0006+  0B19             ;; C character classification is an operation provided by a group of functions in the ANSI C Standard Library
0007+  0B19             ;; for the C programming language. These functions are used to test characters for membership in a particular
0008+  0B19             ;; class of characters, such as alphabetic characters, control characters, etc. Both single-byte, and wide
0009+  0B19             ;; characters are supported.
0010+  0B19             ;;;;;;;;;;;;;;;;;;;;;;;;;;;;;;;;;;;;;;;;;;;;;;;;;;;;;;;;;;;;;;;;;;;;;;;;;;;;;;;;;;;;;;;;;;;;;;;;;;;;;;;;;;;;;;;;;;
0011+  0B19             ;; _isalnum 
0012+  0B19             ;; _isalpha 
0013+  0B19             ;; islower 
0014+  0B19             ;; isupper 
0015+  0B19             ;; _isdigit 
0016+  0B19             ;; isxdigit
0017+  0B19             ;; iscntrl 
0018+  0B19             ;; isgraph 
0019+  0B19             ;; _isspace 
0020+  0B19             ;; isblank 
0021+  0B19             ;; isprint 
0022+  0B19             ;; ispunct 
0023+  0B19             ;; tolower 
0024+  0B19             ;; toupper
0025+  0B19             
0026+  0B19             
0027+  0B19             ;;;;;;;;;;;;;;;;;;;;;;;;;;;;;;;;;;;;;;;;;;;;;;;;;;;;;;;;;;;;;;;;;;;;;;;;;;;;;;;;;;
0028+  0B19             ;; IS ALPHANUMERIC
0029+  0B19             ;; sets ZF according with result
0030+  0B19             ;;;;;;;;;;;;;;;;;;;;;;;;;;;;;;;;;;;;;;;;;;;;;;;;;;;;;;;;;;;;;;;;;;;;;;;;;;;;;;;;;;
0031+  0B19             _isalnum:
0032+  0B19 07 36 0B    	call _isalpha
0033+  0B1C C6 22 0B    	je _isalnum_exit
0034+  0B1F 07 23 0B    	call _isdigit
0035+  0B22             _isalnum_exit:
0036+  0B22 09          	ret	
0037+  0B23             ;;;;;;;;;;;;;;;;;;;;;;;;;;;;;;;;;;;;;;;;;;;;;;;;;;;;;;;;;;;;;;;;;;;;;;;;;;;;;;;;;;
0038+  0B23             ;; IS DIGIT
0039+  0B23             ;; sets ZF according with result
0040+  0B23             ;;;;;;;;;;;;;;;;;;;;;;;;;;;;;;;;;;;;;;;;;;;;;;;;;;;;;;;;;;;;;;;;;;;;;;;;;;;;;;;;;;
0041+  0B23             _isdigit:
0042+  0B23 DB          	push al
0043+  0B24 B9 30       	cmp al, '0'
0044+  0B26 C8 32 0B    	jlu _isdigit_false
0045+  0B29 B9 39       	cmp al, '9'
0046+  0B2B D1 32 0B    	jgu _isdigit_false
0047+  0B2E 87 00       	and al, 0	; set ZF
0048+  0B30 E8          	pop al
0049+  0B31 09          	ret
0050+  0B32             _isdigit_false:
0051+  0B32 8B 01       	or al, 1	; clear ZF
0052+  0B34 E8          	pop al
0053+  0B35 09          	ret	
0054+  0B36             	
0055+  0B36             ;;;;;;;;;;;;;;;;;;;;;;;;;;;;;;;;;;;;;;;;;;;;;;;;;;;;;;;;;;;;;;;;;;;;;;;;;;;;;;;;;;
0056+  0B36             ;; IS ALPHA
0057+  0B36             ;; sets ZF according with result
0058+  0B36             ;;;;;;;;;;;;;;;;;;;;;;;;;;;;;;;;;;;;;;;;;;;;;;;;;;;;;;;;;;;;;;;;;;;;;;;;;;;;;;;;;;
0059+  0B36             _isalpha:
0060+  0B36 DB          	push al
0061+  0B37 B9 5F       	cmp al, '_'
0062+  0B39 C6 59 0B    	je _isalpha_true
0063+  0B3C B9 2E       	cmp al, '.'
0064+  0B3E C6 59 0B    	je _isalpha_true
0065+  0B41 B9 41       	cmp al, 'A'
0066+  0B43 C8 55 0B    	jlu _isalpha_false
0067+  0B46 B9 7A       	cmp al, 'z'
0068+  0B48 D1 55 0B    	jgu _isalpha_false
0069+  0B4B B9 5A       	cmp al, 'Z'
0070+  0B4D D0 59 0B    	jleu _isalpha_true
0071+  0B50 B9 61       	cmp al, 'a'
0072+  0B52 C9 59 0B    	jgeu _isalpha_true
0073+  0B55             _isalpha_false:
0074+  0B55 8B 01       	or al, 1	; clear ZF
0075+  0B57 E8          	pop al
0076+  0B58 09          	ret
0077+  0B59             _isalpha_true:
0078+  0B59 87 00       	and al, 0	; set ZF
0079+  0B5B E8          	pop al
0080+  0B5C 09          	ret
0081+  0B5D             
0082+  0B5D             ;;;;;;;;;;;;;;;;;;;;;;;;;;;;;;;;;;;;;;;;;;;;;;;;;;;;;;;;;;;;;;;;;;;;;;;;;;;;;;;;;;
0083+  0B5D             ;; IS PATH-ALPHA
0084+  0B5D             ;; sets ZF according with result
0085+  0B5D             ;;;;;;;;;;;;;;;;;;;;;;;;;;;;;;;;;;;;;;;;;;;;;;;;;;;;;;;;;;;;;;;;;;;;;;;;;;;;;;;;;;
0086+  0B5D             ispath:
0087+  0B5D DB          	push al
0088+  0B5E 07 23 0B    	call _isdigit
0089+  0B61 C6 8B 0B    	je ispath_true
0090+  0B64 B9 5F       	cmp al, '_'
0091+  0B66 C6 8B 0B    	je ispath_true
0092+  0B69 B9 2F       	cmp al, '/'
0093+  0B6B C6 8B 0B    	je ispath_true
0094+  0B6E B9 2E       	cmp al, '.'
0095+  0B70 C6 8B 0B    	je ispath_true
0096+  0B73 B9 41       	cmp al, 'A'
0097+  0B75 C8 87 0B    	jlu ispath_false
0098+  0B78 B9 7A       	cmp al, 'z'
0099+  0B7A D1 87 0B    	jgu ispath_false
0100+  0B7D B9 5A       	cmp al, 'Z'
0101+  0B7F D0 8B 0B    	jleu ispath_true
0102+  0B82 B9 61       	cmp al, 'a'
0103+  0B84 C9 8B 0B    	jgeu ispath_true
0104+  0B87             ispath_false:
0105+  0B87 8B 01       	or al, 1	; clear ZF
0106+  0B89 E8          	pop al
0107+  0B8A 09          	ret
0108+  0B8B             ispath_true:
0109+  0B8B 87 00       	and al, 0	; set ZF
0110+  0B8D E8          	pop al
0111+  0B8E 09          	ret
0112+  0B8F             ;;;;;;;;;;;;;;;;;;;;;;;;;;;;;;;;;;;;;;;;;;;;;;;;;;;;;;;;;;;;;;;;;;;;;;;;;;;;;;;;;;
0113+  0B8F             ;; IS SPACE
0114+  0B8F             ;; sets ZF according with result
0115+  0B8F             ;;;;;;;;;;;;;;;;;;;;;;;;;;;;;;;;;;;;;;;;;;;;;;;;;;;;;;;;;;;;;;;;;;;;;;;;;;;;;;;;;;
0116+  0B8F             _isspace:
0117+  0B8F B9 20       	cmp al, $20		; ' '
0118+  0B91 C6 A5 0B    	je _isspace_exit
0119+  0B94 B9 09       	cmp al, $09		; '\t'
0120+  0B96 C6 A5 0B    	je _isspace_exit
0121+  0B99 B9 0A       	cmp al, $0A		; '\n'
0122+  0B9B C6 A5 0B    	je _isspace_exit
0123+  0B9E B9 0D       	cmp al, $0D		; '\r'
0124+  0BA0 C6 A5 0B    	je _isspace_exit
0125+  0BA3 B9 0B       	cmp al, $0B		; '\v'
0126+  0BA5             _isspace_exit:
0127+  0BA5 09          	ret	
0128+  0BA6             
0129+  0BA6             ;;;;;;;;;;;;;;;;;;;;;;;;;;;;;;;;;;;;;;;;;;;;;;;;;;;;;;;;;;;;;;;;;;;;;;;;;;;;;;;;;;;;;;;;;;;;;;;;;;;;;;;;;;;;;;;;;;
0130+  0BA6             ; TO LOWER
0131+  0BA6             ; input in AL
0132+  0BA6             ; output in AL
0133+  0BA6             ;;;;;;;;;;;;;;;;;;;;;;;;;;;;;;;;;;;;;;;;;;;;;;;;;;;;;;;;;;;;;;;;;;;;;;;;;;;;;;;;;;;;;;;;;;;;;;;;;;;;;;;;;;;;;;;;;;
0134+  0BA6             _to_lower:
0135+  0BA6 B9 5A       	cmp al, 'Z'
0136+  0BA8 D1 AD 0B    	jgu _to_lower_ret
0137+  0BAB 6A 20       	add al, $20				; convert to lower case
0138+  0BAD             _to_lower_ret:
0139+  0BAD 09          	ret
0140+  0BAE             ;;;;;;;;;;;;;;;;;;;;;;;;;;;;;;;;;;;;;;;;;;;;;;;;;;;;;;;;;;;;;;;;;;;;;;;;;;;;;;;;;;;;;;;;;;;;;;;;;;;;;;;;;;;;;;;;;;
0141+  0BAE             ; TO UPPER
0142+  0BAE             ; input in AL
0143+  0BAE             ; output in AL
0144+  0BAE             ;;;;;;;;;;;;;;;;;;;;;;;;;;;;;;;;;;;;;;;;;;;;;;;;;;;;;;;;;;;;;;;;;;;;;;;;;;;;;;;;;;;;;;;;;;;;;;;;;;;;;;;;;;;;;;;;;;
0145+  0BAE             _to_upper:
0146+  0BAE B9 61       	cmp al, 'a'
0147+  0BB0 C8 B5 0B    	jlu _to_upper_ret
0148+  0BB3 6F 20       	sub al, $20			; convert to upper case
0149+  0BB5             _to_upper_ret:
0150+  0BB5 09          	ret
0151+  0BB6             
0075   0BB6             
0076   0BB6 55 73 61 67 s_usage:	.db "Usage: primes [min] [max]\n", 0
0076   0BBA 65 3A 20 70 
0076   0BBE 72 69 6D 65 
0076   0BC2 73 20 5B 6D 
0076   0BC6 69 6E 5D 20 
0076   0BCA 5B 6D 61 78 
0076   0BCE 5D 0A 00 
0077   0BD1 00 00       total:		.dw 0
0078   0BD3 E8 03       max:		.dw 1000
0079   0BD5 05 00       min:		.dw 5
0080   0BD7             
0081   0BD7 0D 55 70 70 s_max:		.db "\rUpper bound: ", 0
0081   0BDB 65 72 20 62 
0081   0BDF 6F 75 6E 64 
0081   0BE3 3A 20 00 
0082   0BE6 2C 20 54 6F s_total:	.db ", Total primes: ", 0
0082   0BEA 74 61 6C 20 
0082   0BEE 70 72 69 6D 
0082   0BF2 65 73 3A 20 
0082   0BF6 00 
0083   0BF7             			
0084   0BF7             .end
tasm: Number of errors = 0
