0001   0000             .include "lib/kernel.exp"
0001+  0000             sys_break        .EQU  $0000
0002+  0000             sys_rtc          .EQU  $0001
0003+  0000             sys_ide          .EQU  $0002
0004+  0000             sys_io           .EQU  $0003
0005+  0000             sys_filesystem   .EQU  $0004
0006+  0000             sys_spawn_proc   .EQU  $0005
0007+  0000             sys_list         .EQU  $0006
0008+  0000             sys_datetime     .EQU  $0007
0009+  0000             sys_reboot       .EQU  $0008
0010+  0000             sys_pause_proc   .EQU  $0009
0011+  0000             sys_resume_proc  .EQU  $000a
0012+  0000             sys_terminate_proc .EQU  $000b
0013+  0000             sys_system       .EQU  $000c
0014+  0000             text_org         .EQU  $0400
0002   0400             .org text_org
0003   0400             
0004   0400             ; --- BEGIN TEXT BLOCK
0005   0400             main:
0006   0400 FD 49 FF FF   mov bp, $FFFF
0007   0404 FD 47 FF FF   mov sp, $FFFF
0008   0408             
0009   0408 07 EB 05      call printnl
0010   040B 10 FF FF      mov a, $FFFF
0011   040E 27            mov b, a
0012   040F             
0013   040F 07 9A 06      call print_u16x
0014   0412 85 00 00      and a, $0000
0015   0415             
0016   0415 27            mov b, a
0017   0416 07 9A 06      call print_u16x
0018   0419             
0019   0419 07 EB 05      call printnl
0020   041C             
0021   041C             
0022   041C 10 FF FF      mov a, $FFFF
0023   041F 87 00         and al, $00
0024   0421 27            mov b, a
0025   0422 07 9A 06      call print_u16x
0026   0425             
0027   0425 07 EB 05      call printnl
0028   0428             
0029   0428             
0030   0428             
0031   0428 05 0B         syscall sys_terminate_proc
0032   042A             
0033   042A             .include "lib/stdio.asm"
0001+  042A             ;;;;;;;;;;;;;;;;;;;;;;;;;;;;;;;;;;;;;;;;;;;;;;;;;;;;;;;;;;;;;;;;;;;;;;;;;;;;;;;;;;;;;;;;;;;;;;;;;;;;;;;;;;;;;;;;;;
0002+  042A             ; stdio.s
0003+  042A             ;;;;;;;;;;;;;;;;;;;;;;;;;;;;;;;;;;;;;;;;;;;;;;;;;;;;;;;;;;;;;;;;;;;;;;;;;;;;;;;;;;;;;;;;;;;;;;;;;;;;;;;;;;;;;;;;;;
0004+  042A             .include "lib/string.asm"
0001++ 042A             ;;;;;;;;;;;;;;;;;;;;;;;;;;;;;;;;;;;;;;;;;;;;;;;;;;;;;;;;;;;;;;;;;;;;;;;;;;;;;;;;;;;;;;;;;;;;;;;;;;;;;;;;;;;;;;;;;;
0002++ 042A             ; string.s
0003++ 042A             ;;;;;;;;;;;;;;;;;;;;;;;;;;;;;;;;;;;;;;;;;;;;;;;;;;;;;;;;;;;;;;;;;;;;;;;;;;;;;;;;;;;;;;;;;;;;;;;;;;;;;;;;;;;;;;;;;;
0004++ 042A             
0005++ 042A             
0006++ 042A             ;;;;;;;;;;;;;;;;;;;;;;;;;;;;;;;;;;;;;;;;;;;;;;;;;;;;;;;;;;;;;;;;;;;;;;;;;;;;;;;;;;;;;;;;;;;;;;;;;;;;;;;;;;;;;;;;;;
0007++ 042A             ; _strrev
0008++ 042A             ; reverse a string
0009++ 042A             ; D = string address
0010++ 042A             ;;;;;;;;;;;;;;;;;;;;;;;;;;;;;;;;;;;;;;;;;;;;;;;;;;;;;;;;;;;;;;;;;;;;;;;;;;;;;;;;;;;;;;;;;;;;;;;;;;;;;;;;;;;;;;;;;;
0011++ 042A             ; 01234
0012++ 042A             _strrev:
0013++ 042A 4B          	pusha
0014++ 042B 07 71 04    	call _strlen	; length in C
0015++ 042E 12          	mov a, c
0016++ 042F AF 01 00    	cmp a, 1
0017++ 0432 D0 4C 04    	jleu _strrev_end	; check string length. string len must be > 1
0018++ 0435 7D          	dec a
0019++ 0436 FD 4E       	mov si, d	; beginning of string
0020++ 0438 FD 50       	mov di, d	; beginning of string (for destinations)
0021++ 043A 59          	add d, a	; end of string
0022++ 043B 12          	mov a, c
0023++ 043C FD 9B       	shr a		; divide by 2
0024++ 043E 39          	mov c, a	; C now counts the steps
0025++ 043F             _strrev_L0:
0026++ 043F 32          	mov bl, [d]	; save load right-side char into BL
0027++ 0440 F6          	lodsb		; load left-side char into AL; increase SI
0028++ 0441 3E          	mov [d], al	; store left char into right side
0029++ 0442 1B          	mov al, bl
0030++ 0443 F7          	stosb		; store right-side char into left-side; increase DI
0031++ 0444 7E          	dec c
0032++ 0445 7F          	dec d
0033++ 0446 C2 00 00    	cmp c, 0
0034++ 0449 C7 3F 04    	jne _strrev_L0
0035++ 044C             _strrev_end:
0036++ 044C 4C          	popa
0037++ 044D 09          	ret
0038++ 044E             	
0039++ 044E             ;;;;;;;;;;;;;;;;;;;;;;;;;;;;;;;;;;;;;;;;;;;;;;;;;;;;;;;;;;;;;;;;;;;;;;;;;;;;;;;;;;;;;;;;;;;;;;;;;;;;;;;;;;;;;;;;;;
0040++ 044E             ; _strchr
0041++ 044E             ; search string in D for char in AL
0042++ 044E             ;;;;;;;;;;;;;;;;;;;;;;;;;;;;;;;;;;;;;;;;;;;;;;;;;;;;;;;;;;;;;;;;;;;;;;;;;;;;;;;;;;;;;;;;;;;;;;;;;;;;;;;;;;;;;;;;;;
0043++ 044E             _strchr:
0044++ 044E             _strchr_L0:
0045++ 044E 32          	mov bl, [d]
0046++ 044F C1 00       	cmp bl, 0
0047++ 0451 C6 5C 04    	je _strchr_end
0048++ 0454 BA          	cmp al, bl
0049++ 0455 C6 5C 04    	je _strchr_end
0050++ 0458 79          	inc d
0051++ 0459 0A 4E 04    	jmp _strchr_L0
0052++ 045C             _strchr_end:
0053++ 045C 1B          	mov al, bl
0054++ 045D 09          	ret
0055++ 045E             
0056++ 045E             ;;;;;;;;;;;;;;;;;;;;;;;;;;;;;;;;;;;;;;;;;;;;;;;;;;;;;;;;;;;;;;;;;;;;;;;;;;;;;;;;;;;;;;;;;;;;;;;;;;;;;;;;;;;;;;;;;;
0057++ 045E             ; _strstr
0058++ 045E             ; find sub-string
0059++ 045E             ; str1 in SI
0060++ 045E             ; str2 in DI
0061++ 045E             ; SI points to end of source string
0062++ 045E             ;;;;;;;;;;;;;;;;;;;;;;;;;;;;;;;;;;;;;;;;;;;;;;;;;;;;;;;;;;;;;;;;;;;;;;;;;;;;;;;;;;;;;;;;;;;;;;;;;;;;;;;;;;;;;;;;;;
0063++ 045E             _strstr:
0064++ 045E DB          	push al
0065++ 045F DA          	push d
0066++ 0460 E3          	push di
0067++ 0461             _strstr_loop:
0068++ 0461 F3          	cmpsb					; compare a byte of the strings
0069++ 0462 C7 6D 04    	jne _strstr_ret
0070++ 0465 FC 00 00    	lea d, [di + 0]
0071++ 0468 BD 00       	cmp byte[d], 0				; check if at end of string (null)
0072++ 046A C7 61 04    	jne _strstr_loop				; equal chars but not at end
0073++ 046D             _strstr_ret:
0074++ 046D F0          	pop di
0075++ 046E E7          	pop d
0076++ 046F E8          	pop al
0077++ 0470 09          	ret
0078++ 0471             ;;;;;;;;;;;;;;;;;;;;;;;;;;;;;;;;;;;;;;;;;;;;;;;;;;;;;;;;;;;;;;;;;;;;;;;;;;;;;;;;;;;;;;;
0079++ 0471             ; length of null terminated string
0080++ 0471             ; result in C
0081++ 0471             ; pointer in D
0082++ 0471             ;;;;;;;;;;;;;;;;;;;;;;;;;;;;;;;;;;;;;;;;;;;;;;;;;;;;;;;;;;;;;;;;;;;;;;;;;;;;;;;;;;;;;;;
0083++ 0471             _strlen:
0084++ 0471 DA          	push d
0085++ 0472 38 00 00    	mov c, 0
0086++ 0475             _strlen_L1:
0087++ 0475 BD 00       	cmp byte [d], 0
0088++ 0477 C6 7F 04    	je _strlen_ret
0089++ 047A 79          	inc d
0090++ 047B 78          	inc c
0091++ 047C 0A 75 04    	jmp _strlen_L1
0092++ 047F             _strlen_ret:
0093++ 047F E7          	pop d
0094++ 0480 09          	ret
0095++ 0481             
0096++ 0481             ;;;;;;;;;;;;;;;;;;;;;;;;;;;;;;;;;;;;;;;;;;;;;;;;;;;;;;;;;;;;;;;;;;;;;;;;;;;;;;;;;;;;;;;;;;;;;;;;;;;;;;;;;;;;;;;;;;
0097++ 0481             ; STRCMP
0098++ 0481             ; compare two strings
0099++ 0481             ; str1 in SI
0100++ 0481             ; str2 in DI
0101++ 0481             ; CREATE A STRING COMPAIRON INSTRUCION ?????
0102++ 0481             ;;;;;;;;;;;;;;;;;;;;;;;;;;;;;;;;;;;;;;;;;;;;;;;;;;;;;;;;;;;;;;;;;;;;;;;;;;;;;;;;;;;;;;;;;;;;;;;;;;;;;;;;;;;;;;;;;;
0103++ 0481             _strcmp:
0104++ 0481 DB          	push al
0105++ 0482 DA          	push d
0106++ 0483 E3          	push di
0107++ 0484 E2          	push si
0108++ 0485             _strcmp_loop:
0109++ 0485 F3          	cmpsb					; compare a byte of the strings
0110++ 0486 C7 91 04    	jne _strcmp_ret
0111++ 0489 FB FF FF    	lea d, [si +- 1]
0112++ 048C BD 00       	cmp byte[d], 0				; check if at end of string (null)
0113++ 048E C7 85 04    	jne _strcmp_loop				; equal chars but not at end
0114++ 0491             _strcmp_ret:
0115++ 0491 EF          	pop si
0116++ 0492 F0          	pop di
0117++ 0493 E7          	pop d
0118++ 0494 E8          	pop al
0119++ 0495 09          	ret
0120++ 0496             
0121++ 0496             
0122++ 0496             ; STRCPY
0123++ 0496             ; copy null terminated string from SI to DI
0124++ 0496             ; source in SI
0125++ 0496             ; destination in DI
0126++ 0496             _strcpy:
0127++ 0496 E2          	push si
0128++ 0497 E3          	push di
0129++ 0498 DB          	push al
0130++ 0499             _strcpy_L1:
0131++ 0499 F6          	lodsb
0132++ 049A F7          	stosb
0133++ 049B B9 00       	cmp al, 0
0134++ 049D C7 99 04    	jne _strcpy_L1
0135++ 04A0             _strcpy_end:
0136++ 04A0 E8          	pop al
0137++ 04A1 F0          	pop di
0138++ 04A2 EF          	pop si
0139++ 04A3 09          	ret
0140++ 04A4             
0141++ 04A4             ; STRCAT
0142++ 04A4             ; concatenate a NULL terminated string into string at DI, from string at SI
0143++ 04A4             ; source in SI
0144++ 04A4             ; destination in DI
0145++ 04A4             _strcat:
0146++ 04A4 E2          	push si
0147++ 04A5 E3          	push di
0148++ 04A6 D7          	push a
0149++ 04A7 DA          	push d
0150++ 04A8 50          	mov a, di
0151++ 04A9 3C          	mov d, a
0152++ 04AA             _strcat_goto_end_L1:
0153++ 04AA BD 00       	cmp byte[d], 0
0154++ 04AC C6 B3 04    	je _strcat_start
0155++ 04AF 79          	inc d
0156++ 04B0 0A AA 04    	jmp _strcat_goto_end_L1
0157++ 04B3             _strcat_start:
0158++ 04B3 FD 50       	mov di, d
0159++ 04B5             _strcat_L1:
0160++ 04B5 F6          	lodsb
0161++ 04B6 F7          	stosb
0162++ 04B7 B9 00       	cmp al, 0
0163++ 04B9 C7 B5 04    	jne _strcat_L1
0164++ 04BC             _strcat_end:
0165++ 04BC E7          	pop d
0166++ 04BD E4          	pop a
0167++ 04BE F0          	pop di
0168++ 04BF EF          	pop si
0169++ 04C0 09          	ret
0170++ 04C1             
0171++ 04C1             
0005+  04C1             
0006+  04C1             
0007+  04C1             ;;;;;;;;;;;;;;;;;;;;;;;;;;;;;;;;;;;;;;;;;;;;;;;;;;;;;;;;;;;;;;;;;;;;;;;;;;;;;;;;;;;;;;;;;;;;;;;;;;;;;;;;;;;;;;;;;;
0008+  04C1             ; CONVERT ASCII 'O'..'F' TO INTEGER 0..15
0009+  04C1             ; ASCII in BL
0010+  04C1             ; result in AL
0011+  04C1             ; ascii for F = 0100 0110
0012+  04C1             ; ascii for 9 = 0011 1001
0013+  04C1             ;;;;;;;;;;;;;;;;;;;;;;;;;;;;;;;;;;;;;;;;;;;;;;;;;;;;;;;;;;;;;;;;;;;;;;;;;;;;;;;;;;;;;;;;;;;;;;;;;;;;;;;;;;;;;;;;;;
0014+  04C1             hex_ascii_encode:
0015+  04C1 1B            mov al, bl
0016+  04C2 93 40         test al, $40        ; test if letter or number
0017+  04C4 C7 CA 04      jnz hex_letter
0018+  04C7 87 0F         and al, $0F        ; get number
0019+  04C9 09            ret
0020+  04CA             hex_letter:
0021+  04CA 87 0F         and al, $0F        ; get letter
0022+  04CC 6A 09         add al, 9
0023+  04CE 09            ret
0024+  04CF             
0025+  04CF             ;;;;;;;;;;;;;;;;;;;;;;;;;;;;;;;;;;;;;;;;;;;;;;;;;;;;;;;;;;;;;;;;;;;;;;;;;;;;;;;;;;;;;;;;;;;;;;;;;;;;;;;;;;;;;;;;;;
0026+  04CF             ; ATOI
0027+  04CF             ; 2 letter hex string in B
0028+  04CF             ; 8bit integer returned in AL
0029+  04CF             ;;;;;;;;;;;;;;;;;;;;;;;;;;;;;;;;;;;;;;;;;;;;;;;;;;;;;;;;;;;;;;;;;;;;;;;;;;;;;;;;;;;;;;;;;;;;;;;;;;;;;;;;;;;;;;;;;;
0030+  04CF             _atoi:
0031+  04CF D8            push b
0032+  04D0 07 C1 04      call hex_ascii_encode      ; convert BL to 4bit code in AL
0033+  04D3 30            mov bl, bh
0034+  04D4 DB            push al          ; save a
0035+  04D5 07 C1 04      call hex_ascii_encode
0036+  04D8 EA            pop bl  
0037+  04D9 FD 9E 04      shl al, 4
0038+  04DC 8C            or al, bl
0039+  04DD E5            pop b
0040+  04DE 09            ret  
0041+  04DF             
0042+  04DF             
0043+  04DF             ;;;;;;;;;;;;;;;;;;;;;;;;;;;;;;;;;;;;;;;;;;;;;;;;;;;;;;;;;;;;;;;;;;;;;;;;;;;;;;;;;;;;;;;;;;;;;;;;;;;;;;;;;;;;;;;;;;
0044+  04DF             ; scanf
0045+  04DF             ; no need for explanations!
0046+  04DF             ;;;;;;;;;;;;;;;;;;;;;;;;;;;;;;;;;;;;;;;;;;;;;;;;;;;;;;;;;;;;;;;;;;;;;;;;;;;;;;;;;;;;;;;;;;;;;;;;;;;;;;;;;;;;;;;;;;
0047+  04DF             scanf:
0048+  04DF 09            ret
0049+  04E0             
0050+  04E0             ;;;;;;;;;;;;;;;;;;;;;;;;;;;;;;;;;;;;;;;;;;;;;;;;;;;;;;;;;;;;;;;;;;;;;;;;;;;;;;;;;;;;;;;;;;;;;;;;;;;;;;;;;;;;;;;;;;
0051+  04E0             ; ITOA
0052+  04E0             ; 8bit value in BL
0053+  04E0             ; 2 byte ASCII result in A
0054+  04E0             ;;;;;;;;;;;;;;;;;;;;;;;;;;;;;;;;;;;;;;;;;;;;;;;;;;;;;;;;;;;;;;;;;;;;;;;;;;;;;;;;;;;;;;;;;;;;;;;;;;;;;;;;;;;;;;;;;;
0055+  04E0             _itoa:
0056+  04E0 DA            push d
0057+  04E1 D8            push b
0058+  04E2 A7 00         mov bh, 0
0059+  04E4 FD A4 04      shr bl, 4  
0060+  04E7 74            mov d, b
0061+  04E8 1F 7A 07      mov al, [d + s_hex_digits]
0062+  04EB 23            mov ah, al
0063+  04EC               
0064+  04EC E5            pop b
0065+  04ED D8            push b
0066+  04EE A7 00         mov bh, 0
0067+  04F0 FD 87 0F      and bl, $0F
0068+  04F3 74            mov d, b
0069+  04F4 1F 7A 07      mov al, [d + s_hex_digits]
0070+  04F7 E5            pop b
0071+  04F8 E7            pop d
0072+  04F9 09            ret
0073+  04FA             
0074+  04FA             ;;;;;;;;;;;;;;;;;;;;;;;;;;;;;;;;;;;;;;;;;;;;;;;;;;;;;;;;;;;;;;;;;;;;;;;;;;;;;;;;;;;;;;;;;;;;;;;;;;;;;;;;;;;;;;;;;;
0075+  04FA             ; HEX STRING TO BINARY
0076+  04FA             ; di = destination address
0077+  04FA             ; si = source
0078+  04FA             ;;;;;;;;;;;;;;;;;;;;;;;;;;;;;;;;;;;;;;;;;;;;;;;;;;;;;;;;;;;;;;;;;;;;;;;;;;;;;;;;;;;;;;;;;;;;;;;;;;;;;;;;;;;;;;;;;;
0079+  04FA             _hex_to_int:
0080+  04FA             _hex_to_int_L1:
0081+  04FA F6            lodsb          ; load from [SI] to AL
0082+  04FB B9 00         cmp al, 0        ; check if ASCII 0
0083+  04FD C6 0A 05      jz _hex_to_int_ret
0084+  0500 36            mov bh, al
0085+  0501 F6            lodsb
0086+  0502 2F            mov bl, al
0087+  0503 07 CF 04      call _atoi        ; convert ASCII byte in B to int (to AL)
0088+  0506 F7            stosb          ; store AL to [DI]
0089+  0507 0A FA 04      jmp _hex_to_int_L1
0090+  050A             _hex_to_int_ret:
0091+  050A 09            ret    
0092+  050B             
0093+  050B             
0094+  050B             
0095+  050B             ;;;;;;;;;;;;;;;;;;;;;;;;;;;;;;;;;;;;;;;;;;;;;;;;;;;;;;;;;;;;;;;;;;;;;;;;;;;;;;;;;;;;;;;;;;;;;;;;;;;;;;;;;;;;;;;;;;
0096+  050B             ; GETCHAR
0097+  050B             ; char in ah
0098+  050B             ;;;;;;;;;;;;;;;;;;;;;;;;;;;;;;;;;;;;;;;;;;;;;;;;;;;;;;;;;;;;;;;;;;;;;;;;;;;;;;;;;;;;;;;;;;;;;;;;;;;;;;;;;;;;;;;;;;
0099+  050B             getch:
0100+  050B DB            push al
0101+  050C             getch_retry:
0102+  050C 19 01         mov al, 1
0103+  050E 05 03         syscall sys_io      ; receive in AH
0104+  0510 E8            pop al
0105+  0511 09            ret
0106+  0512             
0107+  0512             ;;;;;;;;;;;;;;;;;;;;;;;;;;;;;;;;;;;;;;;;;;;;;;;;;;;;;;;;;;;;;;;;;;;;;;;;;;;;;;;;;;;;;;;;;;;;;;;;;;;;;;;;;;;;;;;;;;
0108+  0512             ; PUTCHAR
0109+  0512             ; char in ah
0110+  0512             ;;;;;;;;;;;;;;;;;;;;;;;;;;;;;;;;;;;;;;;;;;;;;;;;;;;;;;;;;;;;;;;;;;;;;;;;;;;;;;;;;;;;;;;;;;;;;;;;;;;;;;;;;;;;;;;;;;
0111+  0512             _putchar:
0112+  0512 DB            push al
0113+  0513 19 00         mov al, 0
0114+  0515 05 03         syscall sys_io      ; char in AH
0115+  0517 E8            pop al
0116+  0518 09            ret
0117+  0519             
0118+  0519             ;;;;;;;;;;;;;;;;;;;;;;;;;;;;;;;;;;;;;;;;;;;;;;;;;;;;;;;;;;;;;;;;;;;;;;;;;;;;;;;;;;;;;;;;;;;;;;;;;;;;;;;;;;;;;;;;;;
0119+  0519             ;; INPUT A STRING
0120+  0519             ;; terminates with null
0121+  0519             ;; pointer in D
0122+  0519             ;;;;;;;;;;;;;;;;;;;;;;;;;;;;;;;;;;;;;;;;;;;;;;;;;;;;;;;;;;;;;;;;;;;;;;;;;;;;;;;;;;;;;;;;;;;;;;;;;;;;;;;;;;;;;;;;;;
0123+  0519             _gets:
0124+  0519 D7            push a
0125+  051A DA            push d
0126+  051B             _gets_loop:
0127+  051B 19 01         mov al, 1
0128+  051D 05 03         syscall sys_io      ; receive in AH
0129+  051F 76 1B         cmp ah, 27
0130+  0521 C6 42 05      je _gets_ansi_esc
0131+  0524 76 0A         cmp ah, $0A        ; LF
0132+  0526 C6 9E 05      je _gets_end
0133+  0529 76 0D         cmp ah, $0D        ; CR
0134+  052B C6 9E 05      je _gets_end
0135+  052E 76 5C         cmp ah, $5C        ; '\\'
0136+  0530 C6 64 05      je _gets_escape
0137+  0533 76 08         cmp ah, $08      ; check for backspace
0138+  0535 C6 3E 05      je _gets_backspace
0139+  0538 1A            mov al, ah
0140+  0539 3E            mov [d], al
0141+  053A 79            inc d
0142+  053B 0A 1B 05      jmp _gets_loop
0143+  053E             _gets_backspace:
0144+  053E 7F            dec d
0145+  053F 0A 1B 05      jmp _gets_loop
0146+  0542             _gets_ansi_esc:
0147+  0542 19 01         mov al, 1
0148+  0544 05 03         syscall sys_io        ; receive in AH without echo
0149+  0546 76 5B         cmp ah, '['
0150+  0548 C7 1B 05      jne _gets_loop
0151+  054B 19 01         mov al, 1
0152+  054D 05 03         syscall sys_io          ; receive in AH without echo
0153+  054F 76 44         cmp ah, 'D'
0154+  0551 C6 5C 05      je _gets_left_arrow
0155+  0554 76 43         cmp ah, 'C'
0156+  0556 C6 60 05      je _gets_right_arrow
0157+  0559 0A 1B 05      jmp _gets_loop
0158+  055C             _gets_left_arrow:
0159+  055C 7F            dec d
0160+  055D 0A 1B 05      jmp _gets_loop
0161+  0560             _gets_right_arrow:
0162+  0560 79            inc d
0163+  0561 0A 1B 05      jmp _gets_loop
0164+  0564             _gets_escape:
0165+  0564 19 01         mov al, 1
0166+  0566 05 03         syscall sys_io      ; receive in AH
0167+  0568 76 6E         cmp ah, 'n'
0168+  056A C6 89 05      je _gets_LF
0169+  056D 76 72         cmp ah, 'r'
0170+  056F C6 90 05      je _gets_CR
0171+  0572 76 30         cmp ah, '0'
0172+  0574 C6 97 05      je _gets_NULL
0173+  0577 76 5C         cmp ah, $5C  ; '\'
0174+  0579 C6 82 05      je _gets_slash
0175+  057C 1A            mov al, ah        ; if not a known escape, it is just a normal letter
0176+  057D 3E            mov [d], al
0177+  057E 79            inc d
0178+  057F 0A 1B 05      jmp _gets_loop
0179+  0582             _gets_slash:
0180+  0582 19 5C         mov al, $5C
0181+  0584 3E            mov [d], al
0182+  0585 79            inc d
0183+  0586 0A 1B 05      jmp _gets_loop
0184+  0589             _gets_LF:
0185+  0589 19 0A         mov al, $0A
0186+  058B 3E            mov [d], al
0187+  058C 79            inc d
0188+  058D 0A 1B 05      jmp _gets_loop
0189+  0590             _gets_CR:
0190+  0590 19 0D         mov al, $0D
0191+  0592 3E            mov [d], al
0192+  0593 79            inc d
0193+  0594 0A 1B 05      jmp _gets_loop
0194+  0597             _gets_NULL:
0195+  0597 19 00         mov al, $00
0196+  0599 3E            mov [d], al
0197+  059A 79            inc d
0198+  059B 0A 1B 05      jmp _gets_loop
0199+  059E             _gets_end:
0200+  059E 19 00         mov al, 0
0201+  05A0 3E            mov [d], al        ; terminate string
0202+  05A1 E7            pop d
0203+  05A2 E4            pop a
0204+  05A3 09            ret
0205+  05A4             
0206+  05A4             
0207+  05A4             ;;;;;;;;;;;;;;;;;;;;;;;;;;;;;;;;;;;;;;;;;;;;;;;;;;;;;;;;;;;;;;;;;;;;;;;;;;;;;;;;;;;;;;;;;;;;;;;;;;;;;;;;;;;;;;;;;;
0208+  05A4             ;; INPUT TEXT
0209+  05A4             ;; terminated with CTRL+D
0210+  05A4             ;; pointer in D
0211+  05A4             ;;;;;;;;;;;;;;;;;;;;;;;;;;;;;;;;;;;;;;;;;;;;;;;;;;;;;;;;;;;;;;;;;;;;;;;;;;;;;;;;;;;;;;;;;;;;;;;;;;;;;;;;;;;;;;;;;;
0212+  05A4             _gettxt:
0213+  05A4 D7            push a
0214+  05A5 DA            push d
0215+  05A6             _gettxt_loop:
0216+  05A6 19 01         mov al, 1
0217+  05A8 05 03         syscall sys_io      ; receive in AH
0218+  05AA 76 04         cmp ah, 4      ; EOT
0219+  05AC C6 E5 05      je _gettxt_end
0220+  05AF 76 08         cmp ah, $08      ; check for backspace
0221+  05B1 C6 E1 05      je _gettxt_backspace
0222+  05B4 76 5C         cmp ah, $5C        ; '\'
0223+  05B6 C6 BF 05      je _gettxt_escape
0224+  05B9 1A            mov al, ah
0225+  05BA 3E            mov [d], al
0226+  05BB 79            inc d
0227+  05BC 0A A6 05      jmp _gettxt_loop
0228+  05BF             _gettxt_escape:
0229+  05BF 19 01         mov al, 1
0230+  05C1 05 03         syscall sys_io      ; receive in AH
0231+  05C3 76 6E         cmp ah, 'n'
0232+  05C5 C6 D3 05      je _gettxt_LF
0233+  05C8 76 72         cmp ah, 'r'
0234+  05CA C6 DA 05      je _gettxt_CR
0235+  05CD 1A            mov al, ah        ; if not a known escape, it is just a normal letter
0236+  05CE 3E            mov [d], al
0237+  05CF 79            inc d
0238+  05D0 0A A6 05      jmp _gettxt_loop
0239+  05D3             _gettxt_LF:
0240+  05D3 19 0A         mov al, $0A
0241+  05D5 3E            mov [d], al
0242+  05D6 79            inc d
0243+  05D7 0A A6 05      jmp _gettxt_loop
0244+  05DA             _gettxt_CR:
0245+  05DA 19 0D         mov al, $0D
0246+  05DC 3E            mov [d], al
0247+  05DD 79            inc d
0248+  05DE 0A A6 05      jmp _gettxt_loop
0249+  05E1             _gettxt_backspace:
0250+  05E1 7F            dec d
0251+  05E2 0A A6 05      jmp _gettxt_loop
0252+  05E5             _gettxt_end:
0253+  05E5 19 00         mov al, 0
0254+  05E7 3E            mov [d], al        ; terminate string
0255+  05E8 E7            pop d
0256+  05E9 E4            pop a
0257+  05EA 09            ret
0258+  05EB             
0259+  05EB             ;;;;;;;;;;;;;;;;;;;;;;;;;;;;;;;;;;;;;;;;;;;;;;;;;;;;;;;;;;;;;;;;;;;;;;;;;;;;;;;;;;;;;;;;;;;;;;;;;;;;;;;;;;;;;;;;;;
0260+  05EB             ; PRINT NEW LINE
0261+  05EB             ;;;;;;;;;;;;;;;;;;;;;;;;;;;;;;;;;;;;;;;;;;;;;;;;;;;;;;;;;;;;;;;;;;;;;;;;;;;;;;;;;;;;;;;;;;;;;;;;;;;;;;;;;;;;;;;;;;
0262+  05EB             printnl:
0263+  05EB D7            push a
0264+  05EC 10 00 0A      mov a, $0A00
0265+  05EF 05 03         syscall sys_io
0266+  05F1 10 00 0D      mov a, $0D00
0267+  05F4 05 03         syscall sys_io
0268+  05F6 E4            pop a
0269+  05F7 09            ret
0270+  05F8             
0271+  05F8             ;;;;;;;;;;;;;;;;;;;;;;;;;;;;;;;;;;;;;;;;;;;;;;;;;;;;;;;;;;;;;;;;;;;;;;;;;;;;;;;;;;;;;;;;;;;;;;;;;;;;;;;;;;;;;;;;;;
0272+  05F8             ; _strtoint
0273+  05F8             ; 4 digit hex string number in d
0274+  05F8             ; integer returned in A
0275+  05F8             ;;;;;;;;;;;;;;;;;;;;;;;;;;;;;;;;;;;;;;;;;;;;;;;;;;;;;;;;;;;;;;;;;;;;;;;;;;;;;;;;;;;;;;;;;;;;;;;;;;;;;;;;;;;;;;;;;;
0276+  05F8             _strtointx:
0277+  05F8 D8            push b
0278+  05F9 32            mov bl, [d]
0279+  05FA 37            mov bh, bl
0280+  05FB 33 01 00      mov bl, [d + 1]
0281+  05FE 07 CF 04      call _atoi        ; convert to int in AL
0282+  0601 23            mov ah, al        ; move to AH
0283+  0602 33 02 00      mov bl, [d + 2]
0284+  0605 37            mov bh, bl
0285+  0606 33 03 00      mov bl, [d + 3]
0286+  0609 07 CF 04      call _atoi        ; convert to int in AL
0287+  060C E5            pop b
0288+  060D 09            ret
0289+  060E             
0290+  060E             ;;;;;;;;;;;;;;;;;;;;;;;;;;;;;;;;;;;;;;;;;;;;;;;;;;;;;;;;;;;;;;;;;;;;;;;;;;;;;;;;;;;;;;;;;;;;;;;;;;;;;;;;;;;;;;;;;;
0291+  060E             ; _strtoint
0292+  060E             ; 5 digit base10 string number in d
0293+  060E             ; integer returned in A
0294+  060E             ;;;;;;;;;;;;;;;;;;;;;;;;;;;;;;;;;;;;;;;;;;;;;;;;;;;;;;;;;;;;;;;;;;;;;;;;;;;;;;;;;;;;;;;;;;;;;;;;;;;;;;;;;;;;;;;;;;
0295+  060E             _strtoint:
0296+  060E E2            push si
0297+  060F D8            push b
0298+  0610 D9            push c
0299+  0611 DA            push d
0300+  0612 07 71 04      call _strlen      ; get string length in C
0301+  0615 7E            dec c
0302+  0616 FD 4E         mov si, d
0303+  0618 12            mov a, c
0304+  0619 FD 99         shl a
0305+  061B 3B 92 07      mov d, table_power
0306+  061E 59            add d, a
0307+  061F 38 00 00      mov c, 0
0308+  0622             _strtoint_L0:
0309+  0622 F6            lodsb      ; load ASCII to al
0310+  0623 B9 00         cmp al, 0
0311+  0625 C6 38 06      je _strtoint_end
0312+  0628 6F 30         sub al, $30    ; make into integer
0313+  062A 22 00         mov ah, 0
0314+  062C 2A            mov b, [d]
0315+  062D AC            mul a, b      ; result in B since it fits in 16bits
0316+  062E 11            mov a, b
0317+  062F 28            mov b, c
0318+  0630 54            add a, b
0319+  0631 39            mov c, a
0320+  0632 63 02 00      sub d, 2
0321+  0635 0A 22 06      jmp _strtoint_L0
0322+  0638             _strtoint_end:
0323+  0638 12            mov a, c
0324+  0639 E7            pop d
0325+  063A E6            pop c
0326+  063B E5            pop b
0327+  063C EF            pop si
0328+  063D 09            ret
0329+  063E             
0330+  063E             
0331+  063E             ;;;;;;;;;;;;;;;;;;;;;;;;;;;;;;;;;;;;;;;;;;;;;;;;;;;;;;;;;;;;;;;;;;;;;;;;;;;;;;;;;;;;;;;;;;;;;;;;;;;;;;;;;;;;;;;;;;
0332+  063E             ; PRINT NULL TERMINATED STRING
0333+  063E             ; pointer in D
0334+  063E             ;;;;;;;;;;;;;;;;;;;;;;;;;;;;;;;;;;;;;;;;;;;;;;;;;;;;;;;;;;;;;;;;;;;;;;;;;;;;;;;;;;;;;;;;;;;;;;;;;;;;;;;;;;;;;;;;;;
0335+  063E             _puts:
0336+  063E D7            push a
0337+  063F DA            push d
0338+  0640             _puts_L1:
0339+  0640 1E            mov al, [d]
0340+  0641 B9 00         cmp al, 0
0341+  0643 C6 4F 06      jz _puts_END
0342+  0646 23            mov ah, al
0343+  0647 19 00         mov al, 0
0344+  0649 05 03         syscall sys_io
0345+  064B 79            inc d
0346+  064C 0A 40 06      jmp _puts_L1
0347+  064F             _puts_END:
0348+  064F E7            pop d
0349+  0650 E4            pop a
0350+  0651 09            ret
0351+  0652             
0352+  0652             ;;;;;;;;;;;;;;;;;;;;;;;;;;;;;;;;;;;;;;;;;;;;;;;;;;;;;;;;;;;;;;;;;;;;;;;;;;;;;;;;;;;;;;;;;;;;;;;;;;;;;;;;;;;;;;;;;;
0353+  0652             ; PRINT N SIZE STRING
0354+  0652             ; pointer in D
0355+  0652             ; size in C
0356+  0652             ;;;;;;;;;;;;;;;;;;;;;;;;;;;;;;;;;;;;;;;;;;;;;;;;;;;;;;;;;;;;;;;;;;;;;;;;;;;;;;;;;;;;;;;;;;;;;;;;;;;;;;;;;;;;;;;;;;
0357+  0652             _putsn:
0358+  0652 DB            push al
0359+  0653 DA            push d
0360+  0654 D9            push c
0361+  0655             _putsn_L0:
0362+  0655 1E            mov al, [d]
0363+  0656 23            mov ah, al
0364+  0657 19 00         mov al, 0
0365+  0659 05 03         syscall sys_io
0366+  065B 79            inc d
0367+  065C 7E            dec c  
0368+  065D C2 00 00      cmp c, 0
0369+  0660 C7 55 06      jne _putsn_L0
0370+  0663             _putsn_end:
0371+  0663 E6            pop c
0372+  0664 E7            pop d
0373+  0665 E8            pop al
0374+  0666 09            ret
0375+  0667             
0376+  0667             ;;;;;;;;;;;;;;;;;;;;;;;;;;;;;;;;;;;;;;;;;;;;;;;;;;;;;;;;;;;;;;;;;;;;;;;;;;;;;;;;;;;;;;;
0377+  0667             ; print 16bit decimal number
0378+  0667             ; input number in A
0379+  0667             ;;;;;;;;;;;;;;;;;;;;;;;;;;;;;;;;;;;;;;;;;;;;;;;;;;;;;;;;;;;;;;;;;;;;;;;;;;;;;;;;;;;;;;;
0380+  0667             print_u16d:
0381+  0667 D7            push a
0382+  0668 D8            push b
0383+  0669 FD D8         push g
0384+  066B 26 10 27      mov b, 10000
0385+  066E AE            div a, b      ; get 10000's coeff.
0386+  066F 07 93 06      call print_number
0387+  0672 11            mov a, b
0388+  0673 26 E8 03      mov b, 1000
0389+  0676 AE            div a, b      ; get 1000's coeff.
0390+  0677 07 93 06      call print_number
0391+  067A 11            mov a, b
0392+  067B 26 64 00      mov b, 100
0393+  067E AE            div a, b
0394+  067F 07 93 06      call print_number
0395+  0682 11            mov a, b
0396+  0683 26 0A 00      mov b, 10
0397+  0686 AE            div a, b
0398+  0687 07 93 06      call print_number
0399+  068A 1B            mov al, bl      ; 1's coeff in bl
0400+  068B 07 93 06      call print_number
0401+  068E FD F1         pop g
0402+  0690 E5            pop b
0403+  0691 E4            pop a
0404+  0692 09            ret
0405+  0693             
0406+  0693             ;;;;;;;;;;;;;;;;;;;;;;;;;;;;;;;;;;;;;;;;;;;;;;;;;;;;;;;;;;;;;;;;;;;;;;;;;;;;;;;;;;;;;;;
0407+  0693             ; print AL
0408+  0693             ;;;;;;;;;;;;;;;;;;;;;;;;;;;;;;;;;;;;;;;;;;;;;;;;;;;;;;;;;;;;;;;;;;;;;;;;;;;;;;;;;;;;;;;
0409+  0693             print_number:
0410+  0693 6A 30         add al, $30
0411+  0695 23            mov ah, al
0412+  0696 07 12 05      call _putchar
0413+  0699 09            ret
0414+  069A             
0415+  069A             ;;;;;;;;;;;;;;;;;;;;;;;;;;;;;;;;;;;;;;;;;;;;;;;;;;;;;;;;;;;;;;;;;;;;;;;;;;;;;;;;;;;;;;;;;;;;;;;;;;;;;;;;;;;;;;;;;;
0416+  069A             ; PRINT 16BIT HEX INTEGER
0417+  069A             ; integer value in reg B
0418+  069A             ;;;;;;;;;;;;;;;;;;;;;;;;;;;;;;;;;;;;;;;;;;;;;;;;;;;;;;;;;;;;;;;;;;;;;;;;;;;;;;;;;;;;;;;;;;;;;;;;;;;;;;;;;;;;;;;;;;
0419+  069A             print_u16x:
0420+  069A D7            push a
0421+  069B D8            push b
0422+  069C DD            push bl
0423+  069D 30            mov bl, bh
0424+  069E 07 E0 04      call _itoa        ; convert bh to char in A
0425+  06A1 2F            mov bl, al        ; save al
0426+  06A2 19 00         mov al, 0
0427+  06A4 05 03         syscall sys_io        ; display AH
0428+  06A6 24            mov ah, bl        ; retrieve al
0429+  06A7 19 00         mov al, 0
0430+  06A9 05 03         syscall sys_io        ; display AL
0431+  06AB             
0432+  06AB EA            pop bl
0433+  06AC 07 E0 04      call _itoa        ; convert bh to char in A
0434+  06AF 2F            mov bl, al        ; save al
0435+  06B0 19 00         mov al, 0
0436+  06B2 05 03         syscall sys_io        ; display AH
0437+  06B4 24            mov ah, bl        ; retrieve al
0438+  06B5 19 00         mov al, 0
0439+  06B7 05 03         syscall sys_io        ; display AL
0440+  06B9             
0441+  06B9 E5            pop b
0442+  06BA E4            pop a
0443+  06BB 09            ret
0444+  06BC             
0445+  06BC             ;;;;;;;;;;;;;;;;;;;;;;;;;;;;;;;;;;;;;;;;;;;;;;;;;;;;;;;;;;;;;;;;;;;;;;;;;;;;;;;;;;;;;;;;;;;;;;;;;;;;;;;;;;;;;;;;;;
0446+  06BC             ; INPUT 16BIT HEX INTEGER
0447+  06BC             ; read 16bit integer into A
0448+  06BC             ;;;;;;;;;;;;;;;;;;;;;;;;;;;;;;;;;;;;;;;;;;;;;;;;;;;;;;;;;;;;;;;;;;;;;;;;;;;;;;;;;;;;;;;;;;;;;;;;;;;;;;;;;;;;;;;;;;
0449+  06BC             scan_u16x:
0450+  06BC F8 10 00      enter 16
0451+  06BF D8            push b
0452+  06C0 DA            push d
0453+  06C1             
0454+  06C1 FA F1 FF      lea d, [bp + -15]
0455+  06C4 07 19 05      call _gets        ; get number
0456+  06C7             
0457+  06C7 32            mov bl, [d]
0458+  06C8 37            mov bh, bl
0459+  06C9 33 01 00      mov bl, [d + 1]
0460+  06CC 07 CF 04      call _atoi        ; convert to int in AL
0461+  06CF 23            mov ah, al        ; move to AH
0462+  06D0             
0463+  06D0 33 02 00      mov bl, [d + 2]
0464+  06D3 37            mov bh, bl
0465+  06D4 33 03 00      mov bl, [d + 3]
0466+  06D7 07 CF 04      call _atoi        ; convert to int in AL
0467+  06DA             
0468+  06DA E7            pop d
0469+  06DB E5            pop b
0470+  06DC F9            leave
0471+  06DD 09            ret
0472+  06DE             
0473+  06DE             ;;;;;;;;;;;;;;;;;;;;;;;;;;;;;;;;;;;;;;;;;;;;;;;;;;;;;;;;;;;;;;;;;;;;;;;;;;;;;;;;;;;;;;;;;;;;;;;;;;;;;;;;;;;;;;;;;;
0474+  06DE             ; PRINT 8bit HEX INTEGER
0475+  06DE             ; integer value in reg bl
0476+  06DE             ;;;;;;;;;;;;;;;;;;;;;;;;;;;;;;;;;;;;;;;;;;;;;;;;;;;;;;;;;;;;;;;;;;;;;;;;;;;;;;;;;;;;;;;;;;;;;;;;;;;;;;;;;;;;;;;;;;
0477+  06DE             print_u8x:
0478+  06DE D7            push a
0479+  06DF DD            push bl
0480+  06E0             
0481+  06E0 07 E0 04      call _itoa        ; convert bl to char in A
0482+  06E3 2F            mov bl, al        ; save al
0483+  06E4 19 00         mov al, 0
0484+  06E6 05 03         syscall sys_io        ; display AH
0485+  06E8 24            mov ah, bl        ; retrieve al
0486+  06E9 19 00         mov al, 0
0487+  06EB 05 03         syscall sys_io        ; display AL
0488+  06ED             
0489+  06ED EA            pop bl
0490+  06EE E4            pop a
0491+  06EF 09            ret
0492+  06F0             
0493+  06F0             ;;;;;;;;;;;;;;;;;;;;;;;;;;;;;;;;;;;;;;;;;;;;;;;;;;;;;;;;;;;;;;;;;;;;;;;;;;;;;;;;;;;;;;;
0494+  06F0             ; print 8bit decimal unsigned number
0495+  06F0             ; input number in AL
0496+  06F0             ;;;;;;;;;;;;;;;;;;;;;;;;;;;;;;;;;;;;;;;;;;;;;;;;;;;;;;;;;;;;;;;;;;;;;;;;;;;;;;;;;;;;;;;
0497+  06F0             print_u8d:
0498+  06F0 D7            push a
0499+  06F1 D8            push b
0500+  06F2 FD D8         push g
0501+  06F4 22 00         mov ah, 0
0502+  06F6 26 64 00      mov b, 100
0503+  06F9 AE            div a, b
0504+  06FA D8            push b      ; save remainder
0505+  06FB B9 00         cmp al, 0
0506+  06FD C6 07 07      je skip100
0507+  0700 6A 30         add al, $30
0508+  0702 23            mov ah, al
0509+  0703 19 00         mov al, 0
0510+  0705 05 03         syscall sys_io  ; print coeff
0511+  0707             skip100:
0512+  0707 E4            pop a
0513+  0708 22 00         mov ah, 0
0514+  070A 26 0A 00      mov b, 10
0515+  070D AE            div a, b
0516+  070E D8            push b      ; save remainder
0517+  070F B9 00         cmp al, 0
0518+  0711 C6 1B 07      je skip10
0519+  0714 6A 30         add al, $30
0520+  0716 23            mov ah, al
0521+  0717 19 00         mov al, 0
0522+  0719 05 03         syscall sys_io  ; print coeff
0523+  071B             skip10:
0524+  071B E4            pop a
0525+  071C 1B            mov al, bl
0526+  071D 6A 30         add al, $30
0527+  071F 23            mov ah, al
0528+  0720 19 00         mov al, 0
0529+  0722 05 03         syscall sys_io  ; print coeff
0530+  0724 FD F1         pop g
0531+  0726 E5            pop b
0532+  0727 E4            pop a
0533+  0728 09            ret
0534+  0729             
0535+  0729             ;;;;;;;;;;;;;;;;;;;;;;;;;;;;;;;;;;;;;;;;;;;;;;;;;;;;;;;;;;;;;;;;;;;;;;;;;;;;;;;;;;;;;;;;;;;;;;;;;;;;;;;;;;;;;;;;;;
0536+  0729             ; INPUT 8BIT HEX INTEGER
0537+  0729             ; read 8bit integer into AL
0538+  0729             ;;;;;;;;;;;;;;;;;;;;;;;;;;;;;;;;;;;;;;;;;;;;;;;;;;;;;;;;;;;;;;;;;;;;;;;;;;;;;;;;;;;;;;;;;;;;;;;;;;;;;;;;;;;;;;;;;;
0539+  0729             scan_u8x:
0540+  0729 F8 04 00      enter 4
0541+  072C D8            push b
0542+  072D DA            push d
0543+  072E             
0544+  072E FA FD FF      lea d, [bp + -3]
0545+  0731 07 19 05      call _gets        ; get number
0546+  0734             
0547+  0734 32            mov bl, [d]
0548+  0735 37            mov bh, bl
0549+  0736 33 01 00      mov bl, [d + 1]
0550+  0739 07 CF 04      call _atoi        ; convert to int in AL
0551+  073C             
0552+  073C E7            pop d
0553+  073D E5            pop b
0554+  073E F9            leave
0555+  073F 09            ret
0556+  0740             
0557+  0740             ;;;;;;;;;;;;;;;;;;;;;;;;;;;;;;;;;;;;;;;;;;;;;;;;;;;;;;;;;;;;;;;;;;;;;;;;;;;;;;;;;;;;;;;
0558+  0740             ; input decimal number
0559+  0740             ; result in A
0560+  0740             ; 655'\0'
0561+  0740             ; low--------high
0562+  0740             ;;;;;;;;;;;;;;;;;;;;;;;;;;;;;;;;;;;;;;;;;;;;;;;;;;;;;;;;;;;;;;;;;;;;;;;;;;;;;;;;;;;;;;;
0563+  0740             scan_u16d:
0564+  0740 F8 08 00      enter 8
0565+  0743 E2            push si
0566+  0744 D8            push b
0567+  0745 D9            push c
0568+  0746 DA            push d
0569+  0747 FA F9 FF      lea d, [bp +- 7]
0570+  074A 07 19 05      call _gets
0571+  074D 07 71 04      call _strlen      ; get string length in C
0572+  0750 7E            dec c
0573+  0751 FD 4E         mov si, d
0574+  0753 12            mov a, c
0575+  0754 FD 99         shl a
0576+  0756 3B 92 07      mov d, table_power
0577+  0759 59            add d, a
0578+  075A 38 00 00      mov c, 0
0579+  075D             mul_loop:
0580+  075D F6            lodsb      ; load ASCII to al
0581+  075E B9 00         cmp al, 0
0582+  0760 C6 73 07      je mul_exit
0583+  0763 6F 30         sub al, $30    ; make into integer
0584+  0765 22 00         mov ah, 0
0585+  0767 2A            mov b, [d]
0586+  0768 AC            mul a, b      ; result in B since it fits in 16bits
0587+  0769 11            mov a, b
0588+  076A 28            mov b, c
0589+  076B 54            add a, b
0590+  076C 39            mov c, a
0591+  076D 63 02 00      sub d, 2
0592+  0770 0A 5D 07      jmp mul_loop
0593+  0773             mul_exit:
0594+  0773 12            mov a, c
0595+  0774 E7            pop d
0596+  0775 E6            pop c
0597+  0776 E5            pop b
0598+  0777 EF            pop si
0599+  0778 F9            leave
0600+  0779 09            ret
0601+  077A             
0602+  077A             
0603+  077A 30 31 32 33 s_hex_digits:    .db "0123456789ABCDEF"  
0603+  077E 34 35 36 37 
0603+  0782 38 39 41 42 
0603+  0786 43 44 45 46 
0604+  078A 1B 5B 32 4A s_telnet_clear:  .db "\033[2J\033[H", 0
0604+  078E 1B 5B 48 00 
0605+  0792             
0606+  0792             table_power:
0607+  0792 01 00         .dw 1
0608+  0794 0A 00         .dw 10
0609+  0796 64 00         .dw 100
0610+  0798 E8 03         .dw 1000
0611+  079A 10 27         .dw 100000034   079C             .end
tasm: Number of errors = 0
