[30C[0;1;33;40mЫЫЫЫЫЫЫЫЫЫЫЫЫЫ
[30CЫЫЫЫЫЫЫЫЫЫЫЫЫЫ
[13C[31mЬЫЫЫЫЫЫЬ[8C[33mЫЫЫЫЫЫЫЫЫЫЫЫЫЫЫЫ[7C[31mЬЬЫЫЫЫЫЫЬ
[12CЬЫЫЫЫЫЫЫЫЫЬЬЬЬЬЫ[33mЫЫЫЫЫЫЫЫЫЫЫЫЫЫЫЫЫЫ[31mЬЬЬЬЫЫЫЫЫЫЫЫЫЫЫЬ
[12CЫЫЫЫЫЫЫЫЫЫЫЫЫЫЫЫЫЫЫЫЫЫЫЫЫЫЫЫЫЫЫЫЫЫЫЫЫЫЫЫЫЫЫЫЫЫЫЫЫЫ
[11CЫЫЫЫЫЫЫЫЫЫЫЫЫЫЫ[36mЫЯЯЯЫ[31mЫ[36mЫЯЯЯЫ[31mЫ[36mЫЯЯЯЫ[31mЫЫЫЫЫЫЫЫЫЫЫЫЫЫЫЫЫЫЫЫ
[10CЫЫЫЫЫЫЫЫЫЫЫЫЫЫЫЫ[36mЫЬЬЬЫ[31mЫ[36mЫ   Ы[31mЫ[36mЫЬЬЬЫ[31mЫЫЫЫЫЫЫЫЫЫЫ ЫЫЫЫЫЫЫЫЫ
[10CЫЫЫЫЫЫЫЫЯЫЫЫЫЫЫЫ[36mЫ[31mЫ[36mЫЬЬ[31mЫ[36mЫЬЬЬЫ[31mЫ[36mЫ[31mЫ[36mЫЬЬ[31mЫЫЫЫЫЫЫЫЫЫЫЫЬЯЫЫЫЫЫЫЫ
[10CЫЫЫЫЫЫЫ ЫЫЫЫЫЫЫЫЫЫЫЫЫЫЫЫЫЫЫЫЫ[41mЋЁЃc„rd![40mЫЫЫЫЫЫЫЫЫЫ ЫЫЫЫЫЫ
[11CЯЫЫЫЫ ЫЫЫЫЫЫЫЫЫЫЫЫЫЫЫЫЫЫЫЫЫЫЫЫЫЫЫЫЫЫЫЫЫЫЫЫЫЫЫЫЫ ЫЫЫЯ
[11C[33mЫ[31mЯЯЯЯ ЫЫЫ[41m [40mЫ[41mЫЯЫ[40mЫЫЫЫЫЫЫЫЫЫЫ Ы ЫЫЫЫЫЫЫЫЫЫ[41m [40mЫ[41mЫЯ[40mЫЫЫЫЫ ЯЯЯ[33mЬ
[11CЫЫЫЫЫЫЫ[31mЫЫЫ[41mЬЬЫ[40mЫЫЫЫЫЫЫЫЫЫЫ ЫЫЫ ЫЫЫЫЫЫЫЫЫЫ[41mЬЬ[40mЫЫЫЫЫ Ы [33mЫЫ
[11CЫЫЫЫЫЫЫЫ[0;33mЯ[1;43mЬЬЬЬЬЬЬЬЬЬЬЬЬ[0;33;40mЯ[1mЬ[31mЯЯЯЯ[33mЬ[0;33mЯ[1;43mЬЬЬЬЬЬЬЬЬЬЬЬЬЬ[0;33;40mЯ[1mЬЫЬЫЫЫ
[11CЫЫЫЫЫЫЫЫ   ЬЯЯЫЫЫЫЯЯЯЬЫЫЫЫЫЫЫЫЬЯЯЫЫЫЫЫЫЯЯЯ   ЫЫЫЫЫЫ
[12CЫЫЫЫЫЫЫ   ЫЫЫЬЬЬЬЫЫЫЫЫЫЫЫЫЫЫЫЫЫЫЬЬЬЬЬЬЫЫЫ  ЫЫЫЫЫЫЫЫ
[12CЫЫЫЫЫЫЫ    ЫЫЫЫЫЫЫЫЫЫЫЫЫЫЫЫЫЫЫЫЫЫЫЫЫЫЫЫЫ   ЫЫЫЫЫЫЫЫ
[11CЫЫЫЫЫЫЫ[6CЫЫЫЫЫЫЫЫЫЫЫЫЫЫЫЫЫЫЫЫЫЫЫЫЫЫЫ    ЫЫЫЫЫЫЫЫ
[11CЫЫЫЫЫЫЫ[6CЫЫЫЫЫЫЫЫЫЫЫЫЫЫЫЫЫЫЫЫЫЫЫЫЫЫ[5CЫЫЫЫЫЫЫЫ
[11CЫЫЫЫЫЫЫ[6CЫЫЫЫЫЫЫЫЫЫЫЫЫЫЫЫЫЫЫЫЫЫЫЫЫЫ    ЫЫЫЫЫЫЫЫЫ
[11CЫЫЫЫЫЫЫЫ    ЫЫЫЫЫЫЫЫЫЫЫЫЫЫЫЫЫЫЫЫЫЫЫЫЫЫЫ    ЫЫЫЫЫЫЫЫ
[12CЫЫЫЫЫЫЫ    ЫЫЫЫЫЫЫЫЫЫЫЫЫЯЫЫЫЫЫЫЫЫЫЫЫЫЫЫ   ЫЫЫЫЫЫЫЫ
[12CЫЫЫЫЫЫЫЫ   ЫЫЫЫЫЫЫЫЫЫЫЫЫЫЫЫЫЫЫЫЫЫЫЫЫЫЫЫ    ЫЫЫЫЫЫЫ
[13CЫЫЫЫЫЫЫ  ЫЫЫЫЫЫЫЫЫЫЫЫЫЫЫЫЫЫЫЫЫЫЫЫЫЫЫЫЫЫ  ЫЫЫЫЫЫЫ
[12CЫЫЫЫЫЫЫЫЫ ЫЫЫЫЫЫЫЫЫЫЫЫЫЫЫЫЫЫЫЫЫЫЫЫЫЫЫЫЫЫ ЫЫЫЫЫЫЫЫ
[11CЫЫЫЫЫЫЫЫЫ ЫЫЫЫЫЫЫЫЫЫЫЫЫЫЫЫЫЫЫЫЫЫЫЫЫЫЫЫЫЫЫЫ ЫЫЫЫЫЫЫЫ[0m[255D