###############################################################################
#
# IAR ELF Linker V7.50.1.10123/W32 for ARM                19/Jan/2017  10:01:49
# Copyright 2007-2015 IAR Systems AB.
#
#    Output file  =  
#        C:\Users\linask\Desktop\STM32_FSMC\Debug\Exe\STM32F429_FSMC.out
#    Map file     =  
#        C:\Users\linask\Desktop\STM32_FSMC\Debug\List\STM32F429_FSMC.map
#    Command line =  
#        C:\Users\linask\Desktop\STM32_FSMC\Debug\Obj\ethernet.o
#        C:\Users\linask\Desktop\STM32_FSMC\Debug\Obj\main.o
#        C:\Users\linask\Desktop\STM32_FSMC\Debug\Obj\misc.o
#        C:\Users\linask\Desktop\STM32_FSMC\Debug\Obj\socket.o
#        C:\Users\linask\Desktop\STM32_FSMC\Debug\Obj\startup_stm32f429_439xx.o
#        C:\Users\linask\Desktop\STM32_FSMC\Debug\Obj\stm32f429_sram.o
#        C:\Users\linask\Desktop\STM32_FSMC\Debug\Obj\stm32f4xx_adc.o
#        C:\Users\linask\Desktop\STM32_FSMC\Debug\Obj\stm32f4xx_crc.o
#        C:\Users\linask\Desktop\STM32_FSMC\Debug\Obj\stm32f4xx_dac.o
#        C:\Users\linask\Desktop\STM32_FSMC\Debug\Obj\stm32f4xx_dbgmcu.o
#        C:\Users\linask\Desktop\STM32_FSMC\Debug\Obj\stm32f4xx_dma.o
#        C:\Users\linask\Desktop\STM32_FSMC\Debug\Obj\stm32f4xx_dma2d.o
#        C:\Users\linask\Desktop\STM32_FSMC\Debug\Obj\stm32f4xx_exti.o
#        C:\Users\linask\Desktop\STM32_FSMC\Debug\Obj\stm32f4xx_flash.o
#        C:\Users\linask\Desktop\STM32_FSMC\Debug\Obj\stm32f4xx_fmc.o
#        C:\Users\linask\Desktop\STM32_FSMC\Debug\Obj\stm32f4xx_gpio.o
#        C:\Users\linask\Desktop\STM32_FSMC\Debug\Obj\stm32f4xx_i2c.o
#        C:\Users\linask\Desktop\STM32_FSMC\Debug\Obj\stm32f4xx_it.o
#        C:\Users\linask\Desktop\STM32_FSMC\Debug\Obj\stm32f4xx_iwdg.o
#        C:\Users\linask\Desktop\STM32_FSMC\Debug\Obj\stm32f4xx_pwr.o
#        C:\Users\linask\Desktop\STM32_FSMC\Debug\Obj\stm32f4xx_rcc.o
#        C:\Users\linask\Desktop\STM32_FSMC\Debug\Obj\stm32f4xx_rng.o
#        C:\Users\linask\Desktop\STM32_FSMC\Debug\Obj\stm32f4xx_spi.o
#        C:\Users\linask\Desktop\STM32_FSMC\Debug\Obj\stm32f4xx_syscfg.o
#        C:\Users\linask\Desktop\STM32_FSMC\Debug\Obj\stm32f4xx_tim.o
#        C:\Users\linask\Desktop\STM32_FSMC\Debug\Obj\stm32f4xx_usart.o
#        C:\Users\linask\Desktop\STM32_FSMC\Debug\Obj\stm32f4xx_wwdg.o
#        C:\Users\linask\Desktop\STM32_FSMC\Debug\Obj\system_stm32f4xx.o
#        C:\Users\linask\Desktop\STM32_FSMC\Debug\Obj\w5300.o -o
#        C:\Users\linask\Desktop\STM32_FSMC\Debug\Exe\STM32F429_FSMC.out --map
#        C:\Users\linask\Desktop\STM32_FSMC\Debug\List\STM32F429_FSMC.map
#        --config "C:\Program Files (x86)\IAR Systems\Embedded Workbench
#        7.3\arm\config\linker\ST\stm32f429xI.icf" --semihosting --entry
#        __iar_program_start "C:\Program Files (x86)\IAR Systems\Embedded
#        Workbench 7.3\arm\CMSIS\Lib\IAR\iar_cortexM4lf_math.a" --vfe
#
###############################################################################

*******************************************************************************
*** RUNTIME MODEL ATTRIBUTES
***

CppFlavor       = *
__SystemLibrary = DLib


*******************************************************************************
*** PLACEMENT SUMMARY
***

"A1":  place at 0x08000000 { ro section .intvec };
"P1":  place in [from 0x08000000 to 0x081fffff] { ro };
"P2":  place in [from 0x20000000 to 0x2002ffff] { rw, block CSTACK, block HEAP };

  Section            Kind        Address    Size  Object
  -------            ----        -------    ----  ------
"A1":                                      0x1ac
  .intvec            ro code  0x08000000   0x1ac  startup_stm32f429_439xx.o [1]
                            - 0x080001ac   0x1ac

"P1":                                     0x16c0
  .text              ro code  0x080001ac   0x66c  w5300.o [1]
  .text              ro code  0x08000818   0x468  socket.o [1]
  .text              ro code  0x08000c80   0x3a2  main.o [1]
  .text              ro code  0x08001022    0x12  stm32f4xx_it.o [1]
  .text              ro code  0x08001034   0x234  stm32f429_sram.o [1]
  .text              ro code  0x08001268    0x2c  stm32f4xx_rcc.o [1]
  .text              ro code  0x08001294    0x9a  stm32f4xx_gpio.o [1]
  .text              ro code  0x08001330   0x16c  stm32f4xx_fmc.o [1]
  .text              ro code  0x0800149c   0x104  system_stm32f4xx.o [1]
  .text              ro code  0x080015a0    0x40  zero_init3.o [5]
  .text              ro code  0x080015e0    0x38  packbits_init_single.o [5]
  .text              ro code  0x08001618    0x28  data_init.o [5]
  .text              ro code  0x08001640    0x22  fpinit_M.o [4]
  .iar.init_table    const    0x08001664    0x20  - Linker created -
  .text              ro code  0x08001684    0x1a  cmain.o [5]
  .text              ro code  0x0800169e     0x4  low_level_init.o [3]
  .text              ro code  0x080016a2     0x4  exit.o [3]
  .text              ro code  0x080016a8     0xa  cexit.o [5]
  .text              ro code  0x080016b4    0x14  exit.o [6]
  .text              ro code  0x080016c8    0x10  startup_stm32f429_439xx.o [1]
  .text              ro code  0x080016d8     0xc  cstartup_M.o [5]
  .text              ro code  0x080016e4     0x4  startup_stm32f429_439xx.o [1]
  .text              ro code  0x080016e8     0x4  startup_stm32f429_439xx.o [1]
  .text              ro code  0x080016ec     0x4  startup_stm32f429_439xx.o [1]
  .text              ro code  0x080016f0     0x4  startup_stm32f429_439xx.o [1]
  .text              ro code  0x080016f4     0x4  startup_stm32f429_439xx.o [1]
  .text              ro code  0x080016f8     0x4  startup_stm32f429_439xx.o [1]
  .text              ro code  0x080016fc     0x4  startup_stm32f429_439xx.o [1]
  .text              ro code  0x08001700     0x4  startup_stm32f429_439xx.o [1]
  .text              ro code  0x08001704     0x4  startup_stm32f429_439xx.o [1]
  .text              ro code  0x08001708     0x4  startup_stm32f429_439xx.o [1]
  .text              ro code  0x0800170c     0x4  startup_stm32f429_439xx.o [1]
  .text              ro code  0x08001710     0x4  startup_stm32f429_439xx.o [1]
  .text              ro code  0x08001714     0x4  startup_stm32f429_439xx.o [1]
  .text              ro code  0x08001718     0x4  startup_stm32f429_439xx.o [1]
  .text              ro code  0x0800171c     0x4  startup_stm32f429_439xx.o [1]
  .text              ro code  0x08001720     0x4  startup_stm32f429_439xx.o [1]
  .text              ro code  0x08001724     0x4  startup_stm32f429_439xx.o [1]
  .text              ro code  0x08001728     0x4  startup_stm32f429_439xx.o [1]
  .text              ro code  0x0800172c     0x4  startup_stm32f429_439xx.o [1]
  .text              ro code  0x08001730     0x4  startup_stm32f429_439xx.o [1]
  .text              ro code  0x08001734     0x4  startup_stm32f429_439xx.o [1]
  .text              ro code  0x08001738     0x4  startup_stm32f429_439xx.o [1]
  .text              ro code  0x0800173c     0x4  startup_stm32f429_439xx.o [1]
  .text              ro code  0x08001740     0x4  startup_stm32f429_439xx.o [1]
  .text              ro code  0x08001744     0x4  startup_stm32f429_439xx.o [1]
  .text              ro code  0x08001748     0x4  startup_stm32f429_439xx.o [1]
  .text              ro code  0x0800174c     0x4  startup_stm32f429_439xx.o [1]
  .text              ro code  0x08001750     0x4  startup_stm32f429_439xx.o [1]
  .text              ro code  0x08001754     0x4  startup_stm32f429_439xx.o [1]
  .text              ro code  0x08001758     0x4  startup_stm32f429_439xx.o [1]
  .text              ro code  0x0800175c     0x4  startup_stm32f429_439xx.o [1]
  .text              ro code  0x08001760     0x4  startup_stm32f429_439xx.o [1]
  .text              ro code  0x08001764     0x4  startup_stm32f429_439xx.o [1]
  .text              ro code  0x08001768     0x4  startup_stm32f429_439xx.o [1]
  .text              ro code  0x0800176c     0x4  startup_stm32f429_439xx.o [1]
  .text              ro code  0x08001770     0x4  startup_stm32f429_439xx.o [1]
  .text              ro code  0x08001774     0x4  startup_stm32f429_439xx.o [1]
  .text              ro code  0x08001778     0x4  startup_stm32f429_439xx.o [1]
  .text              ro code  0x0800177c     0x4  startup_stm32f429_439xx.o [1]
  .text              ro code  0x08001780     0x4  startup_stm32f429_439xx.o [1]
  .text              ro code  0x08001784     0x4  startup_stm32f429_439xx.o [1]
  .text              ro code  0x08001788     0x4  startup_stm32f429_439xx.o [1]
  .text              ro code  0x0800178c     0x4  startup_stm32f429_439xx.o [1]
  .text              ro code  0x08001790     0x4  startup_stm32f429_439xx.o [1]
  .text              ro code  0x08001794     0x4  startup_stm32f429_439xx.o [1]
  .text              ro code  0x08001798     0x4  startup_stm32f429_439xx.o [1]
  .text              ro code  0x0800179c     0x4  startup_stm32f429_439xx.o [1]
  .text              ro code  0x080017a0     0x4  startup_stm32f429_439xx.o [1]
  .text              ro code  0x080017a4     0x4  startup_stm32f429_439xx.o [1]
  .text              ro code  0x080017a8     0x4  startup_stm32f429_439xx.o [1]
  .text              ro code  0x080017ac     0x4  startup_stm32f429_439xx.o [1]
  .text              ro code  0x080017b0     0x4  startup_stm32f429_439xx.o [1]
  .text              ro code  0x080017b4     0x4  startup_stm32f429_439xx.o [1]
  .text              ro code  0x080017b8     0x4  startup_stm32f429_439xx.o [1]
  .text              ro code  0x080017bc     0x4  startup_stm32f429_439xx.o [1]
  .text              ro code  0x080017c0     0x4  startup_stm32f429_439xx.o [1]
  .text              ro code  0x080017c4     0x4  startup_stm32f429_439xx.o [1]
  .text              ro code  0x080017c8     0x4  startup_stm32f429_439xx.o [1]
  .text              ro code  0x080017cc     0x4  startup_stm32f429_439xx.o [1]
  .text              ro code  0x080017d0     0x4  startup_stm32f429_439xx.o [1]
  .text              ro code  0x080017d4     0x4  startup_stm32f429_439xx.o [1]
  .text              ro code  0x080017d8     0x4  startup_stm32f429_439xx.o [1]
  .text              ro code  0x080017dc     0x4  startup_stm32f429_439xx.o [1]
  .text              ro code  0x080017e0     0x4  startup_stm32f429_439xx.o [1]
  .text              ro code  0x080017e4     0x4  startup_stm32f429_439xx.o [1]
  .text              ro code  0x080017e8     0x4  startup_stm32f429_439xx.o [1]
  .text              ro code  0x080017ec     0x4  startup_stm32f429_439xx.o [1]
  .text              ro code  0x080017f0     0x4  startup_stm32f429_439xx.o [1]
  .text              ro code  0x080017f4     0x4  startup_stm32f429_439xx.o [1]
  .text              ro code  0x080017f8     0x4  startup_stm32f429_439xx.o [1]
  .text              ro code  0x080017fc     0x4  startup_stm32f429_439xx.o [1]
  .text              ro code  0x08001800     0x4  startup_stm32f429_439xx.o [1]
  .text              ro code  0x08001804     0x4  startup_stm32f429_439xx.o [1]
  .text              ro code  0x08001808     0x4  startup_stm32f429_439xx.o [1]
  .text              ro code  0x0800180c     0x4  startup_stm32f429_439xx.o [1]
  .text              ro code  0x08001810     0x4  startup_stm32f429_439xx.o [1]
  .text              ro code  0x08001814     0x4  startup_stm32f429_439xx.o [1]
  .text              ro code  0x08001818     0x4  startup_stm32f429_439xx.o [1]
  .text              ro code  0x0800181c     0x4  startup_stm32f429_439xx.o [1]
  .text              ro code  0x08001820     0x4  startup_stm32f429_439xx.o [1]
  .text              ro code  0x08001824     0x4  startup_stm32f429_439xx.o [1]
  .text              ro code  0x08001828     0x4  startup_stm32f429_439xx.o [1]
  .text              ro code  0x0800182c     0x4  startup_stm32f429_439xx.o [1]
  .text              ro code  0x08001830     0x4  startup_stm32f429_439xx.o [1]
  .text              ro code  0x08001834     0x4  startup_stm32f429_439xx.o [1]
  .text              ro code  0x08001838     0x4  startup_stm32f429_439xx.o [1]
  .text              ro code  0x0800183c     0x4  startup_stm32f429_439xx.o [1]
  .text              ro code  0x08001840     0x4  startup_stm32f429_439xx.o [1]
  .text              ro code  0x08001844     0x4  startup_stm32f429_439xx.o [1]
  .text              ro code  0x08001848     0x4  startup_stm32f429_439xx.o [1]
  .text              ro code  0x0800184c     0x4  startup_stm32f429_439xx.o [1]
  .rodata            const    0x08001850     0x0  zero_init3.o [5]
  .rodata            const    0x08001850     0x0  packbits_init_single.o [5]
  Initializer bytes  const    0x08001850    0x1c  <for P2-1>
                            - 0x0800186c  0x16c0

"P2", part 1 of 3:                          0x2c
  P2-1                        0x20000000    0x2c  <Init block>
    .data            inited   0x20000000    0x2c  main.o [1]
                            - 0x2000002c    0x2c

"P2", part 2 of 3:                        0x2000
  CSTACK                      0x20000030  0x2000  <Block>
    CSTACK           uninit   0x20000030  0x2000  <Block tail>
                            - 0x20002030  0x2000

"P2", part 3 of 3:                          0x54
  .bss               zero     0x20002030    0x48  w5300.o [1]
  .bss               zero     0x20002078     0xc  socket.o [1]
                            - 0x20002084    0x54


*******************************************************************************
*** INIT TABLE
***

          Address     Size
          -------     ----
Zero (__iar_zero_init3)
    1 destination range, total size 0x54:
          0x20002030  0x54

Copy/packbits (__iar_packbits_init_single3)
    1 source range, total size 0x1c (63% of destination):
          0x08001850  0x1c
    1 destination range, total size 0x2c:
          0x20000000  0x2c



*******************************************************************************
*** MODULE SUMMARY
***

    Module                     ro code  ro data  rw data
    ------                     -------  -------  -------
C:\Users\linask\Desktop\STM32_FSMC\Debug\Obj: [1]
    main.o                         930       28       44
    socket.o                     1 128                12
    startup_stm32f429_439xx.o      808
    stm32f429_sram.o               564
    stm32f4xx_fmc.o                364
    stm32f4xx_gpio.o               154
    stm32f4xx_it.o                  18
    stm32f4xx_rcc.o                 44
    system_stm32f4xx.o             260
    w5300.o                      1 644                72
    ----------------------------------------------------
    Total:                       5 914       28      128

command line: [2]
    ----------------------------------------------------
    Total:

dl7M_tln.a: [3]
    exit.o                           4
    low_level_init.o                 4
    ----------------------------------------------------
    Total:                           8

m7M_tls.a: [4]
    fpinit_M.o                      34
    ----------------------------------------------------
    Total:                          34

rt7M_tl.a: [5]
    cexit.o                         10
    cmain.o                         26
    cstartup_M.o                    12
    data_init.o                     40
    packbits_init_single.o          56
    zero_init3.o                    64
    ----------------------------------------------------
    Total:                         208

shb_l.a: [6]
    exit.o                          20
    ----------------------------------------------------
    Total:                          20

    Gaps                             6        2
    Linker created                           32    8 192
--------------------------------------------------------
    Grand Total:                 6 190       62    8 320


*******************************************************************************
*** ENTRY LIST
***

Entry                      Address   Size  Type      Object
-----                      -------   ----  ----      ------
.iar.init_table$$Base   0x08001664          --   Gb  - Linker created -
.iar.init_table$$Limit  0x08001684          --   Gb  - Linker created -
?main                   0x08001685         Code  Gb  cmain.o [5]
BusFault_Handler        0x08001029    0x2  Code  Gb  stm32f4xx_it.o [1]
CSTACK$$Base            0x20000030          --   Gb  - Linker created -
CSTACK$$Limit           0x20002030          --   Gb  - Linker created -
DebugMon_Handler        0x0800102f    0x2  Code  Gb  stm32f4xx_it.o [1]
Delay                   0x08000fe5   0x3e  Code  Gb  main.o [1]
FMC_NORSRAMCmd          0x08001471   0x1c  Code  Gb  stm32f4xx_fmc.o [1]
FMC_NORSRAMInit         0x08001331  0x140  Code  Gb  stm32f4xx_fmc.o [1]
GPIO_Init               0x08001295   0x72  Code  Gb  stm32f4xx_gpio.o [1]
GPIO_PinAFConfig        0x08001307   0x28  Code  Gb  stm32f4xx_gpio.o [1]
HardFault_Handler       0x08001025    0x2  Code  Gb  stm32f4xx_it.o [1]
ID                      0x20000000    0x2  Data  Gb  main.o [1]
IINCHIP_READ            0x080001ad   0x14  Code  Gb  w5300.o [1]
IINCHIP_WRITE           0x080001c1   0x14  Code  Gb  w5300.o [1]
MemManage_Handler       0x08001027    0x2  Code  Gb  stm32f4xx_it.o [1]
NMI_Handler             0x08001023    0x2  Code  Gb  stm32f4xx_it.o [1]
PendSV_Handler          0x08001031    0x2  Code  Gb  stm32f4xx_it.o [1]
RCC_AHB1PeriphClockCmd  0x08001269   0x12  Code  Gb  stm32f4xx_rcc.o [1]
RCC_AHB3PeriphClockCmd  0x0800127b   0x12  Code  Gb  stm32f4xx_rcc.o [1]
RXMEM_SIZE              0x20002050   0x20  Data  Gb  w5300.o [1]
Region$$Table$$Base     0x08001664          --   Gb  - Linker created -
Region$$Table$$Limit    0x08001684          --   Gb  - Linker created -
SRAM_GPIOConfig         0x080010e3  0x176  Code  Gb  stm32f429_sram.o [1]
SRAM_Init               0x08001035   0xae  Code  Gb  stm32f429_sram.o [1]
SVC_Handler             0x0800102d    0x2  Code  Gb  stm32f4xx_it.o [1]
SysTick_Handler         0x08001033    0x2  Code  Gb  stm32f4xx_it.o [1]
SystemInit              0x0800149d   0xec  Code  Gb  system_stm32f4xx.o [1]
TXMEM_SIZE              0x20002030   0x20  Data  Gb  w5300.o [1]
UsageFault_Handler      0x0800102b    0x2  Code  Gb  stm32f4xx_it.o [1]
__cmain                 0x08001685         Code  Gb  cmain.o [5]
__exit                  0x080016b5   0x14  Code  Gb  exit.o [6]
__iar_data_init3        0x08001619   0x28  Code  Gb  data_init.o [5]
__iar_init_vfp          0x08001641         Code  Gb  fpinit_M.o [4]
__iar_packbits_init_single3
                        0x080015e1   0x38  Code  Gb  packbits_init_single.o [5]
__iar_program_start     0x080016d9         Code  Gb  cstartup_M.o [5]
__iar_zero_init3        0x080015a1   0x40  Code  Gb  zero_init3.o [5]
__low_level_init        0x0800169f    0x4  Code  Gb  low_level_init.o [3]
__vector_table          0x08000000         Data  Gb  startup_stm32f429_439xx.o [1]
_call_main              0x08001691         Code  Gb  cmain.o [5]
_exit                   0x080016a9         Code  Gb  cexit.o [5]
_main                   0x0800169b         Code  Gb  cmain.o [5]
check_sendok_flag       0x2000207c    0x8  Data  Gb  socket.o [1]
close                   0x08000853   0xf8  Code  Gb  socket.o [1]
data_buf                0x20000004    0x4  Data  Gb  main.o [1]
disconnect              0x0800094b    0x6  Code  Gb  socket.o [1]
exit                    0x080016a3    0x4  Code  Gb  exit.o [3]
fmc_adr                 0x20002074    0x4  Data  Gb  w5300.o [1]
fmc_data                0x20002070    0x2  Data  Gb  w5300.o [1]
getGAR                  0x0800025f   0x32  Code  Gb  w5300.o [1]
getIINCHIP_TxMAX        0x080007d1    0x8  Code  Gb  w5300.o [1]
getSHAR                 0x080001d5   0x44  Code  Gb  w5300.o [1]
getSIPR                 0x0800031f   0x32  Code  Gb  w5300.o [1]
getSUBR                 0x080002bf   0x32  Code  Gb  w5300.o [1]
getSn_IR                0x080003c3   0x1c  Code  Gb  w5300.o [1]
getSn_MR                0x0800037f   0x1a  Code  Gb  w5300.o [1]
getSn_RX_RSR            0x080004ed   0x6c  Code  Gb  w5300.o [1]
getSn_SSR               0x080003f9   0x62  Code  Gb  w5300.o [1]
getSn_TX_FSR            0x08000483   0x6a  Code  Gb  w5300.o [1]
gw                      0x2000000c    0x4  Data  Gb  main.o [1]
iinchip_init            0x08000559   0x18  Code  Gb  w5300.o [1]
iinchip_source_port     0x20002078    0x2  Data  Gb  socket.o [1]
ip                      0x20000008    0x4  Data  Gb  main.o [1]
listen                  0x08000951   0x1c  Code  Gb  socket.o [1]
mac                     0x20000014    0x8  Data  Gb  main.o [1]
main                    0x08000c81  0x35e  Code  Gb  main.o [1]
recv                    0x080009fd   0x72  Code  Gb  socket.o [1]
recvfrom                0x08000b35  0x14c  Code  Gb  socket.o [1]
rx_mem_conf             0x20000024    0x8  Data  Gb  main.o [1]
send                    0x0800096d   0x84  Code  Gb  socket.o [1]
sendto                  0x08000a6f   0xc6  Code  Gb  socket.o [1]
setGAR                  0x08000291   0x2e  Code  Gb  w5300.o [1]
setSHAR                 0x08000219   0x46  Code  Gb  w5300.o [1]
setSIPR                 0x08000351   0x2e  Code  Gb  w5300.o [1]
setSUBR                 0x080002f1   0x2e  Code  Gb  w5300.o [1]
setSn_CR                0x08000399   0x2a  Code  Gb  w5300.o [1]
setSn_IR                0x080003df   0x1a  Code  Gb  w5300.o [1]
setSn_TX_WRSR           0x0800045b   0x28  Code  Gb  w5300.o [1]
sn                      0x20000010    0x4  Data  Gb  main.o [1]
socket                  0x08000819   0x3a  Code  Gb  socket.o [1]
sysinit                 0x08000571  0x202  Code  Gb  w5300.o [1]
tx_mem_conf             0x2000001c    0x8  Data  Gb  main.o [1]
wait_10ms               0x08000807   0x12  Code  Gb  w5300.o [1]
wait_1ms                0x08000805    0x2  Code  Gb  w5300.o [1]
wiz_read_buf            0x080007a3   0x2e  Code  Gb  w5300.o [1]
wiz_write_buf           0x08000775   0x2e  Code  Gb  w5300.o [1]


[1] = C:\Users\linask\Desktop\STM32_FSMC\Debug\Obj
[2] = command line
[3] = dl7M_tln.a
[4] = m7M_tls.a
[5] = rt7M_tl.a
[6] = shb_l.a

  6 190 bytes of readonly  code memory
     62 bytes of readonly  data memory
  8 320 bytes of readwrite data memory

Errors: none
Warnings: none
